2026-01-16 12:02:47.857 [info] [main] Log level: Info
2026-01-16 12:02:47.857 [info] [main] Validating found git in: "git"
2026-01-16 12:02:47.857 [info] [main] Using git "2.52.0" from "git"
2026-01-16 12:02:47.857 [info] [Model][doInitialScan] Initial repository scan started
2026-01-16 12:02:47.857 [info] > git rev-parse --show-toplevel [2ms]
2026-01-16 12:02:47.857 [info] fatal: not a git repository (or any of the parent directories): .git
2026-01-16 12:02:47.857 [info] > git rev-parse --show-toplevel [0ms]
2026-01-16 12:02:47.857 [info] fatal: not a git repository (or any of the parent directories): .git
2026-01-16 12:02:47.857 [info] [Model][doInitialScan] Initial repository scan completed - repositories (0), closed repositories (0), parent repositories (0), unsafe repositories (0)
2026-01-16 12:02:47.857 [info] > git rev-parse --show-toplevel [1ms]
2026-01-16 12:02:47.857 [info] fatal: not a git repository (or any of the parent directories): .git
2026-01-16 12:02:47.982 [info] > git rev-parse --show-toplevel [1ms]
2026-01-16 12:02:47.982 [info] fatal: not a git repository (or any of the parent directories): .git
2026-01-16 12:02:48.038 [info] > git rev-parse --show-toplevel [1ms]
2026-01-16 12:02:48.038 [info] fatal: not a git repository (or any of the parent directories): .git
2026-01-16 12:02:49.765 [info] > git rev-parse --show-toplevel [2ms]
2026-01-16 12:02:49.765 [info] fatal: not a git repository (or any of the parent directories): .git
2026-01-16 12:06:33.060 [info] [main] Log level: Info
2026-01-16 12:06:33.060 [info] [main] Validating found git in: "git"
2026-01-16 12:06:33.060 [info] [main] Using git "2.52.0" from "git"
2026-01-16 12:06:33.060 [info] [Model][doInitialScan] Initial repository scan started
2026-01-16 12:06:33.060 [info] [Model][doInitialScan] Initial repository scan completed - repositories (0), closed repositories (0), parent repositories (0), unsafe repositories (0)
