2026-01-13 22:02:40.159 [info] Reading sessions from keychain...
2026-01-13 22:02:40.159 [info] Getting sessions for all scopes...
2026-01-13 22:02:40.193 [info] Got stored sessions!
2026-01-13 22:02:40.193 [info] Got 1 verified sessions.
2026-01-13 22:02:40.193 [info] Got 1 sessions for ...
2026-01-13 22:02:40.193 [info] Getting sessions for all scopes...
2026-01-13 22:02:40.193 [info] Got 1 sessions for ...
2026-01-13 22:02:40.193 [info] Getting sessions for all scopes...
2026-01-13 22:02:40.193 [info] Got 1 sessions for ...
2026-01-13 22:02:40.193 [info] Getting sessions for all scopes...
2026-01-13 22:02:40.193 [info] Got 1 sessions for ...
2026-01-13 22:02:40.193 [info] Getting sessions for all scopes...
2026-01-13 22:02:40.193 [info] Got 1 sessions for ...
2026-01-13 22:02:40.194 [info] Getting sessions for all scopes...
2026-01-13 22:02:40.194 [info] Got 1 sessions for ...
2026-01-13 22:02:40.194 [info] Getting sessions for all scopes...
2026-01-13 22:02:40.194 [info] Got 1 sessions for ...
2026-01-13 22:02:40.194 [info] Getting sessions for all scopes...
2026-01-13 22:02:40.194 [info] Got 1 sessions for ...
2026-01-13 22:02:40.194 [info] Getting sessions for all scopes...
2026-01-13 22:02:40.194 [info] Got 1 sessions for ...
2026-01-13 22:02:40.194 [info] Getting sessions for all scopes...
2026-01-13 22:02:40.194 [info] Got 1 sessions for ...
2026-01-13 22:02:40.194 [info] Getting sessions for all scopes...
2026-01-13 22:02:40.194 [info] Got 1 sessions for ...
2026-01-13 22:02:40.196 [info] Getting sessions for all scopes...
2026-01-13 22:02:40.196 [info] Got 1 sessions for ...
2026-01-13 22:02:40.196 [info] Getting sessions for all scopes...
2026-01-13 22:02:40.196 [info] Got 1 sessions for ...
2026-01-13 22:02:40.196 [info] Getting sessions for all scopes...
2026-01-13 22:02:40.196 [info] Got 1 sessions for ...
2026-01-13 22:02:40.196 [info] Getting sessions for all scopes...
2026-01-13 22:02:40.196 [info] Got 1 sessions for ...
2026-01-13 22:02:40.200 [info] Getting sessions for all scopes...
2026-01-13 22:02:40.200 [info] Got 1 sessions for ...
2026-01-13 22:02:42.458 [info] Reading sessions from keychain...
2026-01-13 22:02:42.458 [info] Getting sessions for all scopes...
2026-01-13 22:02:42.514 [info] Got stored sessions!
2026-01-13 22:02:42.514 [info] Got 1 verified sessions.
2026-01-13 22:02:42.514 [info] Got 1 sessions for ...
2026-01-13 22:02:42.514 [info] Getting sessions for all scopes...
2026-01-13 22:02:42.514 [info] Got 1 sessions for ...
2026-01-13 22:02:42.514 [info] Getting sessions for all scopes...
2026-01-13 22:02:42.514 [info] Got 1 sessions for ...
2026-01-13 22:02:42.514 [info] Getting sessions for all scopes...
2026-01-13 22:02:42.514 [info] Got 1 sessions for ...
2026-01-13 22:02:42.514 [info] Getting sessions for all scopes...
2026-01-13 22:02:42.514 [info] Got 1 sessions for ...
2026-01-13 22:02:42.515 [info] Getting sessions for all scopes...
2026-01-13 22:02:42.515 [info] Got 1 sessions for ...
2026-01-13 22:02:42.515 [info] Getting sessions for all scopes...
2026-01-13 22:02:42.515 [info] Got 1 sessions for ...
2026-01-13 22:02:42.515 [info] Getting sessions for all scopes...
2026-01-13 22:02:42.515 [info] Got 1 sessions for ...
2026-01-13 22:02:42.534 [info] Getting sessions for all scopes...
2026-01-13 22:02:42.534 [info] Got 1 sessions for ...
2026-01-13 22:02:42.534 [info] Getting sessions for all scopes...
2026-01-13 22:02:42.534 [info] Got 1 sessions for ...
2026-01-13 22:02:42.534 [info] Getting sessions for all scopes...
2026-01-13 22:02:42.534 [info] Got 1 sessions for ...
2026-01-13 22:02:42.534 [info] Getting sessions for all scopes...
2026-01-13 22:02:42.534 [info] Got 1 sessions for ...
2026-01-13 22:02:42.534 [info] Getting sessions for all scopes...
2026-01-13 22:02:42.534 [info] Got 1 sessions for ...
2026-01-13 22:02:42.535 [info] Getting sessions for all scopes...
2026-01-13 22:02:42.535 [info] Got 1 sessions for ...
2026-01-13 22:02:42.608 [info] Getting sessions for all scopes...
2026-01-13 22:02:42.609 [info] Got 1 sessions for ...
2026-01-13 22:02:43.604 [info] FetcherService: Electron fetch failed with status: 429 
2026-01-13 22:02:43.862 [info] FetcherService: Node fetch failed with status: 429 Too Many Requests
2026-01-13 22:02:44.106 [info] FetcherService: Node http/s failed with status: 429 Too Many Requests
2026-01-13 22:02:44.454 [info] Getting sessions for all scopes...
2026-01-13 22:02:44.454 [info] Got 1 sessions for ...
2026-01-13 22:08:21.056 [info] Reading sessions from keychain...
2026-01-13 22:08:21.056 [info] Getting sessions for all scopes...
2026-01-13 22:08:21.056 [info] Got stored sessions!
2026-01-13 22:08:21.056 [info] Got 1 verified sessions.
2026-01-13 22:08:21.056 [info] Got 1 sessions for ...
2026-01-13 22:08:21.056 [info] Getting sessions for all scopes...
2026-01-13 22:08:21.056 [info] Got 1 sessions for ...
2026-01-13 22:08:21.056 [info] Getting sessions for all scopes...
2026-01-13 22:08:21.056 [info] Got 1 sessions for ...
2026-01-13 22:08:21.056 [info] Getting sessions for all scopes...
2026-01-13 22:08:21.056 [info] Got 1 sessions for ...
2026-01-13 22:08:21.056 [info] Getting sessions for all scopes...
2026-01-13 22:08:21.056 [info] Got 1 sessions for ...
2026-01-13 22:08:21.056 [info] Getting sessions for all scopes...
2026-01-13 22:08:21.056 [info] Got 1 sessions for ...
2026-01-13 22:08:22.320 [info] FetcherService: Electron fetch failed with status: 429 
2026-01-13 22:08:22.566 [info] FetcherService: Node fetch failed with status: 429 Too Many Requests
2026-01-13 22:08:22.792 [info] FetcherService: Node http/s failed with status: 429 Too Many Requests
2026-01-13 22:08:25.411 [info] Getting sessions for all scopes...
2026-01-13 22:08:25.411 [info] Got 1 sessions for ...
2026-01-13 22:08:25.411 [info] Getting sessions for all scopes...
2026-01-13 22:08:25.411 [info] Got 1 sessions for ...
2026-01-13 22:08:25.411 [info] Getting sessions for all scopes...
2026-01-13 22:08:25.411 [info] Got 1 sessions for ...
2026-01-13 22:08:25.411 [info] Getting sessions for all scopes...
2026-01-13 22:08:25.411 [info] Got 1 sessions for ...
2026-01-13 22:08:25.411 [info] Getting sessions for all scopes...
2026-01-13 22:08:25.411 [info] Got 1 sessions for ...
2026-01-13 22:08:25.413 [info] Getting sessions for all scopes...
2026-01-13 22:08:25.413 [info] Got 1 sessions for ...
2026-01-13 22:08:25.413 [info] Getting sessions for all scopes...
2026-01-13 22:08:25.413 [info] Got 1 sessions for ...
2026-01-13 22:08:25.414 [info] Getting sessions for all scopes...
2026-01-13 22:08:25.414 [info] Got 1 sessions for ...
2026-01-13 22:08:25.414 [info] Getting sessions for all scopes...
2026-01-13 22:08:25.414 [info] Got 1 sessions for ...
2026-01-13 22:08:25.414 [info] Getting sessions for all scopes...
2026-01-13 22:08:25.414 [info] Got 1 sessions for ...
2026-01-13 22:08:56.510 [info] Reading sessions from keychain...
2026-01-13 22:08:56.510 [info] Getting sessions for all scopes...
2026-01-13 22:08:56.527 [info] Got stored sessions!
2026-01-13 22:08:56.528 [info] Got 1 verified sessions.
2026-01-13 22:08:56.528 [info] Got 1 sessions for ...
2026-01-13 22:08:56.528 [info] Getting sessions for all scopes...
2026-01-13 22:08:56.528 [info] Got 1 sessions for ...
2026-01-13 22:08:56.528 [info] Getting sessions for all scopes...
2026-01-13 22:08:56.528 [info] Got 1 sessions for ...
2026-01-13 22:08:56.528 [info] Getting sessions for all scopes...
2026-01-13 22:08:56.528 [info] Got 1 sessions for ...
2026-01-13 22:08:56.528 [info] Getting sessions for all scopes...
2026-01-13 22:08:56.528 [info] Got 1 sessions for ...
2026-01-13 22:08:56.529 [info] Getting sessions for all scopes...
2026-01-13 22:08:56.529 [info] Got 1 sessions for ...
2026-01-13 22:08:57.628 [info] FetcherService: Electron fetch failed with status: 429 
2026-01-13 22:08:57.870 [info] FetcherService: Node fetch failed with status: 429 Too Many Requests
2026-01-13 22:08:58.111 [info] FetcherService: Node http/s failed with status: 429 Too Many Requests
2026-01-13 22:08:59.118 [info] Getting sessions for all scopes...
2026-01-13 22:08:59.118 [info] Got 1 sessions for ...
2026-01-13 22:08:59.119 [info] Getting sessions for all scopes...
2026-01-13 22:08:59.119 [info] Got 1 sessions for ...
2026-01-13 22:08:59.119 [info] Getting sessions for all scopes...
2026-01-13 22:08:59.119 [info] Got 1 sessions for ...
2026-01-13 22:08:59.119 [info] Getting sessions for all scopes...
2026-01-13 22:08:59.119 [info] Got 1 sessions for ...
2026-01-13 22:08:59.119 [info] Getting sessions for all scopes...
2026-01-13 22:08:59.119 [info] Got 1 sessions for ...
2026-01-13 22:08:59.122 [info] Getting sessions for all scopes...
2026-01-13 22:08:59.122 [info] Got 1 sessions for ...
2026-01-13 22:08:59.123 [info] Getting sessions for all scopes...
2026-01-13 22:08:59.123 [info] Got 1 sessions for ...
2026-01-13 22:08:59.123 [info] Getting sessions for all scopes...
2026-01-13 22:08:59.123 [info] Got 1 sessions for ...
2026-01-13 22:08:59.123 [info] Getting sessions for all scopes...
2026-01-13 22:08:59.123 [info] Got 1 sessions for ...
2026-01-13 22:08:59.123 [info] Getting sessions for all scopes...
2026-01-13 22:08:59.123 [info] Got 1 sessions for ...
2026-01-13 22:23:00.691 [info] Reading sessions from keychain...
2026-01-13 22:23:00.691 [info] Got stored sessions!
2026-01-13 22:23:00.691 [info] Got 1 verified sessions.
2026-01-13 22:23:00.694 [info] Getting sessions for all scopes...
2026-01-13 22:23:00.694 [info] Got 1 sessions for ...
2026-01-13 22:23:00.694 [info] Getting sessions for all scopes...
2026-01-13 22:23:00.694 [info] Got 1 sessions for ...
2026-01-13 22:23:00.694 [info] Getting sessions for all scopes...
2026-01-13 22:23:00.694 [info] Got 1 sessions for ...
2026-01-13 22:23:00.701 [info] Getting sessions for all scopes...
2026-01-13 22:23:00.701 [info] Got 1 sessions for ...
2026-01-13 22:23:00.701 [info] Getting sessions for all scopes...
2026-01-13 22:23:00.701 [info] Got 1 sessions for ...
2026-01-13 22:23:00.701 [info] Getting sessions for all scopes...
2026-01-13 22:23:00.701 [info] Got 1 sessions for ...
2026-01-13 22:23:00.701 [info] Getting sessions for all scopes...
2026-01-13 22:23:00.701 [info] Got 1 sessions for ...
2026-01-13 22:23:00.702 [info] Getting sessions for all scopes...
2026-01-13 22:23:00.702 [info] Got 1 sessions for ...
2026-01-13 22:23:00.702 [info] Getting sessions for all scopes...
2026-01-13 22:23:00.702 [info] Got 1 sessions for ...
2026-01-13 22:23:00.716 [info] Getting sessions for all scopes...
2026-01-13 22:23:00.716 [info] Got 1 sessions for ...
2026-01-13 22:23:00.717 [info] Getting sessions for all scopes...
2026-01-13 22:23:00.717 [info] Got 1 sessions for ...
2026-01-13 22:23:00.717 [info] Getting sessions for all scopes...
2026-01-13 22:23:00.717 [info] Got 1 sessions for ...
2026-01-13 22:23:00.717 [info] Getting sessions for all scopes...
2026-01-13 22:23:00.717 [info] Got 1 sessions for ...
2026-01-13 22:23:00.717 [info] Getting sessions for all scopes...
2026-01-13 22:23:00.717 [info] Got 1 sessions for ...
2026-01-13 22:23:00.718 [info] Getting sessions for all scopes...
2026-01-13 22:23:00.718 [info] Got 1 sessions for ...
2026-01-13 22:23:01.937 [info] FetcherService: Electron fetch failed with status: 429 
2026-01-13 22:23:02.207 [info] FetcherService: Node fetch failed with status: 429 Too Many Requests
2026-01-13 22:23:02.434 [info] FetcherService: Node http/s failed with status: 429 Too Many Requests
2026-01-13 22:23:02.755 [info] Getting sessions for all scopes...
2026-01-13 22:23:02.755 [info] Got 1 sessions for ...
