2026-01-19 17:08:02.018 [info] Reading sessions from keychain...
2026-01-19 17:08:02.018 [info] Getting sessions for all scopes...
2026-01-19 17:08:02.025 [info] Got stored sessions!
2026-01-19 17:08:02.025 [info] Got 1 verified sessions.
2026-01-19 17:08:02.025 [info] Got 1 sessions for ...
2026-01-19 17:08:02.025 [info] Getting sessions for all scopes...
2026-01-19 17:08:02.025 [info] Got 1 sessions for ...
2026-01-19 17:08:02.025 [info] Getting sessions for all scopes...
2026-01-19 17:08:02.025 [info] Got 1 sessions for ...
2026-01-19 17:08:02.025 [info] Getting sessions for all scopes...
2026-01-19 17:08:02.025 [info] Got 1 sessions for ...
2026-01-19 17:08:02.025 [info] Getting sessions for all scopes...
2026-01-19 17:08:02.025 [info] Got 1 sessions for ...
2026-01-19 17:08:02.025 [info] Getting sessions for all scopes...
2026-01-19 17:08:02.025 [info] Got 1 sessions for ...
2026-01-19 17:08:02.025 [info] Getting sessions for all scopes...
2026-01-19 17:08:02.025 [info] Got 1 sessions for ...
2026-01-19 17:08:02.025 [info] Getting sessions for all scopes...
2026-01-19 17:08:02.025 [info] Got 1 sessions for ...
2026-01-19 17:08:02.025 [info] Getting sessions for all scopes...
2026-01-19 17:08:02.025 [info] Got 1 sessions for ...
2026-01-19 17:08:02.025 [info] Getting sessions for all scopes...
2026-01-19 17:08:02.025 [info] Got 1 sessions for ...
2026-01-19 17:08:02.026 [info] Getting sessions for all scopes...
2026-01-19 17:08:02.026 [info] Got 1 sessions for ...
2026-01-19 17:08:02.027 [info] Getting sessions for all scopes...
2026-01-19 17:08:02.027 [info] Got 1 sessions for ...
2026-01-19 17:08:02.027 [info] Getting sessions for all scopes...
2026-01-19 17:08:02.027 [info] Got 1 sessions for ...
2026-01-19 17:08:02.027 [info] Getting sessions for all scopes...
2026-01-19 17:08:02.027 [info] Got 1 sessions for ...
2026-01-19 17:08:02.027 [info] Getting sessions for all scopes...
2026-01-19 17:08:02.027 [info] Got 1 sessions for ...
2026-01-19 17:08:02.027 [info] Getting sessions for all scopes...
2026-01-19 17:08:02.027 [info] Got 1 sessions for ...
2026-01-19 17:08:03.305 [info] FetcherService: Electron fetch failed with status: 429 
2026-01-19 17:08:03.550 [info] FetcherService: Node fetch failed with status: 429 Too Many Requests
2026-01-19 17:08:03.784 [info] FetcherService: Node http/s failed with status: 429 Too Many Requests
2026-01-19 17:08:56.966 [info] Reading sessions from keychain...
2026-01-19 17:08:56.966 [info] Getting sessions for all scopes...
2026-01-19 17:08:56.966 [info] Got stored sessions!
2026-01-19 17:08:56.966 [info] Got 1 verified sessions.
2026-01-19 17:08:56.966 [info] Got 1 sessions for ...
2026-01-19 17:08:56.966 [info] Getting sessions for all scopes...
2026-01-19 17:08:56.966 [info] Got 1 sessions for ...
2026-01-19 17:08:56.966 [info] Getting sessions for all scopes...
2026-01-19 17:08:56.966 [info] Got 1 sessions for ...
2026-01-19 17:08:56.966 [info] Getting sessions for all scopes...
2026-01-19 17:08:56.966 [info] Got 1 sessions for ...
2026-01-19 17:08:56.966 [info] Getting sessions for all scopes...
2026-01-19 17:08:56.966 [info] Got 1 sessions for ...
2026-01-19 17:08:56.966 [info] Getting sessions for all scopes...
2026-01-19 17:08:56.966 [info] Got 1 sessions for ...
2026-01-19 17:08:56.966 [info] Getting sessions for all scopes...
2026-01-19 17:08:56.966 [info] Got 1 sessions for ...
2026-01-19 17:08:56.966 [info] Getting sessions for all scopes...
2026-01-19 17:08:56.966 [info] Got 1 sessions for ...
2026-01-19 17:08:56.966 [info] Getting sessions for all scopes...
2026-01-19 17:08:56.966 [info] Got 1 sessions for ...
2026-01-19 17:08:56.966 [info] Getting sessions for all scopes...
2026-01-19 17:08:56.966 [info] Got 1 sessions for ...
2026-01-19 17:08:56.966 [info] Getting sessions for all scopes...
2026-01-19 17:08:56.966 [info] Got 1 sessions for ...
2026-01-19 17:08:56.966 [info] Getting sessions for all scopes...
2026-01-19 17:08:56.966 [info] Got 1 sessions for ...
2026-01-19 17:08:56.966 [info] Getting sessions for all scopes...
2026-01-19 17:08:56.966 [info] Got 1 sessions for ...
2026-01-19 17:08:57.024 [info] Getting sessions for all scopes...
2026-01-19 17:08:57.024 [info] Got 1 sessions for ...
2026-01-19 17:08:57.359 [info] Getting sessions for all scopes...
2026-01-19 17:08:57.359 [info] Got 1 sessions for ...
2026-01-19 17:08:58.067 [info] FetcherService: Electron fetch failed with status: 429 
2026-01-19 17:08:58.343 [info] FetcherService: Node fetch failed with status: 429 Too Many Requests
2026-01-19 17:08:58.572 [info] FetcherService: Node http/s failed with status: 429 Too Many Requests
2026-01-19 17:08:59.065 [info] Getting sessions for all scopes...
2026-01-19 17:08:59.065 [info] Got 1 sessions for ...
