2026-01-16 12:07:03.094 [info] Reading sessions from keychain...
2026-01-16 12:07:03.094 [info] Getting sessions for all scopes...
2026-01-16 12:07:03.094 [info] Got stored sessions!
2026-01-16 12:07:03.094 [info] Got 1 verified sessions.
2026-01-16 12:07:03.094 [info] Got 1 sessions for ...
2026-01-16 12:07:03.094 [info] Getting sessions for all scopes...
2026-01-16 12:07:03.094 [info] Got 1 sessions for ...
2026-01-16 12:07:03.094 [info] Getting sessions for all scopes...
2026-01-16 12:07:03.094 [info] Got 1 sessions for ...
2026-01-16 12:07:03.094 [info] Getting sessions for all scopes...
2026-01-16 12:07:03.094 [info] Got 1 sessions for ...
2026-01-16 12:07:03.094 [info] Getting sessions for all scopes...
2026-01-16 12:07:03.094 [info] Got 1 sessions for ...
2026-01-16 12:07:03.120 [info] Getting sessions for all scopes...
2026-01-16 12:07:03.120 [info] Got 1 sessions for ...
2026-01-16 12:07:04.182 [info] FetcherService: Electron fetch failed with status: 429 
2026-01-16 12:07:04.430 [info] FetcherService: Node fetch failed with status: 429 Too Many Requests
2026-01-16 12:07:04.668 [info] FetcherService: Node http/s failed with status: 429 Too Many Requests
2026-01-16 12:07:18.243 [info] Getting sessions for all scopes...
2026-01-16 12:07:18.243 [info] Got 1 sessions for ...
2026-01-16 12:07:18.243 [info] Getting sessions for all scopes...
2026-01-16 12:07:18.243 [info] Got 1 sessions for ...
2026-01-16 12:07:18.243 [info] Getting sessions for all scopes...
2026-01-16 12:07:18.243 [info] Got 1 sessions for ...
2026-01-16 12:07:18.243 [info] Getting sessions for all scopes...
2026-01-16 12:07:18.243 [info] Got 1 sessions for ...
2026-01-16 12:07:18.244 [info] Getting sessions for all scopes...
2026-01-16 12:07:18.244 [info] Got 1 sessions for ...
2026-01-16 12:07:18.245 [info] Getting sessions for all scopes...
2026-01-16 12:07:18.245 [info] Got 1 sessions for ...
2026-01-16 12:07:18.245 [info] Getting sessions for all scopes...
2026-01-16 12:07:18.245 [info] Got 1 sessions for ...
2026-01-16 12:07:18.245 [info] Getting sessions for all scopes...
2026-01-16 12:07:18.245 [info] Got 1 sessions for ...
2026-01-16 12:07:18.245 [info] Getting sessions for all scopes...
2026-01-16 12:07:18.245 [info] Got 1 sessions for ...
2026-01-16 12:07:18.245 [info] Getting sessions for all scopes...
2026-01-16 12:07:18.245 [info] Got 1 sessions for ...
2026-01-16 12:07:49.142 [info] Reading sessions from keychain...
2026-01-16 12:07:49.142 [info] Getting sessions for all scopes...
2026-01-16 12:07:49.160 [info] Got stored sessions!
2026-01-16 12:07:49.160 [info] Got 1 verified sessions.
2026-01-16 12:07:49.160 [info] Got 1 sessions for ...
2026-01-16 12:07:49.160 [info] Getting sessions for all scopes...
2026-01-16 12:07:49.160 [info] Got 1 sessions for ...
2026-01-16 12:07:49.160 [info] Getting sessions for all scopes...
2026-01-16 12:07:49.160 [info] Got 1 sessions for ...
2026-01-16 12:07:49.160 [info] Getting sessions for all scopes...
2026-01-16 12:07:49.160 [info] Got 1 sessions for ...
2026-01-16 12:07:49.160 [info] Getting sessions for all scopes...
2026-01-16 12:07:49.160 [info] Got 1 sessions for ...
2026-01-16 12:07:49.162 [info] Getting sessions for all scopes...
2026-01-16 12:07:49.162 [info] Got 1 sessions for ...
2026-01-16 12:07:50.253 [info] FetcherService: Electron fetch failed with status: 429 
2026-01-16 12:07:50.506 [info] FetcherService: Node fetch failed with status: 429 Too Many Requests
2026-01-16 12:07:50.748 [info] FetcherService: Node http/s failed with status: 429 Too Many Requests
2026-01-16 12:07:51.189 [info] Getting sessions for all scopes...
2026-01-16 12:07:51.189 [info] Got 1 sessions for ...
2026-01-16 12:07:51.189 [info] Getting sessions for all scopes...
2026-01-16 12:07:51.189 [info] Got 1 sessions for ...
2026-01-16 12:07:51.189 [info] Getting sessions for all scopes...
2026-01-16 12:07:51.189 [info] Got 1 sessions for ...
2026-01-16 12:07:51.189 [info] Getting sessions for all scopes...
2026-01-16 12:07:51.189 [info] Got 1 sessions for ...
2026-01-16 12:07:51.189 [info] Getting sessions for all scopes...
2026-01-16 12:07:51.189 [info] Got 1 sessions for ...
2026-01-16 12:07:51.191 [info] Getting sessions for all scopes...
2026-01-16 12:07:51.191 [info] Got 1 sessions for ...
2026-01-16 12:07:51.191 [info] Getting sessions for all scopes...
2026-01-16 12:07:51.191 [info] Got 1 sessions for ...
2026-01-16 12:07:51.191 [info] Getting sessions for all scopes...
2026-01-16 12:07:51.191 [info] Got 1 sessions for ...
2026-01-16 12:07:51.191 [info] Getting sessions for all scopes...
2026-01-16 12:07:51.191 [info] Got 1 sessions for ...
2026-01-16 12:07:51.192 [info] Getting sessions for all scopes...
2026-01-16 12:07:51.192 [info] Got 1 sessions for ...
2026-01-16 12:29:09.055 [info] Reading sessions from keychain...
2026-01-16 12:29:09.067 [info] Getting sessions for all scopes...
2026-01-16 12:29:09.077 [info] Got stored sessions!
2026-01-16 12:29:09.078 [info] Got 1 verified sessions.
2026-01-16 12:29:09.078 [info] Got 1 sessions for ...
2026-01-16 12:29:09.078 [info] Getting sessions for all scopes...
2026-01-16 12:29:09.078 [info] Got 1 sessions for ...
2026-01-16 12:29:09.078 [info] Getting sessions for all scopes...
2026-01-16 12:29:09.078 [info] Got 1 sessions for ...
2026-01-16 12:29:09.078 [info] Getting sessions for all scopes...
2026-01-16 12:29:09.078 [info] Got 1 sessions for ...
2026-01-16 12:29:09.078 [info] Getting sessions for all scopes...
2026-01-16 12:29:09.078 [info] Got 1 sessions for ...
2026-01-16 12:29:09.078 [info] Getting sessions for all scopes...
2026-01-16 12:29:09.078 [info] Got 1 sessions for ...
2026-01-16 12:29:09.078 [info] Getting sessions for all scopes...
2026-01-16 12:29:09.078 [info] Got 1 sessions for ...
2026-01-16 12:29:09.078 [info] Getting sessions for all scopes...
2026-01-16 12:29:09.078 [info] Got 1 sessions for ...
2026-01-16 12:29:09.078 [info] Getting sessions for all scopes...
2026-01-16 12:29:09.078 [info] Got 1 sessions for ...
2026-01-16 12:29:09.078 [info] Getting sessions for all scopes...
2026-01-16 12:29:09.078 [info] Got 1 sessions for ...
2026-01-16 12:29:09.079 [info] Getting sessions for all scopes...
2026-01-16 12:29:09.079 [info] Got 1 sessions for ...
2026-01-16 12:29:09.079 [info] Getting sessions for all scopes...
2026-01-16 12:29:09.079 [info] Got 1 sessions for ...
2026-01-16 12:29:09.079 [info] Getting sessions for all scopes...
2026-01-16 12:29:09.079 [info] Got 1 sessions for ...
2026-01-16 12:29:09.080 [info] Getting sessions for all scopes...
2026-01-16 12:29:09.080 [info] Got 1 sessions for ...
2026-01-16 12:29:09.080 [info] Getting sessions for all scopes...
2026-01-16 12:29:09.080 [info] Got 1 sessions for ...
2026-01-16 12:29:09.080 [info] Getting sessions for all scopes...
2026-01-16 12:29:09.080 [info] Got 1 sessions for ...
2026-01-16 12:29:09.365 [info] Getting sessions for all scopes...
2026-01-16 12:29:09.365 [info] Got 1 sessions for ...
2026-01-16 12:29:10.314 [info] FetcherService: Electron fetch failed with status: 429 
2026-01-16 12:29:10.572 [info] FetcherService: Node fetch failed with status: 429 Too Many Requests
2026-01-16 12:29:10.808 [info] FetcherService: Node http/s failed with status: 429 Too Many Requests
2026-01-16 12:29:17.643 [info] Reading sessions from keychain...
2026-01-16 12:29:17.643 [info] Got stored sessions!
2026-01-16 12:29:17.643 [info] Got 1 verified sessions.
2026-01-16 12:29:17.643 [info] Getting sessions for all scopes...
2026-01-16 12:29:17.643 [info] Got 1 sessions for ...
2026-01-16 12:29:17.643 [info] Getting sessions for all scopes...
2026-01-16 12:29:17.643 [info] Got 1 sessions for ...
2026-01-16 12:29:17.643 [info] Getting sessions for all scopes...
2026-01-16 12:29:17.643 [info] Got 1 sessions for ...
2026-01-16 12:29:17.643 [info] Getting sessions for all scopes...
2026-01-16 12:29:17.643 [info] Got 1 sessions for ...
2026-01-16 12:29:17.643 [info] Getting sessions for all scopes...
2026-01-16 12:29:17.643 [info] Got 1 sessions for ...
2026-01-16 12:29:17.643 [info] Getting sessions for all scopes...
2026-01-16 12:29:17.644 [info] Got 1 sessions for ...
2026-01-16 12:29:17.644 [info] Getting sessions for all scopes...
2026-01-16 12:29:17.644 [info] Got 1 sessions for ...
2026-01-16 12:29:17.644 [info] Getting sessions for all scopes...
2026-01-16 12:29:17.644 [info] Got 1 sessions for ...
2026-01-16 12:29:17.644 [info] Getting sessions for all scopes...
2026-01-16 12:29:17.644 [info] Got 1 sessions for ...
2026-01-16 12:29:17.644 [info] Getting sessions for all scopes...
2026-01-16 12:29:17.644 [info] Got 1 sessions for ...
2026-01-16 12:29:17.644 [info] Getting sessions for all scopes...
2026-01-16 12:29:17.644 [info] Got 1 sessions for ...
2026-01-16 12:29:17.644 [info] Getting sessions for all scopes...
2026-01-16 12:29:17.644 [info] Got 1 sessions for ...
2026-01-16 12:29:17.644 [info] Getting sessions for all scopes...
2026-01-16 12:29:17.644 [info] Got 1 sessions for ...
2026-01-16 12:29:17.644 [info] Getting sessions for all scopes...
2026-01-16 12:29:17.644 [info] Got 1 sessions for ...
2026-01-16 12:29:17.644 [info] Getting sessions for all scopes...
2026-01-16 12:29:17.644 [info] Got 1 sessions for ...
2026-01-16 12:29:17.644 [info] Getting sessions for all scopes...
2026-01-16 12:29:17.644 [info] Got 1 sessions for ...
2026-01-16 12:29:18.728 [info] FetcherService: Electron fetch failed with status: 429 
2026-01-16 12:29:19.007 [info] FetcherService: Node fetch failed with status: 429 Too Many Requests
2026-01-16 12:29:19.267 [info] FetcherService: Node http/s failed with status: 429 Too Many Requests
2026-01-16 12:29:19.734 [info] Getting sessions for all scopes...
2026-01-16 12:29:19.734 [info] Got 1 sessions for ...
2026-01-16 12:29:28.163 [info] Reading sessions from keychain...
2026-01-16 12:29:28.163 [info] Getting sessions for all scopes...
2026-01-16 12:29:28.200 [info] Got stored sessions!
2026-01-16 12:29:28.200 [info] Got 1 verified sessions.
2026-01-16 12:29:28.200 [info] Got 1 sessions for ...
2026-01-16 12:29:28.200 [info] Getting sessions for all scopes...
2026-01-16 12:29:28.200 [info] Got 1 sessions for ...
2026-01-16 12:29:28.200 [info] Getting sessions for all scopes...
2026-01-16 12:29:28.200 [info] Got 1 sessions for ...
2026-01-16 12:29:28.200 [info] Getting sessions for all scopes...
2026-01-16 12:29:28.200 [info] Got 1 sessions for ...
2026-01-16 12:29:28.200 [info] Getting sessions for all scopes...
2026-01-16 12:29:28.200 [info] Got 1 sessions for ...
2026-01-16 12:29:28.200 [info] Getting sessions for all scopes...
2026-01-16 12:29:28.200 [info] Got 1 sessions for ...
2026-01-16 12:29:28.201 [info] Getting sessions for all scopes...
2026-01-16 12:29:28.201 [info] Got 1 sessions for ...
2026-01-16 12:29:28.201 [info] Getting sessions for all scopes...
2026-01-16 12:29:28.201 [info] Got 1 sessions for ...
2026-01-16 12:29:28.201 [info] Getting sessions for all scopes...
2026-01-16 12:29:28.201 [info] Got 1 sessions for ...
2026-01-16 12:29:28.201 [info] Getting sessions for all scopes...
2026-01-16 12:29:28.201 [info] Got 1 sessions for ...
2026-01-16 12:29:28.201 [info] Getting sessions for all scopes...
2026-01-16 12:29:28.201 [info] Got 1 sessions for ...
2026-01-16 12:29:28.201 [info] Getting sessions for all scopes...
2026-01-16 12:29:28.201 [info] Got 1 sessions for ...
2026-01-16 12:29:28.201 [info] Getting sessions for all scopes...
2026-01-16 12:29:28.201 [info] Got 1 sessions for ...
2026-01-16 12:29:28.202 [info] Getting sessions for all scopes...
2026-01-16 12:29:28.202 [info] Got 1 sessions for ...
2026-01-16 12:29:28.202 [info] Getting sessions for all scopes...
2026-01-16 12:29:28.202 [info] Got 1 sessions for ...
2026-01-16 12:29:28.202 [info] Getting sessions for all scopes...
2026-01-16 12:29:28.202 [info] Got 1 sessions for ...
2026-01-16 12:29:29.303 [info] FetcherService: Electron fetch failed with status: 429 
2026-01-16 12:29:29.587 [info] FetcherService: Node fetch failed with status: 429 Too Many Requests
2026-01-16 12:29:29.827 [info] FetcherService: Node http/s failed with status: 429 Too Many Requests
2026-01-16 12:29:35.744 [info] Reading sessions from keychain...
2026-01-16 12:29:35.744 [info] Getting sessions for all scopes...
2026-01-16 12:29:35.767 [info] Got stored sessions!
2026-01-16 12:29:35.767 [info] Got 1 verified sessions.
2026-01-16 12:29:35.767 [info] Got 1 sessions for ...
2026-01-16 12:29:35.767 [info] Getting sessions for all scopes...
2026-01-16 12:29:35.767 [info] Got 1 sessions for ...
2026-01-16 12:29:35.767 [info] Getting sessions for all scopes...
2026-01-16 12:29:35.767 [info] Got 1 sessions for ...
2026-01-16 12:29:35.767 [info] Getting sessions for all scopes...
2026-01-16 12:29:35.767 [info] Got 1 sessions for ...
2026-01-16 12:29:35.767 [info] Getting sessions for all scopes...
2026-01-16 12:29:35.767 [info] Got 1 sessions for ...
2026-01-16 12:29:35.767 [info] Getting sessions for all scopes...
2026-01-16 12:29:35.767 [info] Got 1 sessions for ...
2026-01-16 12:29:35.767 [info] Getting sessions for all scopes...
2026-01-16 12:29:35.767 [info] Got 1 sessions for ...
2026-01-16 12:29:35.767 [info] Getting sessions for all scopes...
2026-01-16 12:29:35.767 [info] Got 1 sessions for ...
2026-01-16 12:29:35.767 [info] Getting sessions for all scopes...
2026-01-16 12:29:35.767 [info] Got 1 sessions for ...
2026-01-16 12:29:35.767 [info] Getting sessions for all scopes...
2026-01-16 12:29:35.767 [info] Got 1 sessions for ...
2026-01-16 12:29:35.768 [info] Getting sessions for all scopes...
2026-01-16 12:29:35.768 [info] Got 1 sessions for ...
2026-01-16 12:29:35.768 [info] Getting sessions for all scopes...
2026-01-16 12:29:35.768 [info] Got 1 sessions for ...
2026-01-16 12:29:35.768 [info] Getting sessions for all scopes...
2026-01-16 12:29:35.768 [info] Got 1 sessions for ...
2026-01-16 12:29:35.768 [info] Getting sessions for all scopes...
2026-01-16 12:29:35.768 [info] Got 1 sessions for ...
2026-01-16 12:29:35.768 [info] Getting sessions for all scopes...
2026-01-16 12:29:35.768 [info] Got 1 sessions for ...
2026-01-16 12:29:35.769 [info] Getting sessions for all scopes...
2026-01-16 12:29:35.769 [info] Got 1 sessions for ...
2026-01-16 12:29:36.862 [info] FetcherService: Electron fetch failed with status: 429 
2026-01-16 12:29:37.111 [info] FetcherService: Node fetch failed with status: 429 Too Many Requests
2026-01-16 12:29:37.353 [info] FetcherService: Node http/s failed with status: 429 Too Many Requests
2026-01-16 12:29:43.705 [info] Reading sessions from keychain...
2026-01-16 12:29:43.710 [info] Getting sessions for all scopes...
2026-01-16 12:29:43.716 [info] Got stored sessions!
2026-01-16 12:29:43.716 [info] Got 1 verified sessions.
2026-01-16 12:29:43.716 [info] Got 1 sessions for ...
2026-01-16 12:29:43.716 [info] Getting sessions for all scopes...
2026-01-16 12:29:43.716 [info] Got 1 sessions for ...
2026-01-16 12:29:43.716 [info] Getting sessions for all scopes...
2026-01-16 12:29:43.716 [info] Got 1 sessions for ...
2026-01-16 12:29:43.716 [info] Getting sessions for all scopes...
2026-01-16 12:29:43.716 [info] Got 1 sessions for ...
2026-01-16 12:29:43.716 [info] Getting sessions for all scopes...
2026-01-16 12:29:43.716 [info] Got 1 sessions for ...
2026-01-16 12:29:43.716 [info] Getting sessions for all scopes...
2026-01-16 12:29:43.716 [info] Got 1 sessions for ...
2026-01-16 12:29:43.716 [info] Getting sessions for all scopes...
2026-01-16 12:29:43.716 [info] Got 1 sessions for ...
2026-01-16 12:29:43.716 [info] Getting sessions for all scopes...
2026-01-16 12:29:43.716 [info] Got 1 sessions for ...
2026-01-16 12:29:43.716 [info] Getting sessions for all scopes...
2026-01-16 12:29:43.716 [info] Got 1 sessions for ...
2026-01-16 12:29:43.717 [info] Getting sessions for all scopes...
2026-01-16 12:29:43.717 [info] Got 1 sessions for ...
2026-01-16 12:29:43.717 [info] Getting sessions for all scopes...
2026-01-16 12:29:43.717 [info] Got 1 sessions for ...
2026-01-16 12:29:43.717 [info] Getting sessions for all scopes...
2026-01-16 12:29:43.717 [info] Got 1 sessions for ...
2026-01-16 12:29:43.718 [info] Getting sessions for all scopes...
2026-01-16 12:29:43.718 [info] Got 1 sessions for ...
2026-01-16 12:29:43.718 [info] Getting sessions for all scopes...
2026-01-16 12:29:43.718 [info] Got 1 sessions for ...
2026-01-16 12:29:43.718 [info] Getting sessions for all scopes...
2026-01-16 12:29:43.718 [info] Got 1 sessions for ...
2026-01-16 12:29:44.807 [info] FetcherService: Electron fetch failed with status: 429 
2026-01-16 12:29:45.086 [info] FetcherService: Node fetch failed with status: 429 Too Many Requests
2026-01-16 12:29:45.337 [info] FetcherService: Node http/s failed with status: 429 Too Many Requests
2026-01-16 12:29:45.823 [info] Getting sessions for all scopes...
2026-01-16 12:29:45.823 [info] Got 1 sessions for ...
2026-01-16 12:30:03.270 [info] Reading sessions from keychain...
2026-01-16 12:30:03.270 [info] Getting sessions for all scopes...
2026-01-16 12:30:03.311 [info] Got stored sessions!
2026-01-16 12:30:03.311 [info] Got 1 verified sessions.
2026-01-16 12:30:03.311 [info] Got 1 sessions for ...
2026-01-16 12:30:03.311 [info] Getting sessions for all scopes...
2026-01-16 12:30:03.311 [info] Got 1 sessions for ...
2026-01-16 12:30:03.311 [info] Getting sessions for all scopes...
2026-01-16 12:30:03.311 [info] Got 1 sessions for ...
2026-01-16 12:30:03.311 [info] Getting sessions for all scopes...
2026-01-16 12:30:03.311 [info] Got 1 sessions for ...
2026-01-16 12:30:03.311 [info] Getting sessions for all scopes...
2026-01-16 12:30:03.311 [info] Got 1 sessions for ...
2026-01-16 12:30:03.311 [info] Getting sessions for all scopes...
2026-01-16 12:30:03.311 [info] Got 1 sessions for ...
2026-01-16 12:30:03.311 [info] Getting sessions for all scopes...
2026-01-16 12:30:03.311 [info] Got 1 sessions for ...
2026-01-16 12:30:03.311 [info] Getting sessions for all scopes...
2026-01-16 12:30:03.311 [info] Got 1 sessions for ...
2026-01-16 12:30:03.311 [info] Getting sessions for all scopes...
2026-01-16 12:30:03.311 [info] Got 1 sessions for ...
2026-01-16 12:30:03.311 [info] Getting sessions for all scopes...
2026-01-16 12:30:03.311 [info] Got 1 sessions for ...
2026-01-16 12:30:03.313 [info] Getting sessions for all scopes...
2026-01-16 12:30:03.313 [info] Got 1 sessions for ...
2026-01-16 12:30:03.314 [info] Getting sessions for all scopes...
2026-01-16 12:30:03.314 [info] Got 1 sessions for ...
2026-01-16 12:30:03.314 [info] Getting sessions for all scopes...
2026-01-16 12:30:03.314 [info] Got 1 sessions for ...
2026-01-16 12:30:03.314 [info] Getting sessions for all scopes...
2026-01-16 12:30:03.314 [info] Got 1 sessions for ...
2026-01-16 12:30:03.314 [info] Getting sessions for all scopes...
2026-01-16 12:30:03.314 [info] Got 1 sessions for ...
2026-01-16 12:30:03.314 [info] Getting sessions for all scopes...
2026-01-16 12:30:03.314 [info] Got 1 sessions for ...
2026-01-16 12:30:04.421 [info] FetcherService: Electron fetch failed with status: 429 
2026-01-16 12:30:04.689 [info] FetcherService: Node fetch failed with status: 429 Too Many Requests
2026-01-16 12:30:04.931 [info] FetcherService: Node http/s failed with status: 429 Too Many Requests
2026-01-16 12:30:09.782 [info] Reading sessions from keychain...
2026-01-16 12:30:09.782 [info] Getting sessions for all scopes...
2026-01-16 12:30:09.824 [info] Got stored sessions!
2026-01-16 12:30:09.824 [info] Got 1 verified sessions.
2026-01-16 12:30:09.824 [info] Got 1 sessions for ...
2026-01-16 12:30:09.824 [info] Getting sessions for all scopes...
2026-01-16 12:30:09.824 [info] Got 1 sessions for ...
2026-01-16 12:30:09.824 [info] Getting sessions for all scopes...
2026-01-16 12:30:09.824 [info] Got 1 sessions for ...
2026-01-16 12:30:09.824 [info] Getting sessions for all scopes...
2026-01-16 12:30:09.824 [info] Got 1 sessions for ...
2026-01-16 12:30:09.824 [info] Getting sessions for all scopes...
2026-01-16 12:30:09.824 [info] Got 1 sessions for ...
2026-01-16 12:30:09.824 [info] Getting sessions for all scopes...
2026-01-16 12:30:09.824 [info] Got 1 sessions for ...
2026-01-16 12:30:09.824 [info] Getting sessions for all scopes...
2026-01-16 12:30:09.824 [info] Got 1 sessions for ...
2026-01-16 12:30:09.824 [info] Getting sessions for all scopes...
2026-01-16 12:30:09.824 [info] Got 1 sessions for ...
2026-01-16 12:30:09.824 [info] Getting sessions for all scopes...
2026-01-16 12:30:09.824 [info] Got 1 sessions for ...
2026-01-16 12:30:09.825 [info] Getting sessions for all scopes...
2026-01-16 12:30:09.825 [info] Got 1 sessions for ...
2026-01-16 12:30:09.825 [info] Getting sessions for all scopes...
2026-01-16 12:30:09.825 [info] Got 1 sessions for ...
2026-01-16 12:30:09.825 [info] Getting sessions for all scopes...
2026-01-16 12:30:09.825 [info] Got 1 sessions for ...
2026-01-16 12:30:09.825 [info] Getting sessions for all scopes...
2026-01-16 12:30:09.825 [info] Got 1 sessions for ...
2026-01-16 12:30:09.825 [info] Getting sessions for all scopes...
2026-01-16 12:30:09.825 [info] Got 1 sessions for ...
2026-01-16 12:30:09.825 [info] Getting sessions for all scopes...
2026-01-16 12:30:09.825 [info] Got 1 sessions for ...
2026-01-16 12:30:09.825 [info] Getting sessions for all scopes...
2026-01-16 12:30:09.825 [info] Got 1 sessions for ...
2026-01-16 12:30:10.917 [info] FetcherService: Electron fetch failed with status: 429 
2026-01-16 12:30:38.346 [info] Reading sessions from keychain...
2026-01-16 12:30:38.346 [info] Getting sessions for all scopes...
2026-01-16 12:30:38.346 [info] Got stored sessions!
2026-01-16 12:30:38.346 [info] Got 1 verified sessions.
2026-01-16 12:30:38.346 [info] Got 1 sessions for ...
2026-01-16 12:30:38.346 [info] Getting sessions for all scopes...
2026-01-16 12:30:38.346 [info] Got 1 sessions for ...
2026-01-16 12:30:38.346 [info] Getting sessions for all scopes...
2026-01-16 12:30:38.346 [info] Got 1 sessions for ...
2026-01-16 12:30:38.346 [info] Getting sessions for all scopes...
2026-01-16 12:30:38.346 [info] Got 1 sessions for ...
2026-01-16 12:30:38.346 [info] Getting sessions for all scopes...
2026-01-16 12:30:38.346 [info] Got 1 sessions for ...
2026-01-16 12:30:38.351 [info] Getting sessions for all scopes...
2026-01-16 12:30:38.351 [info] Got 1 sessions for ...
2026-01-16 12:30:39.431 [info] FetcherService: Electron fetch failed with status: 429 
2026-01-16 12:30:39.683 [info] FetcherService: Node fetch failed with status: 429 Too Many Requests
2026-01-16 12:30:39.907 [info] FetcherService: Node http/s failed with status: 429 Too Many Requests
2026-01-16 12:30:52.670 [info] Getting sessions for all scopes...
2026-01-16 12:30:52.670 [info] Got 1 sessions for ...
2026-01-16 12:30:52.670 [info] Getting sessions for all scopes...
2026-01-16 12:30:52.670 [info] Got 1 sessions for ...
2026-01-16 12:30:52.670 [info] Getting sessions for all scopes...
2026-01-16 12:30:52.670 [info] Got 1 sessions for ...
2026-01-16 12:30:52.670 [info] Getting sessions for all scopes...
2026-01-16 12:30:52.670 [info] Got 1 sessions for ...
2026-01-16 12:30:52.670 [info] Getting sessions for all scopes...
2026-01-16 12:30:52.670 [info] Got 1 sessions for ...
2026-01-16 12:30:52.673 [info] Getting sessions for all scopes...
2026-01-16 12:30:52.673 [info] Got 1 sessions for ...
2026-01-16 12:30:52.673 [info] Getting sessions for all scopes...
2026-01-16 12:30:52.673 [info] Got 1 sessions for ...
2026-01-16 12:30:52.673 [info] Getting sessions for all scopes...
2026-01-16 12:30:52.674 [info] Got 1 sessions for ...
2026-01-16 12:30:52.674 [info] Getting sessions for all scopes...
2026-01-16 12:30:52.674 [info] Got 1 sessions for ...
2026-01-16 12:30:52.674 [info] Getting sessions for all scopes...
2026-01-16 12:30:52.674 [info] Got 1 sessions for ...
2026-01-16 12:31:08.887 [info] Reading sessions from keychain...
2026-01-16 12:31:08.887 [info] Getting sessions for all scopes...
2026-01-16 12:31:08.892 [info] Got stored sessions!
2026-01-16 12:31:08.892 [info] Got 1 verified sessions.
2026-01-16 12:31:08.892 [info] Got 1 sessions for ...
2026-01-16 12:31:08.892 [info] Getting sessions for all scopes...
2026-01-16 12:31:08.892 [info] Got 1 sessions for ...
2026-01-16 12:31:08.892 [info] Getting sessions for all scopes...
2026-01-16 12:31:08.892 [info] Got 1 sessions for ...
2026-01-16 12:31:08.892 [info] Getting sessions for all scopes...
2026-01-16 12:31:08.892 [info] Got 1 sessions for ...
2026-01-16 12:31:08.892 [info] Getting sessions for all scopes...
2026-01-16 12:31:08.892 [info] Got 1 sessions for ...
2026-01-16 12:31:08.894 [info] Getting sessions for all scopes...
2026-01-16 12:31:08.894 [info] Got 1 sessions for ...
2026-01-16 12:31:09.997 [info] FetcherService: Electron fetch failed with status: 429 
2026-01-16 12:31:10.263 [info] FetcherService: Node fetch failed with status: 429 Too Many Requests
2026-01-16 12:31:10.488 [info] FetcherService: Node http/s failed with status: 429 Too Many Requests
2026-01-16 12:31:11.095 [info] Getting sessions for all scopes...
2026-01-16 12:31:11.095 [info] Got 1 sessions for ...
2026-01-16 12:31:11.095 [info] Getting sessions for all scopes...
2026-01-16 12:31:11.095 [info] Got 1 sessions for ...
2026-01-16 12:31:11.095 [info] Getting sessions for all scopes...
2026-01-16 12:31:11.095 [info] Got 1 sessions for ...
2026-01-16 12:31:11.095 [info] Getting sessions for all scopes...
2026-01-16 12:31:11.095 [info] Got 1 sessions for ...
2026-01-16 12:31:11.095 [info] Getting sessions for all scopes...
2026-01-16 12:31:11.095 [info] Got 1 sessions for ...
2026-01-16 12:31:11.097 [info] Getting sessions for all scopes...
2026-01-16 12:31:11.097 [info] Got 1 sessions for ...
2026-01-16 12:31:11.097 [info] Getting sessions for all scopes...
2026-01-16 12:31:11.097 [info] Got 1 sessions for ...
2026-01-16 12:31:11.097 [info] Getting sessions for all scopes...
2026-01-16 12:31:11.097 [info] Got 1 sessions for ...
2026-01-16 12:31:11.098 [info] Getting sessions for all scopes...
2026-01-16 12:31:11.098 [info] Got 1 sessions for ...
2026-01-16 12:31:11.098 [info] Getting sessions for all scopes...
2026-01-16 12:31:11.098 [info] Got 1 sessions for ...
2026-01-16 12:44:37.660 [info] Reading sessions from keychain...
2026-01-16 12:44:37.660 [info] Getting sessions for all scopes...
2026-01-16 12:44:37.668 [info] Got stored sessions!
2026-01-16 12:44:37.668 [info] Got 1 verified sessions.
2026-01-16 12:44:37.668 [info] Got 1 sessions for ...
2026-01-16 12:44:37.668 [info] Getting sessions for all scopes...
2026-01-16 12:44:37.668 [info] Got 1 sessions for ...
2026-01-16 12:44:37.668 [info] Getting sessions for all scopes...
2026-01-16 12:44:37.668 [info] Got 1 sessions for ...
2026-01-16 12:44:37.669 [info] Getting sessions for all scopes...
2026-01-16 12:44:37.669 [info] Got 1 sessions for ...
2026-01-16 12:44:37.669 [info] Getting sessions for all scopes...
2026-01-16 12:44:37.669 [info] Got 1 sessions for ...
2026-01-16 12:44:37.669 [info] Getting sessions for all scopes...
2026-01-16 12:44:37.669 [info] Got 1 sessions for ...
2026-01-16 12:44:38.990 [info] FetcherService: Electron fetch failed with status: 429 
2026-01-16 12:44:39.233 [info] FetcherService: Node fetch failed with status: 429 Too Many Requests
2026-01-16 12:44:39.455 [info] FetcherService: Node http/s failed with status: 429 Too Many Requests
2026-01-16 12:44:40.701 [info] Getting sessions for all scopes...
2026-01-16 12:44:40.701 [info] Got 1 sessions for ...
2026-01-16 12:44:40.701 [info] Getting sessions for all scopes...
2026-01-16 12:44:40.701 [info] Got 1 sessions for ...
2026-01-16 12:44:40.701 [info] Getting sessions for all scopes...
2026-01-16 12:44:40.701 [info] Got 1 sessions for ...
2026-01-16 12:44:40.701 [info] Getting sessions for all scopes...
2026-01-16 12:44:40.701 [info] Got 1 sessions for ...
2026-01-16 12:44:40.701 [info] Getting sessions for all scopes...
2026-01-16 12:44:40.701 [info] Got 1 sessions for ...
2026-01-16 12:44:40.704 [info] Getting sessions for all scopes...
2026-01-16 12:44:40.704 [info] Got 1 sessions for ...
2026-01-16 12:44:40.704 [info] Getting sessions for all scopes...
2026-01-16 12:44:40.704 [info] Got 1 sessions for ...
2026-01-16 12:44:40.704 [info] Getting sessions for all scopes...
2026-01-16 12:44:40.704 [info] Got 1 sessions for ...
2026-01-16 12:44:40.704 [info] Getting sessions for all scopes...
2026-01-16 12:44:40.704 [info] Got 1 sessions for ...
2026-01-16 12:44:40.704 [info] Getting sessions for all scopes...
2026-01-16 12:44:40.704 [info] Got 1 sessions for ...
2026-01-16 12:46:47.332 [info] Reading sessions from keychain...
2026-01-16 12:46:47.332 [info] Getting sessions for all scopes...
2026-01-16 12:46:47.332 [info] Got stored sessions!
2026-01-16 12:46:47.332 [info] Got 1 verified sessions.
2026-01-16 12:46:47.332 [info] Got 1 sessions for ...
2026-01-16 12:46:47.332 [info] Getting sessions for all scopes...
2026-01-16 12:46:47.332 [info] Got 1 sessions for ...
2026-01-16 12:46:47.332 [info] Getting sessions for all scopes...
2026-01-16 12:46:47.332 [info] Got 1 sessions for ...
2026-01-16 12:46:47.332 [info] Getting sessions for all scopes...
2026-01-16 12:46:47.332 [info] Got 1 sessions for ...
2026-01-16 12:46:47.345 [info] Getting sessions for all scopes...
2026-01-16 12:46:47.345 [info] Got 1 sessions for ...
2026-01-16 12:46:47.347 [info] Getting sessions for all scopes...
2026-01-16 12:46:47.347 [info] Got 1 sessions for ...
2026-01-16 12:46:48.595 [info] FetcherService: Electron fetch failed with status: 429 
2026-01-16 12:46:48.827 [info] FetcherService: Node fetch failed with status: 429 Too Many Requests
2026-01-16 12:46:49.054 [info] FetcherService: Node http/s failed with status: 429 Too Many Requests
2026-01-16 12:46:51.322 [info] Getting sessions for all scopes...
2026-01-16 12:46:51.322 [info] Got 1 sessions for ...
2026-01-16 12:46:51.322 [info] Getting sessions for all scopes...
2026-01-16 12:46:51.322 [info] Got 1 sessions for ...
2026-01-16 12:46:51.322 [info] Getting sessions for all scopes...
2026-01-16 12:46:51.322 [info] Got 1 sessions for ...
2026-01-16 12:46:51.323 [info] Getting sessions for all scopes...
2026-01-16 12:46:51.323 [info] Got 1 sessions for ...
2026-01-16 12:46:51.323 [info] Getting sessions for all scopes...
2026-01-16 12:46:51.323 [info] Got 1 sessions for ...
2026-01-16 12:46:51.325 [info] Getting sessions for all scopes...
2026-01-16 12:46:51.325 [info] Got 1 sessions for ...
2026-01-16 12:46:51.325 [info] Getting sessions for all scopes...
2026-01-16 12:46:51.325 [info] Got 1 sessions for ...
2026-01-16 12:46:51.325 [info] Getting sessions for all scopes...
2026-01-16 12:46:51.325 [info] Got 1 sessions for ...
2026-01-16 12:46:51.326 [info] Getting sessions for all scopes...
2026-01-16 12:46:51.326 [info] Got 1 sessions for ...
2026-01-16 12:46:51.326 [info] Getting sessions for all scopes...
2026-01-16 12:46:51.326 [info] Got 1 sessions for ...
