2026-01-22 18:17:02.527 [info] Reading sessions from keychain...
2026-01-22 18:17:02.527 [info] Got stored sessions!
2026-01-22 18:17:02.527 [info] Got 1 verified sessions.
2026-01-22 18:17:02.527 [info] Getting sessions for all scopes...
2026-01-22 18:17:02.527 [info] Got 1 sessions for ...
2026-01-22 18:17:02.527 [info] Getting sessions for all scopes...
2026-01-22 18:17:02.527 [info] Got 1 sessions for ...
2026-01-22 18:17:02.527 [info] Getting sessions for all scopes...
2026-01-22 18:17:02.527 [info] Got 1 sessions for ...
2026-01-22 18:17:02.527 [info] Getting sessions for all scopes...
2026-01-22 18:17:02.527 [info] Got 1 sessions for ...
2026-01-22 18:17:02.527 [info] Getting sessions for all scopes...
2026-01-22 18:17:02.527 [info] Got 1 sessions for ...
2026-01-22 18:17:02.527 [info] Getting sessions for all scopes...
2026-01-22 18:17:02.527 [info] Got 1 sessions for ...
2026-01-22 18:17:03.771 [info] FetcherService: Electron fetch failed with status: 429 
2026-01-22 18:17:04.024 [info] FetcherService: Node fetch failed with status: 429 Too Many Requests
2026-01-22 18:17:04.257 [info] FetcherService: Node http/s failed with status: 429 Too Many Requests
2026-01-22 18:17:08.660 [info] Getting sessions for all scopes...
2026-01-22 18:17:08.660 [info] Got 1 sessions for ...
2026-01-22 18:17:08.661 [info] Getting sessions for all scopes...
2026-01-22 18:17:08.661 [info] Got 1 sessions for ...
2026-01-22 18:17:08.661 [info] Getting sessions for all scopes...
2026-01-22 18:17:08.661 [info] Got 1 sessions for ...
2026-01-22 18:17:08.661 [info] Getting sessions for all scopes...
2026-01-22 18:17:08.661 [info] Got 1 sessions for ...
2026-01-22 18:17:08.661 [info] Getting sessions for all scopes...
2026-01-22 18:17:08.661 [info] Got 1 sessions for ...
2026-01-22 18:17:08.662 [info] Getting sessions for all scopes...
2026-01-22 18:17:08.662 [info] Got 1 sessions for ...
2026-01-22 18:17:08.662 [info] Getting sessions for all scopes...
2026-01-22 18:17:08.662 [info] Got 1 sessions for ...
2026-01-22 18:17:08.662 [info] Getting sessions for all scopes...
2026-01-22 18:17:08.662 [info] Got 1 sessions for ...
2026-01-22 18:17:08.663 [info] Getting sessions for all scopes...
2026-01-22 18:17:08.663 [info] Got 1 sessions for ...
2026-01-22 18:17:08.663 [info] Getting sessions for all scopes...
2026-01-22 18:17:08.663 [info] Got 1 sessions for ...
2026-01-22 18:17:28.954 [info] Reading sessions from keychain...
2026-01-22 18:17:28.954 [info] Getting sessions for all scopes...
2026-01-22 18:17:28.954 [info] Got stored sessions!
2026-01-22 18:17:28.954 [info] Got 1 verified sessions.
2026-01-22 18:17:28.954 [info] Got 1 sessions for ...
2026-01-22 18:17:28.954 [info] Getting sessions for all scopes...
2026-01-22 18:17:28.954 [info] Got 1 sessions for ...
2026-01-22 18:17:28.954 [info] Getting sessions for all scopes...
2026-01-22 18:17:28.954 [info] Got 1 sessions for ...
2026-01-22 18:17:28.954 [info] Getting sessions for all scopes...
2026-01-22 18:17:28.954 [info] Got 1 sessions for ...
2026-01-22 18:17:28.954 [info] Getting sessions for all scopes...
2026-01-22 18:17:28.954 [info] Got 1 sessions for ...
2026-01-22 18:17:28.954 [info] Getting sessions for all scopes...
2026-01-22 18:17:28.954 [info] Got 1 sessions for ...
2026-01-22 18:17:30.045 [info] FetcherService: Electron fetch failed with status: 429 
2026-01-22 18:17:30.289 [info] FetcherService: Node fetch failed with status: 429 Too Many Requests
2026-01-22 18:17:30.522 [info] FetcherService: Node http/s failed with status: 429 Too Many Requests
2026-01-22 18:17:33.245 [info] Getting sessions for all scopes...
2026-01-22 18:17:33.245 [info] Got 1 sessions for ...
2026-01-22 18:17:33.245 [info] Getting sessions for all scopes...
2026-01-22 18:17:33.245 [info] Got 1 sessions for ...
2026-01-22 18:17:33.245 [info] Getting sessions for all scopes...
2026-01-22 18:17:33.245 [info] Got 1 sessions for ...
2026-01-22 18:17:33.245 [info] Getting sessions for all scopes...
2026-01-22 18:17:33.245 [info] Got 1 sessions for ...
2026-01-22 18:17:33.245 [info] Getting sessions for all scopes...
2026-01-22 18:17:33.245 [info] Got 1 sessions for ...
2026-01-22 18:17:33.247 [info] Getting sessions for all scopes...
2026-01-22 18:17:33.247 [info] Got 1 sessions for ...
2026-01-22 18:17:33.248 [info] Getting sessions for all scopes...
2026-01-22 18:17:33.248 [info] Got 1 sessions for ...
2026-01-22 18:17:33.248 [info] Getting sessions for all scopes...
2026-01-22 18:17:33.248 [info] Got 1 sessions for ...
2026-01-22 18:17:33.248 [info] Getting sessions for all scopes...
2026-01-22 18:17:33.248 [info] Got 1 sessions for ...
2026-01-22 18:17:33.248 [info] Getting sessions for all scopes...
2026-01-22 18:17:33.248 [info] Got 1 sessions for ...
