2026-01-14 13:46:49.617 [info] Reading sessions from keychain...
2026-01-14 13:46:49.617 [info] Got stored sessions!
2026-01-14 13:46:49.617 [info] Got 1 verified sessions.
2026-01-14 13:46:49.617 [info] Getting sessions for all scopes...
2026-01-14 13:46:49.617 [info] Got 1 sessions for ...
2026-01-14 13:46:49.617 [info] Getting sessions for all scopes...
2026-01-14 13:46:49.617 [info] Got 1 sessions for ...
2026-01-14 13:46:49.617 [info] Getting sessions for all scopes...
2026-01-14 13:46:49.617 [info] Got 1 sessions for ...
2026-01-14 13:46:49.617 [info] Getting sessions for all scopes...
2026-01-14 13:46:49.617 [info] Got 1 sessions for ...
2026-01-14 13:46:49.617 [info] Getting sessions for all scopes...
2026-01-14 13:46:49.617 [info] Got 1 sessions for ...
2026-01-14 13:46:49.617 [info] Getting sessions for all scopes...
2026-01-14 13:46:49.617 [info] Got 1 sessions for ...
2026-01-14 13:46:49.617 [info] Getting sessions for all scopes...
2026-01-14 13:46:49.617 [info] Got 1 sessions for ...
2026-01-14 13:46:49.617 [info] Getting sessions for all scopes...
2026-01-14 13:46:49.617 [info] Got 1 sessions for ...
2026-01-14 13:46:49.617 [info] Getting sessions for all scopes...
2026-01-14 13:46:49.617 [info] Got 1 sessions for ...
2026-01-14 13:46:49.617 [info] Getting sessions for all scopes...
2026-01-14 13:46:49.617 [info] Got 1 sessions for ...
2026-01-14 13:46:49.617 [info] Getting sessions for all scopes...
2026-01-14 13:46:49.617 [info] Got 1 sessions for ...
2026-01-14 13:46:49.617 [info] Getting sessions for all scopes...
2026-01-14 13:46:49.617 [info] Got 1 sessions for ...
2026-01-14 13:46:49.617 [info] Getting sessions for all scopes...
2026-01-14 13:46:49.617 [info] Got 1 sessions for ...
2026-01-14 13:46:49.617 [info] Getting sessions for all scopes...
2026-01-14 13:46:49.617 [info] Got 1 sessions for ...
2026-01-14 13:46:49.860 [info] Getting sessions for all scopes...
2026-01-14 13:46:49.860 [info] Got 1 sessions for ...
2026-01-14 13:46:50.612 [info] FetcherService: Electron fetch failed with status: 429 
2026-01-14 13:46:50.862 [info] FetcherService: Node fetch failed with status: 429 Too Many Requests
2026-01-14 13:46:51.094 [info] FetcherService: Node http/s failed with status: 429 Too Many Requests
2026-01-14 13:46:51.642 [info] Getting sessions for all scopes...
2026-01-14 13:46:51.642 [info] Got 1 sessions for ...
