2026-01-22 17:05:14.414 [info] Reading sessions from keychain...
2026-01-22 17:05:14.414 [info] Getting sessions for all scopes...
2026-01-22 17:05:14.430 [info] Got stored sessions!
2026-01-22 17:05:14.430 [info] Got 1 verified sessions.
2026-01-22 17:05:14.430 [info] Got 1 sessions for ...
2026-01-22 17:05:14.430 [info] Getting sessions for all scopes...
2026-01-22 17:05:14.430 [info] Got 1 sessions for ...
2026-01-22 17:05:14.430 [info] Getting sessions for all scopes...
2026-01-22 17:05:14.430 [info] Got 1 sessions for ...
2026-01-22 17:05:14.430 [info] Getting sessions for all scopes...
2026-01-22 17:05:14.430 [info] Got 1 sessions for ...
2026-01-22 17:05:14.430 [info] Getting sessions for all scopes...
2026-01-22 17:05:14.430 [info] Got 1 sessions for ...
2026-01-22 17:05:14.430 [info] Getting sessions for all scopes...
2026-01-22 17:05:14.430 [info] Got 1 sessions for ...
2026-01-22 17:05:14.430 [info] Getting sessions for all scopes...
2026-01-22 17:05:14.430 [info] Got 1 sessions for ...
2026-01-22 17:05:14.430 [info] Getting sessions for all scopes...
2026-01-22 17:05:14.430 [info] Got 1 sessions for ...
2026-01-22 17:05:14.470 [info] Getting sessions for all scopes...
2026-01-22 17:05:14.470 [info] Got 1 sessions for ...
2026-01-22 17:05:14.470 [info] Getting sessions for all scopes...
2026-01-22 17:05:14.470 [info] Got 1 sessions for ...
2026-01-22 17:05:14.470 [info] Getting sessions for all scopes...
2026-01-22 17:05:14.470 [info] Got 1 sessions for ...
2026-01-22 17:05:14.470 [info] Getting sessions for all scopes...
2026-01-22 17:05:14.470 [info] Got 1 sessions for ...
2026-01-22 17:05:14.470 [info] Getting sessions for all scopes...
2026-01-22 17:05:14.471 [info] Got 1 sessions for ...
2026-01-22 17:05:14.471 [info] Getting sessions for all scopes...
2026-01-22 17:05:14.471 [info] Got 1 sessions for ...
2026-01-22 17:05:14.493 [info] Getting sessions for all scopes...
2026-01-22 17:05:14.493 [info] Got 1 sessions for ...
2026-01-22 17:05:15.693 [info] FetcherService: Electron fetch failed with status: 429 
2026-01-22 17:05:16.033 [info] FetcherService: Node fetch failed with status: 429 Too Many Requests
2026-01-22 17:05:16.272 [info] FetcherService: Node http/s failed with status: 429 Too Many Requests
2026-01-22 17:05:16.451 [info] Getting sessions for all scopes...
2026-01-22 17:05:16.451 [info] Got 1 sessions for ...
