2026-01-16 12:02:47.702 [info] Reading sessions from keychain...
2026-01-16 12:02:47.702 [info] Getting sessions for all scopes...
2026-01-16 12:02:47.702 [info] Got stored sessions!
2026-01-16 12:02:47.702 [info] Got 1 verified sessions.
2026-01-16 12:02:47.702 [info] Got 1 sessions for ...
2026-01-16 12:02:47.702 [info] Getting sessions for all scopes...
2026-01-16 12:02:47.702 [info] Got 1 sessions for ...
2026-01-16 12:02:47.702 [info] Getting sessions for all scopes...
2026-01-16 12:02:47.702 [info] Got 1 sessions for ...
2026-01-16 12:02:47.702 [info] Getting sessions for all scopes...
2026-01-16 12:02:47.702 [info] Got 1 sessions for ...
2026-01-16 12:02:47.702 [info] Getting sessions for all scopes...
2026-01-16 12:02:47.702 [info] Got 1 sessions for ...
2026-01-16 12:02:47.702 [info] Getting sessions for all scopes...
2026-01-16 12:02:47.702 [info] Got 1 sessions for ...
2026-01-16 12:02:47.702 [info] Getting sessions for all scopes...
2026-01-16 12:02:47.702 [info] Got 1 sessions for ...
2026-01-16 12:02:47.731 [info] Getting sessions for all scopes...
2026-01-16 12:02:47.731 [info] Got 1 sessions for ...
2026-01-16 12:02:47.731 [info] Getting sessions for all scopes...
2026-01-16 12:02:47.731 [info] Got 1 sessions for ...
2026-01-16 12:02:47.731 [info] Getting sessions for all scopes...
2026-01-16 12:02:47.731 [info] Got 1 sessions for ...
2026-01-16 12:02:47.731 [info] Getting sessions for all scopes...
2026-01-16 12:02:47.731 [info] Got 1 sessions for ...
2026-01-16 12:02:47.731 [info] Getting sessions for all scopes...
2026-01-16 12:02:47.731 [info] Got 1 sessions for ...
2026-01-16 12:02:47.731 [info] Getting sessions for all scopes...
2026-01-16 12:02:47.731 [info] Got 1 sessions for ...
2026-01-16 12:02:47.794 [info] Getting sessions for all scopes...
2026-01-16 12:02:47.794 [info] Got 1 sessions for ...
2026-01-16 12:02:48.024 [info] Getting sessions for all scopes...
2026-01-16 12:02:48.024 [info] Got 1 sessions for ...
2026-01-16 12:02:49.073 [info] FetcherService: Electron fetch failed with status: 429 
2026-01-16 12:02:49.411 [info] FetcherService: Node fetch failed with status: 429 Too Many Requests
2026-01-16 12:02:49.643 [info] FetcherService: Node http/s failed with status: 429 Too Many Requests
2026-01-16 12:02:49.773 [info] Getting sessions for all scopes...
2026-01-16 12:02:49.773 [info] Got 1 sessions for ...
2026-01-16 12:06:32.915 [info] Reading sessions from keychain...
2026-01-16 12:06:32.915 [info] Getting sessions for all scopes...
2026-01-16 12:06:32.915 [info] Got stored sessions!
2026-01-16 12:06:32.915 [info] Got 1 verified sessions.
2026-01-16 12:06:32.915 [info] Got 1 sessions for ...
2026-01-16 12:06:32.915 [info] Getting sessions for all scopes...
2026-01-16 12:06:32.915 [info] Got 1 sessions for ...
2026-01-16 12:06:32.932 [info] Getting sessions for all scopes...
2026-01-16 12:06:32.932 [info] Got 1 sessions for ...
2026-01-16 12:06:32.932 [info] Getting sessions for all scopes...
2026-01-16 12:06:32.932 [info] Got 1 sessions for ...
2026-01-16 12:06:32.932 [info] Getting sessions for all scopes...
2026-01-16 12:06:32.932 [info] Got 1 sessions for ...
2026-01-16 12:06:32.932 [info] Getting sessions for all scopes...
2026-01-16 12:06:32.932 [info] Got 1 sessions for ...
2026-01-16 12:06:32.932 [info] Getting sessions for all scopes...
2026-01-16 12:06:32.932 [info] Got 1 sessions for ...
2026-01-16 12:06:32.934 [info] Getting sessions for all scopes...
2026-01-16 12:06:32.934 [info] Got 1 sessions for ...
2026-01-16 12:06:32.945 [info] Getting sessions for all scopes...
2026-01-16 12:06:32.945 [info] Got 1 sessions for ...
2026-01-16 12:06:32.946 [info] Getting sessions for all scopes...
2026-01-16 12:06:32.946 [info] Got 1 sessions for ...
2026-01-16 12:06:32.946 [info] Getting sessions for all scopes...
2026-01-16 12:06:32.946 [info] Got 1 sessions for ...
2026-01-16 12:06:32.946 [info] Getting sessions for all scopes...
2026-01-16 12:06:32.946 [info] Got 1 sessions for ...
2026-01-16 12:06:32.946 [info] Getting sessions for all scopes...
2026-01-16 12:06:32.946 [info] Got 1 sessions for ...
2026-01-16 12:06:33.005 [info] Getting sessions for all scopes...
2026-01-16 12:06:33.005 [info] Got 1 sessions for ...
2026-01-16 12:06:33.282 [info] Getting sessions for all scopes...
2026-01-16 12:06:33.282 [info] Got 1 sessions for ...
2026-01-16 12:06:34.195 [info] FetcherService: Electron fetch failed with status: 429 
2026-01-16 12:06:34.471 [info] FetcherService: Node fetch failed with status: 429 Too Many Requests
2026-01-16 12:06:34.729 [info] FetcherService: Node http/s failed with status: 429 Too Many Requests
2026-01-16 12:06:35.005 [info] Getting sessions for all scopes...
2026-01-16 12:06:35.005 [info] Got 1 sessions for ...
