[12:07:32.142] Log Level: 2
[12:07:32.159] VS Code version: 1.106.3
[12:07:32.159] Remote-SSH version: remote-ssh@0.120.0
[12:07:32.159] linux x64
[12:07:32.163] SSH Resolver called for "ssh-remote+pi-zero", attempt 1
[12:07:32.167] remote.SSH.useLocalServer = false
[12:07:32.167] remote.SSH.useExecServer = false
[12:07:32.168] remote.SSH.bindHost = {}
[12:07:32.168] remote.SSH.showLoginTerminal = false
[12:07:32.168] remote.SSH.remotePlatform = {"pi-zero":"linux"}
[12:07:32.168] remote.SSH.path = 
[12:07:32.169] remote.SSH.configFile = 
[12:07:32.169] remote.SSH.useFlock = true
[12:07:32.169] remote.SSH.lockfilesInTmp = false
[12:07:32.169] remote.SSH.localServerDownload = auto
[12:07:32.169] remote.SSH.remoteServerListenOnSocket = false
[12:07:32.170] remote.SSH.defaultExtensions = []
[12:07:32.170] remote.SSH.defaultExtensionsIfInstalledLocally = []
[12:07:32.170] remote.SSH.loglevel = 2
[12:07:32.170] remote.SSH.enableDynamicForwarding = true
[12:07:32.170] remote.SSH.enableRemoteCommand = false
[12:07:32.171] remote.SSH.serverPickPortsFromRange = {}
[12:07:32.172] remote.SSH.serverInstallPath = {}
[12:07:32.172] remote.SSH.permitPtyAllocation = true
[12:07:32.172] remote.SSH.preferredLocalPortRange = undefined
[12:07:32.172] remote.SSH.useCurlAndWgetConfigurationFiles = false
[12:07:32.172] remote.SSH.experimental.chat = true
[12:07:32.173] remote.SSH.experimental.enhancedSessionLogs = true
[12:07:32.173] remote.SSH.httpProxy = {"*":""}
[12:07:32.173] remote.SSH.httpsProxy = {"*":""}
[12:07:32.179] SSH Resolver called for host: pi-zero
[12:07:32.179] Setting up SSH remote "pi-zero"
[12:07:32.184] Using commit id "bf9252a2fb45be6893dd8870c0bf37e2e1766d61" and quality "stable" for server
[12:07:32.184] Extensions to install: 
[12:07:32.187] Install and start server if needed
[12:07:32.188] PATH: /usr/local/sbin:/usr/local/bin:/usr/bin:/var/lib/flatpak/exports/bin:/usr/bin/site_perl:/usr/bin/vendor_perl:/usr/bin/core_perl
[12:07:32.188] Checking ssh with "ssh -V"
[12:07:32.194] > OpenSSH_10.2p1, OpenSSL 3.6.0 1 Oct 2025

[12:07:32.196] Running script with connection command: ssh -D 46161 -o ConnectTimeout=15 'pi-zero' bash
[12:07:32.196] Generated SSH command: 'ssh -D 46161 -o ConnectTimeout=15 'pi-zero' bash << 'EOSSH'

echo "e0c454d8879a: running"

#
# Setup
#
VSC_TMP="${XDG_RUNTIME_DIR:-`echo /tmp`}"
COMMIT_ID="bf9252a2fb45be6893dd8870c0bf37e2e1766d61"
SERVER_APP_NAME="code-server"
EXTENSIONS=""
TELEMETRY="--telemetry-level all"
VSCODE_AGENT_FOLDER=$HOME/.vscode-server
ALLOW_CLIENT_DOWNLOAD="1"
FORCE_CLIENT_DOWNLOAD="0"
MANUAL_BOOTSTRAP="0"
now=`date +%s`
VERBOSE="0"



PORT_FLAG=--port=0

SERVER_LISTEN_FLAG=
UNPACK_RESULT=
DID_LOCAL_DOWNLOAD=0
DOWNLOAD_TIME=
INSTALL_TIME=
EXT_INSTALL_TIME=
SERVER_START_TIME=
CONNECTION_TOKEN=

VSCH_DIR="$VSCODE_AGENT_FOLDER/bin/$COMMIT_ID"
VSCH_SERVER_SCRIPT="$VSCH_DIR/bin/$SERVER_APP_NAME"
VSCH_SERVER_PREREQ_SCRIPT="$VSCH_DIR/bin/helpers/check-requirements.sh"
VSCH_LOGFILE="$VSCODE_AGENT_FOLDER/.$COMMIT_ID.log"
VSCH_PIDFILE="$VSCODE_AGENT_FOLDER/.$COMMIT_ID.pid"
VSCH_TOKENFILE="$VSCODE_AGENT_FOLDER/.$COMMIT_ID.token"

fail_with_exitcode() {
	echo "e0c454d8879a: start"
	echo "exitCode==$1=="
	echo_common_results
	echo "e0c454d8879a: end"
	exit 0
}

echo_common_results() {
	echo "listeningOn==$LISTENING_ON=="
	echo "osReleaseId==$OSRELEASEID=="
	echo "arch==$ARCH=="
	echo "vscodeArch==$VSCODE_ARCH=="
	echo "bitness==$BITNESS=="
	echo "tmpDir==$VSC_TMP=="
	echo "platform==$PLATFORM=="
	echo "unpackResult==$UNPACK_RESULT=="
	echo "didLocalDownload==$DID_LOCAL_DOWNLOAD=="
	echo "downloadTime==$DOWNLOAD_TIME=="
	echo "installTime==$INSTALL_TIME=="
	echo "extInstallTime==$EXT_INSTALL_TIME=="
	echo "serverStartTime==$SERVER_START_TIME=="
}


millis() {
	if [[ $PLATFORM == linux ]]; then
		echo $(($(date +%s%N)/1000000))
	else
		# Can't get actual millis on mac
		echo $(($(date +%s)*1000))
	fi
}

elapsed() {
	echo $(($(millis) - $1))
}

do_create_install_dir() {
	if [[ ! -d "$VSCH_DIR" ]]; then
		mkdir -p "$VSCH_DIR"

		if (( $? > 0 ))
		then
			echo "Creating the server install dir failed..."
			fail_with_exitcode 202
		fi
	fi
}
do_create_install_dir

printenv_indent() {
	if [[ $VERBOSE == "1" ]]; then
		echo "printenv:"
		printenv | sed 's/^/    /'
	fi
}



#
# Get OS name
#
OSRELEASEID=`cat /etc/os-release 2>/dev/null | grep -a -E '^ID=' | sed 's/^[Ii][Dd]=//g' | sed 's/"//g'`
if [[ -z $OSRELEASEID ]]
then
	OSRELEASEID=`cat /usr/lib/os-release 2>/dev/null | grep -a -E '^ID=' | sed 's/^[Ii][Dd]=//g' | sed 's/"//g'`
	if [[ -z $OSRELEASEID ]]
	then
		OSRELEASEID=`uname -s`
	fi
fi


#
# Get host platform/architecture
#
UNAME=$(uname -s)
case $UNAME in
	Linux) PLATFORM=linux;;
	Darwin) PLATFORM=macOS;;
	*)
		echo "Unsupported platform: $UNAME"
		fail_with_exitcode 203
		;;
esac

BITNESS=$(getconf LONG_BIT)
ARCH=$(uname -m)
case $ARCH in
	x86_64) VSCODE_ARCH="x64";;
	armv7l | armv8l)
		VSCODE_ARCH="armhf"
		;;
	arm64 | aarch64)
		if [[ $BITNESS == 32 ]]; then
			# Can have 32-bit userland on 64-bit kernel
			VSCODE_ARCH="armhf"
		else
			VSCODE_ARCH="arm64"
		fi
		;;
	*)
		OSRELEASE=$(uname -r)
		case $OSRELEASE in
			*x86_64*) VSCODE_ARCH="x64";;
			*)
				echo "Unsupported architecture: $ARCH"
				fail_with_exitcode 196
			;;
		esac
		;;
esac

if [[ $PLATFORM == linux ]]; then
	PLATFORM_DOWNLOAD_PATH=server-linux-$VSCODE_ARCH
elif [[ $VSCODE_ARCH == "arm64" ]]; then
	PLATFORM_DOWNLOAD_PATH=server-darwin-arm64
else
	PLATFORM_DOWNLOAD_PATH=server-darwin
fi

#
# Acquire install lock
#
MAIN_LOCKFD=99
CLEANUP_LOCKFD=98


	use_flock=1
	if [[ $PLATFORM == "macOS" ]]; then
		use_flock=0
	fi

	## Copyright (C) 2009 Przemyslaw Pawelczyk <przemoc@gmail.com>
	## This script is licensed under the terms of the MIT license.
	## https://opensource.org/licenses/MIT

	get_lockfile() {
		lockfiles_in_tmp=0
		lockfile_name=vscode-remote-lock.$USER.$1
		if [[ $lockfiles_in_tmp == "1" ]]; then
			echo "$VSC_TMP/$lockfile_name"
		else
			echo "$VSCODE_AGENT_FOLDER/bin/$1/$lockfile_name"
		fi
	}

	# PRIVATE
	_lock() { flock -$1 $2; }

	_no_more_locking() {
		if [[ $use_flock == "1" ]]; then
			_lock u $2
			_lock xn $2 && rm -f $(get_lockfile $1)
		else
			lockfile_name=$(get_lockfile $1)
			rm -f "$lockfile_name"
			rm -f "$lockfile_name.target"
		fi
	}

	# PUBLIC - all take lock FD

	setup_locking() {
		if [[ $use_flock == "1" ]]; then
			eval "exec $2>\"$(get_lockfile $1)\"";
			trap "_no_more_locking $1 $2" EXIT
		fi
	}

	setup_lock_cleanup()  {
		if [[ $use_flock == "0" ]]; then
			trap "_no_more_locking $1" EXIT
		fi
	}

	# obtain an exclusive lock immediately or fail
	exlock_now() {
		if [[ $use_flock == "1" ]]; then
			_lock xn $1
		else
			lockfile_name=$(get_lockfile $2)
			touch "$lockfile_name.target"
			echo \\ln \"$lockfile_name.target\" \"$lockfile_name\"
			\ln "$lockfile_name.target" "$lockfile_name"
		fi
	}

	# drop a lock
	unlock() {
		if [[ $use_flock == "1" ]]; then
			_lock u $1
		else
			_no_more_locking $2
		fi
	}

setup_locking $COMMIT_ID $MAIN_LOCKFD

echo "Acquiring lock on `get_lockfile $COMMIT_ID`"
exlock_now $MAIN_LOCKFD $COMMIT_ID
if (( $? > 0 ))
then
	echo "Installation already in progress..."
	echo "If you continue to see this message, you can try toggling the remote.SSH.useFlock setting"
	fail_with_exitcode 192
fi

setup_lock_cleanup $COMMIT_ID $MAIN_LOCKFD

#
# Delete old servers if needed
#

TO_DELETE=$(ls -1 -t "$VSCODE_AGENT_FOLDER/bin" | tail -n +6)
for COMMIT_TO_DELETE in $TO_DELETE; do
	echo "Found old VS Code install $COMMIT_TO_DELETE, attempting to clean up"

	setup_locking $COMMIT_TO_DELETE $CLEANUP_LOCKFD
	exlock_now $CLEANUP_LOCKFD $COMMIT_TO_DELETE
	if (( $? == 0 )); then
		setup_lock_cleanup $COMMIT_TO_DELETE $CLEANUP_LOCKFD
		RUNNING="`ps ax | grep $COMMIT_TO_DELETE | grep -v grep | wc -l | tr -d '[:space:]'`"
		if [[ $RUNNING == 0 ]]; then
			echo "Deleting old install from $VSCODE_AGENT_FOLDER/bin/$COMMIT_TO_DELETE"
			rm -rf "$VSCODE_AGENT_FOLDER/bin/$COMMIT_TO_DELETE"

			echo "Deleting old log file from $VSCODE_AGENT_FOLDER/.$COMMIT_TO_DELETE.log"
			rm "$VSCODE_AGENT_FOLDER/.$COMMIT_TO_DELETE.log"
			if [[ -f "$VSCODE_AGENT_FOLDER/.$COMMIT_TO_DELETE.pid" ]]; then
				rm "$VSCODE_AGENT_FOLDER/.$COMMIT_TO_DELETE.pid"
			fi
			if [[ -f "$VSCODE_AGENT_FOLDER/.$COMMIT_TO_DELETE.token" ]]; then
				rm "$VSCODE_AGENT_FOLDER/.$COMMIT_TO_DELETE.token"
			fi
		else
			echo "Install still has running processes, not deleting: $COMMIT_TO_DELETE"
		fi
	else
		echo "Failed to acquire lock for install, not deleting: $COMMIT_TO_DELETE"
	fi
done

do_manual_bootstrap() {
	ALLOW_CLIENT_DOWNLOAD="0"
	FORCE_CLIENT_DOWNLOAD="0"
	DID_LOCAL_DOWNLOAD="1"

	echo "Trigger local (bootstrap) server download"
	echo e0c454d8879a:trigger_server_download
	echo artifact==$PLATFORM_DOWNLOAD_PATH==
	echo destFolder==$VSCODE_AGENT_FOLDER/bin/==
	echo destFolder2==$COMMIT_ID/vscode-server.tar.gz==
	echo e0c454d8879a:trigger_server_download_end
	echo "Waiting for client to transfer server archive..."
	echo "Waiting for $VSCH_DIR/vscode-server.tar.gz.done and vscode-server.tar.gz to exist"

	while true; do
		if [[ -f "$VSCH_DIR/vscode-server.tar.gz.done" ]]; then
			if [[ ! -f "$VSCH_DIR/vscode-server.tar.gz" ]]; then
				echo "Found flag but not server tar - server transfer failed"
				fail_with_exitcode 199
			fi

			echo "Found flag and server on host"
			rm "$VSCH_DIR/vscode-server.tar.gz.done"
			break
		else
			echo -n ' '
			sleep 3
		fi
	done
}

do_client_download() {
	DID_LOCAL_DOWNLOAD=1
	echo "Trigger local server download"
	echo e0c454d8879a:trigger_server_download
	echo artifact==$PLATFORM_DOWNLOAD_PATH==
	echo destFolder==$VSCODE_AGENT_FOLDER/bin/==
	echo destFolder2==$COMMIT_ID/vscode-server.tar.gz==
	echo e0c454d8879a:trigger_server_download_end
	echo "Waiting for client to transfer server archive..."
	echo "Waiting for $VSCH_DIR/vscode-server.tar.gz.done and vscode-server.tar.gz to exist"

	while true; do
		if [[ -f "$VSCH_DIR/vscode-server.tar.gz.done" ]]; then
			if [[ ! -f "$VSCH_DIR/vscode-server.tar.gz" ]]; then
				echo "Found flag but not server tar - server transfer failed"
				fail_with_exitcode 199
			fi

			echo "Found flag and server on host"
			rm "$VSCH_DIR/vscode-server.tar.gz.done"
			break
		else
			echo -n ' '
			sleep 3
		fi
	done
}

do_client_download_or_fail() {
	if [[ $DID_LOCAL_DOWNLOAD == "1" ]]; then
		echo "Already attempted local download, failing"
		fail_with_exitcode $1
	elif [[ $ALLOW_CLIENT_DOWNLOAD == "1" ]]; then
		do_client_download
		LOCAL_DOWNLOAD_RESULT=success
	else
		fail_with_exitcode $1
	fi
}

do_host_download() {
	start=$(millis)
	echo 'e0c454d8879a%%1%%'

	DOWNLOAD_URL=https://update.code.visualstudio.com/commit:$COMMIT_ID/$PLATFORM_DOWNLOAD_PATH/stable

	wget --version &> /dev/null
	if (( $? == 0 ))
	then
		echo "Downloading with wget"
		WGET_ERRORS=$(2>&1 wget --no-config --tries=1 --connect-timeout=7 --dns-timeout=7 -nv -O vscode-server.tar.gz $DOWNLOAD_URL)
		if (( $? != 0 ))
		then
			echo "wget download failed"
			echo $WGET_ERRORS
			printenv_indent

			do_client_download_or_fail 193
		else
			echo "Download complete"
			DOWNLOAD_TIME=$(elapsed $start)
		fi
	else
		curl --version &> /dev/null
		if (( $? == 0 ))
		then
			echo "Downloading with curl"
			CURL_OUTPUT=$(curl --disable --connect-timeout 7 -L $DOWNLOAD_URL --output vscode-server.tar.gz -w "%{http_code}")
			if [[ ($? != 0) || ($CURL_OUTPUT != 2??) ]]
			then
				echo "curl download failed"
				echo $CURL_OUTPUT
				printenv_indent

				do_client_download_or_fail 193
			else
				echo "Download complete"
				DOWNLOAD_TIME=$(elapsed $start)
			fi
		else
			printenv_indent
			echo "Neither wget nor curl is installed"

			do_client_download_or_fail 194
		fi
	fi
}

do_install() {
	start=$(millis)
	echo 'e0c454d8879a%%2%%'
	UNPACK_RESULT=success
	echo 'tar --version:'
	tar --version
	tar -xf vscode-server.tar.gz --no-same-owner
	TAR_EXIT=$?
	INSTALL_TIME=$(elapsed $start)

	if (( $TAR_EXIT > 0 ))
	then
		echo "ERROR: tar exited with non-0 exit code: $?"
		UNPACK_RESULT=error
		do_client_download_or_fail 205
		do_install
		return
	fi

	mv vscode-server*/* .

	# cheap sanity check
	if [[ ! -f "$VSCH_DIR/node" || ! -f "$VSCH_SERVER_SCRIPT" ]]
	then
		UNPACK_RESULT=missingFiles
		echo "ERROR: $VSCH_DIR/node or $VSCH_SERVER_SCRIPT don't exist"
		do_client_download_or_fail 205
		do_install
		return
	fi

	if [[ "$PLATFORM" == "linux" && ! -f "$VSCH_SERVER_PREREQ_SCRIPT" ]]
	then
		UNPACK_RESULT=missingFiles
		echo "ERROR: $VSCH_SERVER_PREREQ_SCRIPT doesn't exist"
		do_client_download_or_fail 205
		do_install
		return
	fi

	# Delete the leftover folder which might have -web prefix, and the .tar.gz
	rm -rf vscode-server*
}

do_extension_install() {
	# install extensions
	if [[ ! -z $EXTENSIONS ]]
	then
		echo "Installing extensions..."
		start=$(millis)
		"$VSCH_SERVER_SCRIPT" $TELEMETRY $EXTENSIONS
		EXT_INSTALL_TIME=$(elapsed $start)
	fi
}

#
# Install if needed
#
if [[ ! -f "$VSCH_SERVER_SCRIPT" ]]
then
	echo "Installing to $VSCH_DIR..."
	STASHED_WORKING_DIR="`pwd`"
	cd "$VSCH_DIR"

	if [[ $MANUAL_BOOTSTRAP == "1" ]]; then
		do_manual_bootstrap
	else
		if [[ $FORCE_CLIENT_DOWNLOAD == "1" ]]; then
			do_client_download
		else
			do_host_download
		fi
	fi

	do_install

	#
	# Verify linux prereqs
	#
	if [[ $PLATFORM == linux ]]; then
		cd "$STASHED_WORKING_DIR"
		"$VSCH_SERVER_PREREQ_SCRIPT"
		PREREQ_EXIT_CODE=$?
		if (( $PREREQ_EXIT_CODE == 99 )); then
			fail_with_exitcode 207
		elif (( $PREREQ_EXIT_CODE == 100 )); then
			if [[ $FORCE_CLIENT_DOWNLOAD != "1" ]]; then
				PLATFORM_DOWNLOAD_PATH=server-linux-legacy-$VSCODE_ARCH
				rm -rf "$VSCH_DIR"
				do_create_install_dir
				cd "$VSCH_DIR"
				do_host_download
				do_install
			fi
		fi
	fi
	cd "$STASHED_WORKING_DIR"
else
	echo "Found existing installation at $VSCH_DIR..."
fi


#
# Generate a new connection token
#
write_connection_token() {
	rm "$VSCH_TOKENFILE"
	CONNECTION_TOKEN="deee0d65-c9be-4863-bf98-1c8aea2ce42a"
	touch "$VSCH_TOKENFILE"
	chmod 0700 "$VSCH_TOKENFILE"
	echo $CONNECTION_TOKEN > "$VSCH_TOKENFILE"
}

#
# Start the server
#
start_server() {
	echo "Starting VS Code Server... \"$VSCH_SERVER_SCRIPT\" --start-server --server-data-dir \"$VSCODE_AGENT_FOLDER\" --host=127.0.0.1 --accept-server-license-terms --enable-remote-auto-shutdown $PORT_FLAG $TELEMETRY $SERVER_LISTEN_FLAG $EXTENSIONS &> \"$VSCH_LOGFILE\" < /dev/null"
	echo "The VS Code Server log file is $VSCH_LOGFILE"
	printenv_indent
	start=$(millis)
	write_connection_token
	if [[ -f $VSCH_LOGFILE ]]; then
		echo "Removing old logfile at $VSCH_LOGFILE"
		rm "$VSCH_LOGFILE" # See #6265
	fi
	"$VSCH_SERVER_SCRIPT" --start-server --server-data-dir "$VSCODE_AGENT_FOLDER" --host=127.0.0.1 --accept-server-license-terms --enable-remote-auto-shutdown $PORT_FLAG $TELEMETRY $SERVER_LISTEN_FLAG $EXTENSIONS --connection-token-file "$VSCH_TOKENFILE" &> "$VSCH_LOGFILE" < /dev/null &
	echo $! > "$VSCH_PIDFILE"
	echo "Spawned remote server: $!"

	stopTime=$((SECONDS+15))

	while (($SECONDS < $stopTime))
	do
		LISTENING_ON=`cat "$VSCH_LOGFILE" | grep -a -E 'Extension host agent listening on .+' | grep -v grep | sed 's/Extension host agent listening on //'`
		if [[ $LISTENING_ON != '' ]]
		then
			break
		fi

		echo "Waiting for server log..."
		sleep .03
	done

	SERVER_START_TIME=$(elapsed $start)
}

echo "Checking $VSCH_LOGFILE and $VSCH_PIDFILE for a running server"
if [[ -f "$VSCH_PIDFILE" ]]; then
	SERVER_PID=`cat "$VSCH_PIDFILE"`
	echo "Looking for server with pid: $SERVER_PID"
	ALL_PROCS=`ps ax | grep "^\s*$SERVER_PID\s"`
else
	ALL_PROCS=`ps ax`
fi

RUNNING="`echo $ALL_PROCS | grep "$VSCH_SERVER_SCRIPT" | grep -v grep | wc -l | tr -d '[:space:]'`"
if [[ $RUNNING == 0 ]]; then
	start_server
elif [[ ! -f "$VSCH_LOGFILE" ]]; then
	echo "WARNING: VS Code Server is running but its logfile is missing. Don't delete the VS Code Server manually, run the command 'Uninstall VS Code Server'."
	start_server
else
	echo "Found running server..."
	do_extension_install
	if [[ -f "$VSCH_TOKENFILE" ]]; then
		CONNECTION_TOKEN=`cat "$VSCH_TOKENFILE"`
	fi
fi

echo " "
echo "*"
echo "* Visual Studio Code Server"
echo "*"
echo "* By using the software, you agree to"
echo "* the Visual Studio Code Server License Terms (https://aka.ms/vscode-server-license) and"
echo "* the Microsoft Privacy Statement (https://privacy.microsoft.com/en-US/privacystatement)."
echo "*"
echo " "

LISTENING_ON=`cat "$VSCH_LOGFILE" | grep -a -E 'Extension host agent listening on .+' | grep -v grep | sed 's/Extension host agent listening on //'`
WEBUITOKEN=`cat "$VSCH_LOGFILE" | grep -a -E 'Web UI available at' | grep -o -E 'tkn=[0-9a-f-]+' | grep -o -E '[0-9a-f-]+'`
if [[ -z $LISTENING_ON ]]
then
	echo "Server did not start successfully. Full server log at $VSCH_LOGFILE >>>"
	cat "$VSCH_LOGFILE"
	echo "<<< End of server log"
	fail_with_exitcode 200
fi

#
# If the server was already running, ensure that it won't shut down in the near future
#
if [[ $RUNNING != 0 ]]; then
	# In case the server is close to timing out and shutting down, ask it to delay shutdown

	wget --version &> /dev/null
	if [[ $? == 0 && $LISTENING_ON =~ (^[[:digit:]]+$) ]]
	then
		echo "Checking server status on port $LISTENING_ON with wget"
		WGET_OUT=$(wget --no-config --no-proxy -nv -O - http://127.0.0.1:$LISTENING_ON/delay-shutdown 2>&1)
		if [[ $? != 0 ]]; then
			echo $WGET_OUT
			fail_with_exitcode 197
		fi
	else
		curl --version &> /dev/null
		if (( $? == 0 ))
		then
			if [[ $LISTENING_ON =~ (^[[:digit:]]+$) ]]
			then
				echo "Checking server status on port $LISTENING_ON with curl"
				CURL_OUTPUT=$(curl --disable --noproxy 127.0.0.1 -s http://127.0.0.1:$LISTENING_ON/delay-shutdown -w " %{http_code}")
			else
				echo "Checking server status on socket $LISTENING_ON with curl"
				CURL_OUTPUT=$(curl --disable --noproxy 127.0.0.1 -s --unix-socket $LISTENING_ON http://127.0.0.1/delay-shutdown -w " %{http_code}")
			fi

			if [[ ($? != 0) || ($CURL_OUTPUT != "OK 200") ]]; then
				echo $CURL_OUTPUT
				fail_with_exitcode 197
			fi
		else
			echo "Neither wget nor curl is installed"
			fail_with_exitcode 194
		fi
	fi
fi


# What we echo below cannot be wider than 80 characters
echo "e0c454d8879a: start"
echo SSH_AUTH_SOCK==$SSH_AUTH_SOCK==
echo DISPLAY==$DISPLAY==
echo "webUiAccessToken==$WEBUITOKEN=="
echo_common_results
echo "connectionToken==$CONNECTION_TOKEN=="
echo "e0c454d8879a: end"

unlock $MAIN_LOCKFD $COMMIT_ID

while true; do sleep 180; echo -n ' '; done

EOSSH'
[12:07:32.196] Using connect timeout of 17 seconds
[12:07:33.738] > bryan@192.168.1.75's password: 
[12:07:33.738] Got some output, clearing connection timeout
[12:07:33.739] Showing password prompt
[12:07:39.407] Got password response
[12:07:39.407] "install" wrote data to terminal: "*********"
[12:07:39.418] > 
[12:07:44.383] > e0c454d8879a: running
[12:07:44.586] > Acquiring lock on /home/bryan/.vscode-server/bin/bf9252a2fb45be6893dd8870c0bf37e2e1766d61/vscode-remote-lock.bryan.bf9252a2fb45be6893dd8870c0bf37e2e1766d61
> Found existing installation at /home/bryan/.vscode-server/bin/bf9252a2fb45be6893dd8870c0bf37e2e1766d61...
> Checking /home/bryan/.vscode-server/.bf9252a2fb45be6893dd8870c0bf37e2e1766d61.log and /home/bryan/.vscode-server/.bf9252a2fb45be6893dd8870c0bf37e2e1766d61.pid for a running server
> Looking for server with pid: 1547
[12:07:44.687] > Found running server...
[12:07:44.694] >  
> *
> * Visual Studio Code Server
> *
> * By using the software, you agree to
> * the Visual Studio Code Server License Terms (https://aka.ms/vscode-server-license) and
> * the Microsoft Privacy Statement (https://privacy.microsoft.com/en-US/privacystatement).
> *
>  
[12:07:44.995] > Checking server status on port 39703 with wget
[12:07:45.020] > e0c454d8879a: start
> SSH_AUTH_SOCK====
> DISPLAY====
> webUiAccessToken====
> listeningOn==39703==
> osReleaseId==raspbian==
> arch==armv7l==
> vscodeArch==armhf==
> bitness==32==
> tmpDir==/run/user/1000==
> platform==linux==
> unpackResult====
> didLocalDownload==0==
> downloadTime====
> installTime====
> extInstallTime====
> serverStartTime====
> connectionToken==1a111111-11a1-11a1-a111-a1aa11111a11==
> e0c454d8879a: end
[12:07:45.020] Received install output: 
SSH_AUTH_SOCK====
DISPLAY====
webUiAccessToken====
listeningOn==39703==
osReleaseId==raspbian==
arch==armv7l==
vscodeArch==armhf==
bitness==32==
tmpDir==/run/user/1000==
platform==linux==
unpackResult====
didLocalDownload==0==
downloadTime====
installTime====
extInstallTime====
serverStartTime====
connectionToken==1a111111-11a1-11a1-a111-a1aa11111a11==

[12:07:45.020] Remote server is listening on port 39703
[12:07:45.020] Parsed server configuration: {"serverConfiguration":{"remoteListeningOn":{"port":39703},"osReleaseId":"raspbian","arch":"armv7l","webUiAccessToken":"","sshAuthSock":"","display":"","tmpDir":"/run/user/1000","platform":"linux","connectionToken":"1a111111-11a1-11a1-a111-a1aa11111a11"},"installUnpackCode":""}
[12:07:45.021] Starting forwarding server. local port 45553 -> socksPort 46161 -> remotePort 39703
[12:07:45.022] Forwarding server listening on port 45553
[12:07:45.022] Waiting for ssh tunnel to be ready
[12:07:45.022] [Forwarding server port 45553] Got connection 0
[12:07:45.023] Tunneled port 39703 to local port 45553
[12:07:45.023] Resolved "ssh-remote+pi-zero" to "port 45553"
[12:07:45.029] ------




[12:07:45.030] No hints found in the recent session.
[12:07:45.042] [Forwarding server port 45553] Got connection 1
[12:07:45.101] [Forwarding server port 45553] Got connection 2
[12:28:40.820] [Forwarding server port 45553] Got connection 3
[12:28:40.821] ------




[12:28:40.821] SSH Resolver called for "ssh-remote+pi-zero", attempt 2, (Reconnection)
[12:28:40.822] SSH Resolver called for host: pi-zero
[12:28:40.822] Setting up SSH remote "pi-zero"
[12:28:40.823] Using commit id "bf9252a2fb45be6893dd8870c0bf37e2e1766d61" and quality "stable" for server
[12:28:40.823] Extensions to install: 
[12:28:40.826] Install and start server if needed
[12:28:40.827] Running script with connection command: ssh -D 40445 -o ConnectTimeout=15 'pi-zero' bash
[12:28:40.827] Generated SSH command: 'ssh -D 40445 -o ConnectTimeout=15 'pi-zero' bash << 'EOSSH'

echo "16b1f05367c7: running"

#
# Setup
#
VSC_TMP="${XDG_RUNTIME_DIR:-`echo /tmp`}"
COMMIT_ID="bf9252a2fb45be6893dd8870c0bf37e2e1766d61"
SERVER_APP_NAME="code-server"
EXTENSIONS=""
TELEMETRY="--telemetry-level all"
VSCODE_AGENT_FOLDER=$HOME/.vscode-server
ALLOW_CLIENT_DOWNLOAD="1"
FORCE_CLIENT_DOWNLOAD="0"
MANUAL_BOOTSTRAP="0"
now=`date +%s`
VERBOSE="0"



PORT_FLAG=--port=0

SERVER_LISTEN_FLAG=
UNPACK_RESULT=
DID_LOCAL_DOWNLOAD=0
DOWNLOAD_TIME=
INSTALL_TIME=
EXT_INSTALL_TIME=
SERVER_START_TIME=
CONNECTION_TOKEN=

VSCH_DIR="$VSCODE_AGENT_FOLDER/bin/$COMMIT_ID"
VSCH_SERVER_SCRIPT="$VSCH_DIR/bin/$SERVER_APP_NAME"
VSCH_SERVER_PREREQ_SCRIPT="$VSCH_DIR/bin/helpers/check-requirements.sh"
VSCH_LOGFILE="$VSCODE_AGENT_FOLDER/.$COMMIT_ID.log"
VSCH_PIDFILE="$VSCODE_AGENT_FOLDER/.$COMMIT_ID.pid"
VSCH_TOKENFILE="$VSCODE_AGENT_FOLDER/.$COMMIT_ID.token"

fail_with_exitcode() {
	echo "16b1f05367c7: start"
	echo "exitCode==$1=="
	echo_common_results
	echo "16b1f05367c7: end"
	exit 0
}

echo_common_results() {
	echo "listeningOn==$LISTENING_ON=="
	echo "osReleaseId==$OSRELEASEID=="
	echo "arch==$ARCH=="
	echo "vscodeArch==$VSCODE_ARCH=="
	echo "bitness==$BITNESS=="
	echo "tmpDir==$VSC_TMP=="
	echo "platform==$PLATFORM=="
	echo "unpackResult==$UNPACK_RESULT=="
	echo "didLocalDownload==$DID_LOCAL_DOWNLOAD=="
	echo "downloadTime==$DOWNLOAD_TIME=="
	echo "installTime==$INSTALL_TIME=="
	echo "extInstallTime==$EXT_INSTALL_TIME=="
	echo "serverStartTime==$SERVER_START_TIME=="
}


millis() {
	if [[ $PLATFORM == linux ]]; then
		echo $(($(date +%s%N)/1000000))
	else
		# Can't get actual millis on mac
		echo $(($(date +%s)*1000))
	fi
}

elapsed() {
	echo $(($(millis) - $1))
}

do_create_install_dir() {
	if [[ ! -d "$VSCH_DIR" ]]; then
		mkdir -p "$VSCH_DIR"

		if (( $? > 0 ))
		then
			echo "Creating the server install dir failed..."
			fail_with_exitcode 202
		fi
	fi
}
do_create_install_dir

printenv_indent() {
	if [[ $VERBOSE == "1" ]]; then
		echo "printenv:"
		printenv | sed 's/^/    /'
	fi
}



#
# Get OS name
#
OSRELEASEID=`cat /etc/os-release 2>/dev/null | grep -a -E '^ID=' | sed 's/^[Ii][Dd]=//g' | sed 's/"//g'`
if [[ -z $OSRELEASEID ]]
then
	OSRELEASEID=`cat /usr/lib/os-release 2>/dev/null | grep -a -E '^ID=' | sed 's/^[Ii][Dd]=//g' | sed 's/"//g'`
	if [[ -z $OSRELEASEID ]]
	then
		OSRELEASEID=`uname -s`
	fi
fi


#
# Get host platform/architecture
#
UNAME=$(uname -s)
case $UNAME in
	Linux) PLATFORM=linux;;
	Darwin) PLATFORM=macOS;;
	*)
		echo "Unsupported platform: $UNAME"
		fail_with_exitcode 203
		;;
esac

BITNESS=$(getconf LONG_BIT)
ARCH=$(uname -m)
case $ARCH in
	x86_64) VSCODE_ARCH="x64";;
	armv7l | armv8l)
		VSCODE_ARCH="armhf"
		;;
	arm64 | aarch64)
		if [[ $BITNESS == 32 ]]; then
			# Can have 32-bit userland on 64-bit kernel
			VSCODE_ARCH="armhf"
		else
			VSCODE_ARCH="arm64"
		fi
		;;
	*)
		OSRELEASE=$(uname -r)
		case $OSRELEASE in
			*x86_64*) VSCODE_ARCH="x64";;
			*)
				echo "Unsupported architecture: $ARCH"
				fail_with_exitcode 196
			;;
		esac
		;;
esac

if [[ $PLATFORM == linux ]]; then
	PLATFORM_DOWNLOAD_PATH=server-linux-$VSCODE_ARCH
elif [[ $VSCODE_ARCH == "arm64" ]]; then
	PLATFORM_DOWNLOAD_PATH=server-darwin-arm64
else
	PLATFORM_DOWNLOAD_PATH=server-darwin
fi

#
# Acquire install lock
#
MAIN_LOCKFD=99
CLEANUP_LOCKFD=98


	use_flock=1
	if [[ $PLATFORM == "macOS" ]]; then
		use_flock=0
	fi

	## Copyright (C) 2009 Przemyslaw Pawelczyk <przemoc@gmail.com>
	## This script is licensed under the terms of the MIT license.
	## https://opensource.org/licenses/MIT

	get_lockfile() {
		lockfiles_in_tmp=0
		lockfile_name=vscode-remote-lock.$USER.$1
		if [[ $lockfiles_in_tmp == "1" ]]; then
			echo "$VSC_TMP/$lockfile_name"
		else
			echo "$VSCODE_AGENT_FOLDER/bin/$1/$lockfile_name"
		fi
	}

	# PRIVATE
	_lock() { flock -$1 $2; }

	_no_more_locking() {
		if [[ $use_flock == "1" ]]; then
			_lock u $2
			_lock xn $2 && rm -f $(get_lockfile $1)
		else
			lockfile_name=$(get_lockfile $1)
			rm -f "$lockfile_name"
			rm -f "$lockfile_name.target"
		fi
	}

	# PUBLIC - all take lock FD

	setup_locking() {
		if [[ $use_flock == "1" ]]; then
			eval "exec $2>\"$(get_lockfile $1)\"";
			trap "_no_more_locking $1 $2" EXIT
		fi
	}

	setup_lock_cleanup()  {
		if [[ $use_flock == "0" ]]; then
			trap "_no_more_locking $1" EXIT
		fi
	}

	# obtain an exclusive lock immediately or fail
	exlock_now() {
		if [[ $use_flock == "1" ]]; then
			_lock xn $1
		else
			lockfile_name=$(get_lockfile $2)
			touch "$lockfile_name.target"
			echo \\ln \"$lockfile_name.target\" \"$lockfile_name\"
			\ln "$lockfile_name.target" "$lockfile_name"
		fi
	}

	# drop a lock
	unlock() {
		if [[ $use_flock == "1" ]]; then
			_lock u $1
		else
			_no_more_locking $2
		fi
	}

setup_locking $COMMIT_ID $MAIN_LOCKFD

echo "Acquiring lock on `get_lockfile $COMMIT_ID`"
exlock_now $MAIN_LOCKFD $COMMIT_ID
if (( $? > 0 ))
then
	echo "Installation already in progress..."
	echo "If you continue to see this message, you can try toggling the remote.SSH.useFlock setting"
	fail_with_exitcode 192
fi

setup_lock_cleanup $COMMIT_ID $MAIN_LOCKFD

#
# Delete old servers if needed
#

TO_DELETE=$(ls -1 -t "$VSCODE_AGENT_FOLDER/bin" | tail -n +6)
for COMMIT_TO_DELETE in $TO_DELETE; do
	echo "Found old VS Code install $COMMIT_TO_DELETE, attempting to clean up"

	setup_locking $COMMIT_TO_DELETE $CLEANUP_LOCKFD
	exlock_now $CLEANUP_LOCKFD $COMMIT_TO_DELETE
	if (( $? == 0 )); then
		setup_lock_cleanup $COMMIT_TO_DELETE $CLEANUP_LOCKFD
		RUNNING="`ps ax | grep $COMMIT_TO_DELETE | grep -v grep | wc -l | tr -d '[:space:]'`"
		if [[ $RUNNING == 0 ]]; then
			echo "Deleting old install from $VSCODE_AGENT_FOLDER/bin/$COMMIT_TO_DELETE"
			rm -rf "$VSCODE_AGENT_FOLDER/bin/$COMMIT_TO_DELETE"

			echo "Deleting old log file from $VSCODE_AGENT_FOLDER/.$COMMIT_TO_DELETE.log"
			rm "$VSCODE_AGENT_FOLDER/.$COMMIT_TO_DELETE.log"
			if [[ -f "$VSCODE_AGENT_FOLDER/.$COMMIT_TO_DELETE.pid" ]]; then
				rm "$VSCODE_AGENT_FOLDER/.$COMMIT_TO_DELETE.pid"
			fi
			if [[ -f "$VSCODE_AGENT_FOLDER/.$COMMIT_TO_DELETE.token" ]]; then
				rm "$VSCODE_AGENT_FOLDER/.$COMMIT_TO_DELETE.token"
			fi
		else
			echo "Install still has running processes, not deleting: $COMMIT_TO_DELETE"
		fi
	else
		echo "Failed to acquire lock for install, not deleting: $COMMIT_TO_DELETE"
	fi
done

do_manual_bootstrap() {
	ALLOW_CLIENT_DOWNLOAD="0"
	FORCE_CLIENT_DOWNLOAD="0"
	DID_LOCAL_DOWNLOAD="1"

	echo "Trigger local (bootstrap) server download"
	echo 16b1f05367c7:trigger_server_download
	echo artifact==$PLATFORM_DOWNLOAD_PATH==
	echo destFolder==$VSCODE_AGENT_FOLDER/bin/==
	echo destFolder2==$COMMIT_ID/vscode-server.tar.gz==
	echo 16b1f05367c7:trigger_server_download_end
	echo "Waiting for client to transfer server archive..."
	echo "Waiting for $VSCH_DIR/vscode-server.tar.gz.done and vscode-server.tar.gz to exist"

	while true; do
		if [[ -f "$VSCH_DIR/vscode-server.tar.gz.done" ]]; then
			if [[ ! -f "$VSCH_DIR/vscode-server.tar.gz" ]]; then
				echo "Found flag but not server tar - server transfer failed"
				fail_with_exitcode 199
			fi

			echo "Found flag and server on host"
			rm "$VSCH_DIR/vscode-server.tar.gz.done"
			break
		else
			echo -n ' '
			sleep 3
		fi
	done
}

do_client_download() {
	DID_LOCAL_DOWNLOAD=1
	echo "Trigger local server download"
	echo 16b1f05367c7:trigger_server_download
	echo artifact==$PLATFORM_DOWNLOAD_PATH==
	echo destFolder==$VSCODE_AGENT_FOLDER/bin/==
	echo destFolder2==$COMMIT_ID/vscode-server.tar.gz==
	echo 16b1f05367c7:trigger_server_download_end
	echo "Waiting for client to transfer server archive..."
	echo "Waiting for $VSCH_DIR/vscode-server.tar.gz.done and vscode-server.tar.gz to exist"

	while true; do
		if [[ -f "$VSCH_DIR/vscode-server.tar.gz.done" ]]; then
			if [[ ! -f "$VSCH_DIR/vscode-server.tar.gz" ]]; then
				echo "Found flag but not server tar - server transfer failed"
				fail_with_exitcode 199
			fi

			echo "Found flag and server on host"
			rm "$VSCH_DIR/vscode-server.tar.gz.done"
			break
		else
			echo -n ' '
			sleep 3
		fi
	done
}

do_client_download_or_fail() {
	if [[ $DID_LOCAL_DOWNLOAD == "1" ]]; then
		echo "Already attempted local download, failing"
		fail_with_exitcode $1
	elif [[ $ALLOW_CLIENT_DOWNLOAD == "1" ]]; then
		do_client_download
		LOCAL_DOWNLOAD_RESULT=success
	else
		fail_with_exitcode $1
	fi
}

do_host_download() {
	start=$(millis)
	echo '16b1f05367c7%%1%%'

	DOWNLOAD_URL=https://update.code.visualstudio.com/commit:$COMMIT_ID/$PLATFORM_DOWNLOAD_PATH/stable

	wget --version &> /dev/null
	if (( $? == 0 ))
	then
		echo "Downloading with wget"
		WGET_ERRORS=$(2>&1 wget --no-config --tries=1 --connect-timeout=7 --dns-timeout=7 -nv -O vscode-server.tar.gz $DOWNLOAD_URL)
		if (( $? != 0 ))
		then
			echo "wget download failed"
			echo $WGET_ERRORS
			printenv_indent

			do_client_download_or_fail 193
		else
			echo "Download complete"
			DOWNLOAD_TIME=$(elapsed $start)
		fi
	else
		curl --version &> /dev/null
		if (( $? == 0 ))
		then
			echo "Downloading with curl"
			CURL_OUTPUT=$(curl --disable --connect-timeout 7 -L $DOWNLOAD_URL --output vscode-server.tar.gz -w "%{http_code}")
			if [[ ($? != 0) || ($CURL_OUTPUT != 2??) ]]
			then
				echo "curl download failed"
				echo $CURL_OUTPUT
				printenv_indent

				do_client_download_or_fail 193
			else
				echo "Download complete"
				DOWNLOAD_TIME=$(elapsed $start)
			fi
		else
			printenv_indent
			echo "Neither wget nor curl is installed"

			do_client_download_or_fail 194
		fi
	fi
}

do_install() {
	start=$(millis)
	echo '16b1f05367c7%%2%%'
	UNPACK_RESULT=success
	echo 'tar --version:'
	tar --version
	tar -xf vscode-server.tar.gz --no-same-owner
	TAR_EXIT=$?
	INSTALL_TIME=$(elapsed $start)

	if (( $TAR_EXIT > 0 ))
	then
		echo "ERROR: tar exited with non-0 exit code: $?"
		UNPACK_RESULT=error
		do_client_download_or_fail 205
		do_install
		return
	fi

	mv vscode-server*/* .

	# cheap sanity check
	if [[ ! -f "$VSCH_DIR/node" || ! -f "$VSCH_SERVER_SCRIPT" ]]
	then
		UNPACK_RESULT=missingFiles
		echo "ERROR: $VSCH_DIR/node or $VSCH_SERVER_SCRIPT don't exist"
		do_client_download_or_fail 205
		do_install
		return
	fi

	if [[ "$PLATFORM" == "linux" && ! -f "$VSCH_SERVER_PREREQ_SCRIPT" ]]
	then
		UNPACK_RESULT=missingFiles
		echo "ERROR: $VSCH_SERVER_PREREQ_SCRIPT doesn't exist"
		do_client_download_or_fail 205
		do_install
		return
	fi

	# Delete the leftover folder which might have -web prefix, and the .tar.gz
	rm -rf vscode-server*
}

do_extension_install() {
	# install extensions
	if [[ ! -z $EXTENSIONS ]]
	then
		echo "Installing extensions..."
		start=$(millis)
		"$VSCH_SERVER_SCRIPT" $TELEMETRY $EXTENSIONS
		EXT_INSTALL_TIME=$(elapsed $start)
	fi
}

#
# Install if needed
#
if [[ ! -f "$VSCH_SERVER_SCRIPT" ]]
then
	echo "Installing to $VSCH_DIR..."
	STASHED_WORKING_DIR="`pwd`"
	cd "$VSCH_DIR"

	if [[ $MANUAL_BOOTSTRAP == "1" ]]; then
		do_manual_bootstrap
	else
		if [[ $FORCE_CLIENT_DOWNLOAD == "1" ]]; then
			do_client_download
		else
			do_host_download
		fi
	fi

	do_install

	#
	# Verify linux prereqs
	#
	if [[ $PLATFORM == linux ]]; then
		cd "$STASHED_WORKING_DIR"
		"$VSCH_SERVER_PREREQ_SCRIPT"
		PREREQ_EXIT_CODE=$?
		if (( $PREREQ_EXIT_CODE == 99 )); then
			fail_with_exitcode 207
		elif (( $PREREQ_EXIT_CODE == 100 )); then
			if [[ $FORCE_CLIENT_DOWNLOAD != "1" ]]; then
				PLATFORM_DOWNLOAD_PATH=server-linux-legacy-$VSCODE_ARCH
				rm -rf "$VSCH_DIR"
				do_create_install_dir
				cd "$VSCH_DIR"
				do_host_download
				do_install
			fi
		fi
	fi
	cd "$STASHED_WORKING_DIR"
else
	echo "Found existing installation at $VSCH_DIR..."
fi


#
# Generate a new connection token
#
write_connection_token() {
	rm "$VSCH_TOKENFILE"
	CONNECTION_TOKEN="358959df-a511-4318-bbb7-6b0aa3f0aecd"
	touch "$VSCH_TOKENFILE"
	chmod 0700 "$VSCH_TOKENFILE"
	echo $CONNECTION_TOKEN > "$VSCH_TOKENFILE"
}

#
# Start the server
#
start_server() {
	echo "Starting VS Code Server... \"$VSCH_SERVER_SCRIPT\" --start-server --server-data-dir \"$VSCODE_AGENT_FOLDER\" --host=127.0.0.1 --accept-server-license-terms --enable-remote-auto-shutdown $PORT_FLAG $TELEMETRY $SERVER_LISTEN_FLAG $EXTENSIONS &> \"$VSCH_LOGFILE\" < /dev/null"
	echo "The VS Code Server log file is $VSCH_LOGFILE"
	printenv_indent
	start=$(millis)
	write_connection_token
	if [[ -f $VSCH_LOGFILE ]]; then
		echo "Removing old logfile at $VSCH_LOGFILE"
		rm "$VSCH_LOGFILE" # See #6265
	fi
	"$VSCH_SERVER_SCRIPT" --start-server --server-data-dir "$VSCODE_AGENT_FOLDER" --host=127.0.0.1 --accept-server-license-terms --enable-remote-auto-shutdown $PORT_FLAG $TELEMETRY $SERVER_LISTEN_FLAG $EXTENSIONS --connection-token-file "$VSCH_TOKENFILE" &> "$VSCH_LOGFILE" < /dev/null &
	echo $! > "$VSCH_PIDFILE"
	echo "Spawned remote server: $!"

	stopTime=$((SECONDS+15))

	while (($SECONDS < $stopTime))
	do
		LISTENING_ON=`cat "$VSCH_LOGFILE" | grep -a -E 'Extension host agent listening on .+' | grep -v grep | sed 's/Extension host agent listening on //'`
		if [[ $LISTENING_ON != '' ]]
		then
			break
		fi

		echo "Waiting for server log..."
		sleep .03
	done

	SERVER_START_TIME=$(elapsed $start)
}

echo "Checking $VSCH_LOGFILE and $VSCH_PIDFILE for a running server"
if [[ -f "$VSCH_PIDFILE" ]]; then
	SERVER_PID=`cat "$VSCH_PIDFILE"`
	echo "Looking for server with pid: $SERVER_PID"
	ALL_PROCS=`ps ax | grep "^\s*$SERVER_PID\s"`
else
	ALL_PROCS=`ps ax`
fi

RUNNING="`echo $ALL_PROCS | grep "$VSCH_SERVER_SCRIPT" | grep -v grep | wc -l | tr -d '[:space:]'`"
if [[ $RUNNING == 0 ]]; then
	start_server
elif [[ ! -f "$VSCH_LOGFILE" ]]; then
	echo "WARNING: VS Code Server is running but its logfile is missing. Don't delete the VS Code Server manually, run the command 'Uninstall VS Code Server'."
	start_server
else
	echo "Found running server..."
	do_extension_install
	if [[ -f "$VSCH_TOKENFILE" ]]; then
		CONNECTION_TOKEN=`cat "$VSCH_TOKENFILE"`
	fi
fi

echo " "
echo "*"
echo "* Visual Studio Code Server"
echo "*"
echo "* By using the software, you agree to"
echo "* the Visual Studio Code Server License Terms (https://aka.ms/vscode-server-license) and"
echo "* the Microsoft Privacy Statement (https://privacy.microsoft.com/en-US/privacystatement)."
echo "*"
echo " "

LISTENING_ON=`cat "$VSCH_LOGFILE" | grep -a -E 'Extension host agent listening on .+' | grep -v grep | sed 's/Extension host agent listening on //'`
WEBUITOKEN=`cat "$VSCH_LOGFILE" | grep -a -E 'Web UI available at' | grep -o -E 'tkn=[0-9a-f-]+' | grep -o -E '[0-9a-f-]+'`
if [[ -z $LISTENING_ON ]]
then
	echo "Server did not start successfully. Full server log at $VSCH_LOGFILE >>>"
	cat "$VSCH_LOGFILE"
	echo "<<< End of server log"
	fail_with_exitcode 200
fi

#
# If the server was already running, ensure that it won't shut down in the near future
#
if [[ $RUNNING != 0 ]]; then
	# In case the server is close to timing out and shutting down, ask it to delay shutdown

	wget --version &> /dev/null
	if [[ $? == 0 && $LISTENING_ON =~ (^[[:digit:]]+$) ]]
	then
		echo "Checking server status on port $LISTENING_ON with wget"
		WGET_OUT=$(wget --no-config --no-proxy -nv -O - http://127.0.0.1:$LISTENING_ON/delay-shutdown 2>&1)
		if [[ $? != 0 ]]; then
			echo $WGET_OUT
			fail_with_exitcode 197
		fi
	else
		curl --version &> /dev/null
		if (( $? == 0 ))
		then
			if [[ $LISTENING_ON =~ (^[[:digit:]]+$) ]]
			then
				echo "Checking server status on port $LISTENING_ON with curl"
				CURL_OUTPUT=$(curl --disable --noproxy 127.0.0.1 -s http://127.0.0.1:$LISTENING_ON/delay-shutdown -w " %{http_code}")
			else
				echo "Checking server status on socket $LISTENING_ON with curl"
				CURL_OUTPUT=$(curl --disable --noproxy 127.0.0.1 -s --unix-socket $LISTENING_ON http://127.0.0.1/delay-shutdown -w " %{http_code}")
			fi

			if [[ ($? != 0) || ($CURL_OUTPUT != "OK 200") ]]; then
				echo $CURL_OUTPUT
				fail_with_exitcode 197
			fi
		else
			echo "Neither wget nor curl is installed"
			fail_with_exitcode 194
		fi
	fi
fi


# What we echo below cannot be wider than 80 characters
echo "16b1f05367c7: start"
echo SSH_AUTH_SOCK==$SSH_AUTH_SOCK==
echo DISPLAY==$DISPLAY==
echo "webUiAccessToken==$WEBUITOKEN=="
echo_common_results
echo "connectionToken==$CONNECTION_TOKEN=="
echo "16b1f05367c7: end"

unlock $MAIN_LOCKFD $COMMIT_ID

while true; do sleep 180; echo -n ' '; done

EOSSH'
[12:28:40.827] Using connect timeout of 17 seconds
[12:28:44.038] > ssh: connect to host 192.168.1.75 port 22: No route to host
[12:28:44.038] Got some output, clearing connection timeout
[12:28:44.279] "install" terminal command done
[12:28:44.279] Install terminal quit with output: ssh: connect to host 192.168.1.75 port 22: No route to host
[12:28:44.280] Received install output: ssh: connect to host 192.168.1.75 port 22: No route to host
[12:28:44.280] WARN: $PLATFORM is undefined in installation script output.  Errors may be dropped.
[12:28:44.280] Resolver error: Error: No route to host
	at y.Offline (/home/bryan/.vscode/extensions/ms-vscode-remote.remote-ssh-0.120.0/out/extension.js:2:744802)
	at /home/bryan/.vscode/extensions/ms-vscode-remote.remote-ssh-0.120.0/out/extension.js:2:741290
	at t.handleInstallOutput (/home/bryan/.vscode/extensions/ms-vscode-remote.remote-ssh-0.120.0/out/extension.js:2:741433)
	at t.tryInstall (/home/bryan/.vscode/extensions/ms-vscode-remote.remote-ssh-0.120.0/out/extension.js:2:865534)
	at async /home/bryan/.vscode/extensions/ms-vscode-remote.remote-ssh-0.120.0/out/extension.js:2:824246
	at async t.withShowDetailsEvent (/home/bryan/.vscode/extensions/ms-vscode-remote.remote-ssh-0.120.0/out/extension.js:2:827501)
	at async A (/home/bryan/.vscode/extensions/ms-vscode-remote.remote-ssh-0.120.0/out/extension.js:2:820760)
	at async t.resolve (/home/bryan/.vscode/extensions/ms-vscode-remote.remote-ssh-0.120.0/out/extension.js:2:824898)
	at async /home/bryan/.vscode/extensions/ms-vscode-remote.remote-ssh-0.120.0/out/extension.js:2:1113660
[12:28:44.282] ------




[12:28:44.283]  ---------- [Session Summary] ----------- 
[12:28:44.283] [OfflineError]: Error: OfflineError (No route to host)
[12:28:44.283]  ---------------------------------------- 
[12:28:49.502] ------




[12:28:49.502] SSH Resolver called for "ssh-remote+pi-zero", attempt 3, (Reconnection)
[12:28:49.503] SSH Resolver called for host: pi-zero
[12:28:49.503] Setting up SSH remote "pi-zero"
[12:28:49.504] Using commit id "bf9252a2fb45be6893dd8870c0bf37e2e1766d61" and quality "stable" for server
[12:28:49.504] Extensions to install: 
[12:28:49.506] Install and start server if needed
[12:28:49.507] Running script with connection command: ssh -D 45723 -o ConnectTimeout=15 'pi-zero' bash
[12:28:49.508] Generated SSH command: 'ssh -D 45723 -o ConnectTimeout=15 'pi-zero' bash << 'EOSSH'

echo "d3e928572f88: running"

#
# Setup
#
VSC_TMP="${XDG_RUNTIME_DIR:-`echo /tmp`}"
COMMIT_ID="bf9252a2fb45be6893dd8870c0bf37e2e1766d61"
SERVER_APP_NAME="code-server"
EXTENSIONS=""
TELEMETRY="--telemetry-level all"
VSCODE_AGENT_FOLDER=$HOME/.vscode-server
ALLOW_CLIENT_DOWNLOAD="1"
FORCE_CLIENT_DOWNLOAD="0"
MANUAL_BOOTSTRAP="0"
now=`date +%s`
VERBOSE="0"



PORT_FLAG=--port=0

SERVER_LISTEN_FLAG=
UNPACK_RESULT=
DID_LOCAL_DOWNLOAD=0
DOWNLOAD_TIME=
INSTALL_TIME=
EXT_INSTALL_TIME=
SERVER_START_TIME=
CONNECTION_TOKEN=

VSCH_DIR="$VSCODE_AGENT_FOLDER/bin/$COMMIT_ID"
VSCH_SERVER_SCRIPT="$VSCH_DIR/bin/$SERVER_APP_NAME"
VSCH_SERVER_PREREQ_SCRIPT="$VSCH_DIR/bin/helpers/check-requirements.sh"
VSCH_LOGFILE="$VSCODE_AGENT_FOLDER/.$COMMIT_ID.log"
VSCH_PIDFILE="$VSCODE_AGENT_FOLDER/.$COMMIT_ID.pid"
VSCH_TOKENFILE="$VSCODE_AGENT_FOLDER/.$COMMIT_ID.token"

fail_with_exitcode() {
	echo "d3e928572f88: start"
	echo "exitCode==$1=="
	echo_common_results
	echo "d3e928572f88: end"
	exit 0
}

echo_common_results() {
	echo "listeningOn==$LISTENING_ON=="
	echo "osReleaseId==$OSRELEASEID=="
	echo "arch==$ARCH=="
	echo "vscodeArch==$VSCODE_ARCH=="
	echo "bitness==$BITNESS=="
	echo "tmpDir==$VSC_TMP=="
	echo "platform==$PLATFORM=="
	echo "unpackResult==$UNPACK_RESULT=="
	echo "didLocalDownload==$DID_LOCAL_DOWNLOAD=="
	echo "downloadTime==$DOWNLOAD_TIME=="
	echo "installTime==$INSTALL_TIME=="
	echo "extInstallTime==$EXT_INSTALL_TIME=="
	echo "serverStartTime==$SERVER_START_TIME=="
}


millis() {
	if [[ $PLATFORM == linux ]]; then
		echo $(($(date +%s%N)/1000000))
	else
		# Can't get actual millis on mac
		echo $(($(date +%s)*1000))
	fi
}

elapsed() {
	echo $(($(millis) - $1))
}

do_create_install_dir() {
	if [[ ! -d "$VSCH_DIR" ]]; then
		mkdir -p "$VSCH_DIR"

		if (( $? > 0 ))
		then
			echo "Creating the server install dir failed..."
			fail_with_exitcode 202
		fi
	fi
}
do_create_install_dir

printenv_indent() {
	if [[ $VERBOSE == "1" ]]; then
		echo "printenv:"
		printenv | sed 's/^/    /'
	fi
}



#
# Get OS name
#
OSRELEASEID=`cat /etc/os-release 2>/dev/null | grep -a -E '^ID=' | sed 's/^[Ii][Dd]=//g' | sed 's/"//g'`
if [[ -z $OSRELEASEID ]]
then
	OSRELEASEID=`cat /usr/lib/os-release 2>/dev/null | grep -a -E '^ID=' | sed 's/^[Ii][Dd]=//g' | sed 's/"//g'`
	if [[ -z $OSRELEASEID ]]
	then
		OSRELEASEID=`uname -s`
	fi
fi


#
# Get host platform/architecture
#
UNAME=$(uname -s)
case $UNAME in
	Linux) PLATFORM=linux;;
	Darwin) PLATFORM=macOS;;
	*)
		echo "Unsupported platform: $UNAME"
		fail_with_exitcode 203
		;;
esac

BITNESS=$(getconf LONG_BIT)
ARCH=$(uname -m)
case $ARCH in
	x86_64) VSCODE_ARCH="x64";;
	armv7l | armv8l)
		VSCODE_ARCH="armhf"
		;;
	arm64 | aarch64)
		if [[ $BITNESS == 32 ]]; then
			# Can have 32-bit userland on 64-bit kernel
			VSCODE_ARCH="armhf"
		else
			VSCODE_ARCH="arm64"
		fi
		;;
	*)
		OSRELEASE=$(uname -r)
		case $OSRELEASE in
			*x86_64*) VSCODE_ARCH="x64";;
			*)
				echo "Unsupported architecture: $ARCH"
				fail_with_exitcode 196
			;;
		esac
		;;
esac

if [[ $PLATFORM == linux ]]; then
	PLATFORM_DOWNLOAD_PATH=server-linux-$VSCODE_ARCH
elif [[ $VSCODE_ARCH == "arm64" ]]; then
	PLATFORM_DOWNLOAD_PATH=server-darwin-arm64
else
	PLATFORM_DOWNLOAD_PATH=server-darwin
fi

#
# Acquire install lock
#
MAIN_LOCKFD=99
CLEANUP_LOCKFD=98


	use_flock=1
	if [[ $PLATFORM == "macOS" ]]; then
		use_flock=0
	fi

	## Copyright (C) 2009 Przemyslaw Pawelczyk <przemoc@gmail.com>
	## This script is licensed under the terms of the MIT license.
	## https://opensource.org/licenses/MIT

	get_lockfile() {
		lockfiles_in_tmp=0
		lockfile_name=vscode-remote-lock.$USER.$1
		if [[ $lockfiles_in_tmp == "1" ]]; then
			echo "$VSC_TMP/$lockfile_name"
		else
			echo "$VSCODE_AGENT_FOLDER/bin/$1/$lockfile_name"
		fi
	}

	# PRIVATE
	_lock() { flock -$1 $2; }

	_no_more_locking() {
		if [[ $use_flock == "1" ]]; then
			_lock u $2
			_lock xn $2 && rm -f $(get_lockfile $1)
		else
			lockfile_name=$(get_lockfile $1)
			rm -f "$lockfile_name"
			rm -f "$lockfile_name.target"
		fi
	}

	# PUBLIC - all take lock FD

	setup_locking() {
		if [[ $use_flock == "1" ]]; then
			eval "exec $2>\"$(get_lockfile $1)\"";
			trap "_no_more_locking $1 $2" EXIT
		fi
	}

	setup_lock_cleanup()  {
		if [[ $use_flock == "0" ]]; then
			trap "_no_more_locking $1" EXIT
		fi
	}

	# obtain an exclusive lock immediately or fail
	exlock_now() {
		if [[ $use_flock == "1" ]]; then
			_lock xn $1
		else
			lockfile_name=$(get_lockfile $2)
			touch "$lockfile_name.target"
			echo \\ln \"$lockfile_name.target\" \"$lockfile_name\"
			\ln "$lockfile_name.target" "$lockfile_name"
		fi
	}

	# drop a lock
	unlock() {
		if [[ $use_flock == "1" ]]; then
			_lock u $1
		else
			_no_more_locking $2
		fi
	}

setup_locking $COMMIT_ID $MAIN_LOCKFD

echo "Acquiring lock on `get_lockfile $COMMIT_ID`"
exlock_now $MAIN_LOCKFD $COMMIT_ID
if (( $? > 0 ))
then
	echo "Installation already in progress..."
	echo "If you continue to see this message, you can try toggling the remote.SSH.useFlock setting"
	fail_with_exitcode 192
fi

setup_lock_cleanup $COMMIT_ID $MAIN_LOCKFD

#
# Delete old servers if needed
#

TO_DELETE=$(ls -1 -t "$VSCODE_AGENT_FOLDER/bin" | tail -n +6)
for COMMIT_TO_DELETE in $TO_DELETE; do
	echo "Found old VS Code install $COMMIT_TO_DELETE, attempting to clean up"

	setup_locking $COMMIT_TO_DELETE $CLEANUP_LOCKFD
	exlock_now $CLEANUP_LOCKFD $COMMIT_TO_DELETE
	if (( $? == 0 )); then
		setup_lock_cleanup $COMMIT_TO_DELETE $CLEANUP_LOCKFD
		RUNNING="`ps ax | grep $COMMIT_TO_DELETE | grep -v grep | wc -l | tr -d '[:space:]'`"
		if [[ $RUNNING == 0 ]]; then
			echo "Deleting old install from $VSCODE_AGENT_FOLDER/bin/$COMMIT_TO_DELETE"
			rm -rf "$VSCODE_AGENT_FOLDER/bin/$COMMIT_TO_DELETE"

			echo "Deleting old log file from $VSCODE_AGENT_FOLDER/.$COMMIT_TO_DELETE.log"
			rm "$VSCODE_AGENT_FOLDER/.$COMMIT_TO_DELETE.log"
			if [[ -f "$VSCODE_AGENT_FOLDER/.$COMMIT_TO_DELETE.pid" ]]; then
				rm "$VSCODE_AGENT_FOLDER/.$COMMIT_TO_DELETE.pid"
			fi
			if [[ -f "$VSCODE_AGENT_FOLDER/.$COMMIT_TO_DELETE.token" ]]; then
				rm "$VSCODE_AGENT_FOLDER/.$COMMIT_TO_DELETE.token"
			fi
		else
			echo "Install still has running processes, not deleting: $COMMIT_TO_DELETE"
		fi
	else
		echo "Failed to acquire lock for install, not deleting: $COMMIT_TO_DELETE"
	fi
done

do_manual_bootstrap() {
	ALLOW_CLIENT_DOWNLOAD="0"
	FORCE_CLIENT_DOWNLOAD="0"
	DID_LOCAL_DOWNLOAD="1"

	echo "Trigger local (bootstrap) server download"
	echo d3e928572f88:trigger_server_download
	echo artifact==$PLATFORM_DOWNLOAD_PATH==
	echo destFolder==$VSCODE_AGENT_FOLDER/bin/==
	echo destFolder2==$COMMIT_ID/vscode-server.tar.gz==
	echo d3e928572f88:trigger_server_download_end
	echo "Waiting for client to transfer server archive..."
	echo "Waiting for $VSCH_DIR/vscode-server.tar.gz.done and vscode-server.tar.gz to exist"

	while true; do
		if [[ -f "$VSCH_DIR/vscode-server.tar.gz.done" ]]; then
			if [[ ! -f "$VSCH_DIR/vscode-server.tar.gz" ]]; then
				echo "Found flag but not server tar - server transfer failed"
				fail_with_exitcode 199
			fi

			echo "Found flag and server on host"
			rm "$VSCH_DIR/vscode-server.tar.gz.done"
			break
		else
			echo -n ' '
			sleep 3
		fi
	done
}

do_client_download() {
	DID_LOCAL_DOWNLOAD=1
	echo "Trigger local server download"
	echo d3e928572f88:trigger_server_download
	echo artifact==$PLATFORM_DOWNLOAD_PATH==
	echo destFolder==$VSCODE_AGENT_FOLDER/bin/==
	echo destFolder2==$COMMIT_ID/vscode-server.tar.gz==
	echo d3e928572f88:trigger_server_download_end
	echo "Waiting for client to transfer server archive..."
	echo "Waiting for $VSCH_DIR/vscode-server.tar.gz.done and vscode-server.tar.gz to exist"

	while true; do
		if [[ -f "$VSCH_DIR/vscode-server.tar.gz.done" ]]; then
			if [[ ! -f "$VSCH_DIR/vscode-server.tar.gz" ]]; then
				echo "Found flag but not server tar - server transfer failed"
				fail_with_exitcode 199
			fi

			echo "Found flag and server on host"
			rm "$VSCH_DIR/vscode-server.tar.gz.done"
			break
		else
			echo -n ' '
			sleep 3
		fi
	done
}

do_client_download_or_fail() {
	if [[ $DID_LOCAL_DOWNLOAD == "1" ]]; then
		echo "Already attempted local download, failing"
		fail_with_exitcode $1
	elif [[ $ALLOW_CLIENT_DOWNLOAD == "1" ]]; then
		do_client_download
		LOCAL_DOWNLOAD_RESULT=success
	else
		fail_with_exitcode $1
	fi
}

do_host_download() {
	start=$(millis)
	echo 'd3e928572f88%%1%%'

	DOWNLOAD_URL=https://update.code.visualstudio.com/commit:$COMMIT_ID/$PLATFORM_DOWNLOAD_PATH/stable

	wget --version &> /dev/null
	if (( $? == 0 ))
	then
		echo "Downloading with wget"
		WGET_ERRORS=$(2>&1 wget --no-config --tries=1 --connect-timeout=7 --dns-timeout=7 -nv -O vscode-server.tar.gz $DOWNLOAD_URL)
		if (( $? != 0 ))
		then
			echo "wget download failed"
			echo $WGET_ERRORS
			printenv_indent

			do_client_download_or_fail 193
		else
			echo "Download complete"
			DOWNLOAD_TIME=$(elapsed $start)
		fi
	else
		curl --version &> /dev/null
		if (( $? == 0 ))
		then
			echo "Downloading with curl"
			CURL_OUTPUT=$(curl --disable --connect-timeout 7 -L $DOWNLOAD_URL --output vscode-server.tar.gz -w "%{http_code}")
			if [[ ($? != 0) || ($CURL_OUTPUT != 2??) ]]
			then
				echo "curl download failed"
				echo $CURL_OUTPUT
				printenv_indent

				do_client_download_or_fail 193
			else
				echo "Download complete"
				DOWNLOAD_TIME=$(elapsed $start)
			fi
		else
			printenv_indent
			echo "Neither wget nor curl is installed"

			do_client_download_or_fail 194
		fi
	fi
}

do_install() {
	start=$(millis)
	echo 'd3e928572f88%%2%%'
	UNPACK_RESULT=success
	echo 'tar --version:'
	tar --version
	tar -xf vscode-server.tar.gz --no-same-owner
	TAR_EXIT=$?
	INSTALL_TIME=$(elapsed $start)

	if (( $TAR_EXIT > 0 ))
	then
		echo "ERROR: tar exited with non-0 exit code: $?"
		UNPACK_RESULT=error
		do_client_download_or_fail 205
		do_install
		return
	fi

	mv vscode-server*/* .

	# cheap sanity check
	if [[ ! -f "$VSCH_DIR/node" || ! -f "$VSCH_SERVER_SCRIPT" ]]
	then
		UNPACK_RESULT=missingFiles
		echo "ERROR: $VSCH_DIR/node or $VSCH_SERVER_SCRIPT don't exist"
		do_client_download_or_fail 205
		do_install
		return
	fi

	if [[ "$PLATFORM" == "linux" && ! -f "$VSCH_SERVER_PREREQ_SCRIPT" ]]
	then
		UNPACK_RESULT=missingFiles
		echo "ERROR: $VSCH_SERVER_PREREQ_SCRIPT doesn't exist"
		do_client_download_or_fail 205
		do_install
		return
	fi

	# Delete the leftover folder which might have -web prefix, and the .tar.gz
	rm -rf vscode-server*
}

do_extension_install() {
	# install extensions
	if [[ ! -z $EXTENSIONS ]]
	then
		echo "Installing extensions..."
		start=$(millis)
		"$VSCH_SERVER_SCRIPT" $TELEMETRY $EXTENSIONS
		EXT_INSTALL_TIME=$(elapsed $start)
	fi
}

#
# Install if needed
#
if [[ ! -f "$VSCH_SERVER_SCRIPT" ]]
then
	echo "Installing to $VSCH_DIR..."
	STASHED_WORKING_DIR="`pwd`"
	cd "$VSCH_DIR"

	if [[ $MANUAL_BOOTSTRAP == "1" ]]; then
		do_manual_bootstrap
	else
		if [[ $FORCE_CLIENT_DOWNLOAD == "1" ]]; then
			do_client_download
		else
			do_host_download
		fi
	fi

	do_install

	#
	# Verify linux prereqs
	#
	if [[ $PLATFORM == linux ]]; then
		cd "$STASHED_WORKING_DIR"
		"$VSCH_SERVER_PREREQ_SCRIPT"
		PREREQ_EXIT_CODE=$?
		if (( $PREREQ_EXIT_CODE == 99 )); then
			fail_with_exitcode 207
		elif (( $PREREQ_EXIT_CODE == 100 )); then
			if [[ $FORCE_CLIENT_DOWNLOAD != "1" ]]; then
				PLATFORM_DOWNLOAD_PATH=server-linux-legacy-$VSCODE_ARCH
				rm -rf "$VSCH_DIR"
				do_create_install_dir
				cd "$VSCH_DIR"
				do_host_download
				do_install
			fi
		fi
	fi
	cd "$STASHED_WORKING_DIR"
else
	echo "Found existing installation at $VSCH_DIR..."
fi


#
# Generate a new connection token
#
write_connection_token() {
	rm "$VSCH_TOKENFILE"
	CONNECTION_TOKEN="b4b80270-eb16-4d7d-b94c-bd8926ef3d6a"
	touch "$VSCH_TOKENFILE"
	chmod 0700 "$VSCH_TOKENFILE"
	echo $CONNECTION_TOKEN > "$VSCH_TOKENFILE"
}

#
# Start the server
#
start_server() {
	echo "Starting VS Code Server... \"$VSCH_SERVER_SCRIPT\" --start-server --server-data-dir \"$VSCODE_AGENT_FOLDER\" --host=127.0.0.1 --accept-server-license-terms --enable-remote-auto-shutdown $PORT_FLAG $TELEMETRY $SERVER_LISTEN_FLAG $EXTENSIONS &> \"$VSCH_LOGFILE\" < /dev/null"
	echo "The VS Code Server log file is $VSCH_LOGFILE"
	printenv_indent
	start=$(millis)
	write_connection_token
	if [[ -f $VSCH_LOGFILE ]]; then
		echo "Removing old logfile at $VSCH_LOGFILE"
		rm "$VSCH_LOGFILE" # See #6265
	fi
	"$VSCH_SERVER_SCRIPT" --start-server --server-data-dir "$VSCODE_AGENT_FOLDER" --host=127.0.0.1 --accept-server-license-terms --enable-remote-auto-shutdown $PORT_FLAG $TELEMETRY $SERVER_LISTEN_FLAG $EXTENSIONS --connection-token-file "$VSCH_TOKENFILE" &> "$VSCH_LOGFILE" < /dev/null &
	echo $! > "$VSCH_PIDFILE"
	echo "Spawned remote server: $!"

	stopTime=$((SECONDS+15))

	while (($SECONDS < $stopTime))
	do
		LISTENING_ON=`cat "$VSCH_LOGFILE" | grep -a -E 'Extension host agent listening on .+' | grep -v grep | sed 's/Extension host agent listening on //'`
		if [[ $LISTENING_ON != '' ]]
		then
			break
		fi

		echo "Waiting for server log..."
		sleep .03
	done

	SERVER_START_TIME=$(elapsed $start)
}

echo "Checking $VSCH_LOGFILE and $VSCH_PIDFILE for a running server"
if [[ -f "$VSCH_PIDFILE" ]]; then
	SERVER_PID=`cat "$VSCH_PIDFILE"`
	echo "Looking for server with pid: $SERVER_PID"
	ALL_PROCS=`ps ax | grep "^\s*$SERVER_PID\s"`
else
	ALL_PROCS=`ps ax`
fi

RUNNING="`echo $ALL_PROCS | grep "$VSCH_SERVER_SCRIPT" | grep -v grep | wc -l | tr -d '[:space:]'`"
if [[ $RUNNING == 0 ]]; then
	start_server
elif [[ ! -f "$VSCH_LOGFILE" ]]; then
	echo "WARNING: VS Code Server is running but its logfile is missing. Don't delete the VS Code Server manually, run the command 'Uninstall VS Code Server'."
	start_server
else
	echo "Found running server..."
	do_extension_install
	if [[ -f "$VSCH_TOKENFILE" ]]; then
		CONNECTION_TOKEN=`cat "$VSCH_TOKENFILE"`
	fi
fi

echo " "
echo "*"
echo "* Visual Studio Code Server"
echo "*"
echo "* By using the software, you agree to"
echo "* the Visual Studio Code Server License Terms (https://aka.ms/vscode-server-license) and"
echo "* the Microsoft Privacy Statement (https://privacy.microsoft.com/en-US/privacystatement)."
echo "*"
echo " "

LISTENING_ON=`cat "$VSCH_LOGFILE" | grep -a -E 'Extension host agent listening on .+' | grep -v grep | sed 's/Extension host agent listening on //'`
WEBUITOKEN=`cat "$VSCH_LOGFILE" | grep -a -E 'Web UI available at' | grep -o -E 'tkn=[0-9a-f-]+' | grep -o -E '[0-9a-f-]+'`
if [[ -z $LISTENING_ON ]]
then
	echo "Server did not start successfully. Full server log at $VSCH_LOGFILE >>>"
	cat "$VSCH_LOGFILE"
	echo "<<< End of server log"
	fail_with_exitcode 200
fi

#
# If the server was already running, ensure that it won't shut down in the near future
#
if [[ $RUNNING != 0 ]]; then
	# In case the server is close to timing out and shutting down, ask it to delay shutdown

	wget --version &> /dev/null
	if [[ $? == 0 && $LISTENING_ON =~ (^[[:digit:]]+$) ]]
	then
		echo "Checking server status on port $LISTENING_ON with wget"
		WGET_OUT=$(wget --no-config --no-proxy -nv -O - http://127.0.0.1:$LISTENING_ON/delay-shutdown 2>&1)
		if [[ $? != 0 ]]; then
			echo $WGET_OUT
			fail_with_exitcode 197
		fi
	else
		curl --version &> /dev/null
		if (( $? == 0 ))
		then
			if [[ $LISTENING_ON =~ (^[[:digit:]]+$) ]]
			then
				echo "Checking server status on port $LISTENING_ON with curl"
				CURL_OUTPUT=$(curl --disable --noproxy 127.0.0.1 -s http://127.0.0.1:$LISTENING_ON/delay-shutdown -w " %{http_code}")
			else
				echo "Checking server status on socket $LISTENING_ON with curl"
				CURL_OUTPUT=$(curl --disable --noproxy 127.0.0.1 -s --unix-socket $LISTENING_ON http://127.0.0.1/delay-shutdown -w " %{http_code}")
			fi

			if [[ ($? != 0) || ($CURL_OUTPUT != "OK 200") ]]; then
				echo $CURL_OUTPUT
				fail_with_exitcode 197
			fi
		else
			echo "Neither wget nor curl is installed"
			fail_with_exitcode 194
		fi
	fi
fi


# What we echo below cannot be wider than 80 characters
echo "d3e928572f88: start"
echo SSH_AUTH_SOCK==$SSH_AUTH_SOCK==
echo DISPLAY==$DISPLAY==
echo "webUiAccessToken==$WEBUITOKEN=="
echo_common_results
echo "connectionToken==$CONNECTION_TOKEN=="
echo "d3e928572f88: end"

unlock $MAIN_LOCKFD $COMMIT_ID

while true; do sleep 180; echo -n ' '; done

EOSSH'
[12:28:49.508] Using connect timeout of 17 seconds
[12:28:52.678] > ssh: connect to host 192.168.1.75 port 22: No route to host
[12:28:52.678] Got some output, clearing connection timeout
[12:28:52.920] "install" terminal command done
[12:28:52.920] Install terminal quit with output: ssh: connect to host 192.168.1.75 port 22: No route to host
[12:28:52.920] Received install output: ssh: connect to host 192.168.1.75 port 22: No route to host
[12:28:52.920] WARN: $PLATFORM is undefined in installation script output.  Errors may be dropped.
[12:28:52.921] Resolver error: Error: No route to host
	at y.Offline (/home/bryan/.vscode/extensions/ms-vscode-remote.remote-ssh-0.120.0/out/extension.js:2:744802)
	at /home/bryan/.vscode/extensions/ms-vscode-remote.remote-ssh-0.120.0/out/extension.js:2:741290
	at t.handleInstallOutput (/home/bryan/.vscode/extensions/ms-vscode-remote.remote-ssh-0.120.0/out/extension.js:2:741433)
	at t.tryInstall (/home/bryan/.vscode/extensions/ms-vscode-remote.remote-ssh-0.120.0/out/extension.js:2:865534)
	at async /home/bryan/.vscode/extensions/ms-vscode-remote.remote-ssh-0.120.0/out/extension.js:2:824246
	at async t.withShowDetailsEvent (/home/bryan/.vscode/extensions/ms-vscode-remote.remote-ssh-0.120.0/out/extension.js:2:827501)
	at async A (/home/bryan/.vscode/extensions/ms-vscode-remote.remote-ssh-0.120.0/out/extension.js:2:820760)
	at async t.resolve (/home/bryan/.vscode/extensions/ms-vscode-remote.remote-ssh-0.120.0/out/extension.js:2:824898)
	at async /home/bryan/.vscode/extensions/ms-vscode-remote.remote-ssh-0.120.0/out/extension.js:2:1113660
[12:28:52.923] ------




[12:28:52.924]  ---------- [Session Summary] ----------- 
[12:28:52.924] [OfflineError]: Error: OfflineError (No route to host)
[12:28:52.924] [OfflineError]: Error: OfflineError (No route to host)
[12:28:52.924]  ---------------------------------------- 
[12:28:54.940] ------




[12:28:54.940] SSH Resolver called for "ssh-remote+pi-zero", attempt 4, (Reconnection)
[12:28:54.941] SSH Resolver called for host: pi-zero
[12:28:54.941] Setting up SSH remote "pi-zero"
[12:28:54.942] Using commit id "bf9252a2fb45be6893dd8870c0bf37e2e1766d61" and quality "stable" for server
[12:28:54.942] Extensions to install: 
[12:28:54.944] Install and start server if needed
[12:28:54.945] Running script with connection command: ssh -D 36901 -o ConnectTimeout=15 'pi-zero' bash
[12:28:54.945] Generated SSH command: 'ssh -D 36901 -o ConnectTimeout=15 'pi-zero' bash << 'EOSSH'

echo "f2cce146c69c: running"

#
# Setup
#
VSC_TMP="${XDG_RUNTIME_DIR:-`echo /tmp`}"
COMMIT_ID="bf9252a2fb45be6893dd8870c0bf37e2e1766d61"
SERVER_APP_NAME="code-server"
EXTENSIONS=""
TELEMETRY="--telemetry-level all"
VSCODE_AGENT_FOLDER=$HOME/.vscode-server
ALLOW_CLIENT_DOWNLOAD="1"
FORCE_CLIENT_DOWNLOAD="0"
MANUAL_BOOTSTRAP="0"
now=`date +%s`
VERBOSE="0"



PORT_FLAG=--port=0

SERVER_LISTEN_FLAG=
UNPACK_RESULT=
DID_LOCAL_DOWNLOAD=0
DOWNLOAD_TIME=
INSTALL_TIME=
EXT_INSTALL_TIME=
SERVER_START_TIME=
CONNECTION_TOKEN=

VSCH_DIR="$VSCODE_AGENT_FOLDER/bin/$COMMIT_ID"
VSCH_SERVER_SCRIPT="$VSCH_DIR/bin/$SERVER_APP_NAME"
VSCH_SERVER_PREREQ_SCRIPT="$VSCH_DIR/bin/helpers/check-requirements.sh"
VSCH_LOGFILE="$VSCODE_AGENT_FOLDER/.$COMMIT_ID.log"
VSCH_PIDFILE="$VSCODE_AGENT_FOLDER/.$COMMIT_ID.pid"
VSCH_TOKENFILE="$VSCODE_AGENT_FOLDER/.$COMMIT_ID.token"

fail_with_exitcode() {
	echo "f2cce146c69c: start"
	echo "exitCode==$1=="
	echo_common_results
	echo "f2cce146c69c: end"
	exit 0
}

echo_common_results() {
	echo "listeningOn==$LISTENING_ON=="
	echo "osReleaseId==$OSRELEASEID=="
	echo "arch==$ARCH=="
	echo "vscodeArch==$VSCODE_ARCH=="
	echo "bitness==$BITNESS=="
	echo "tmpDir==$VSC_TMP=="
	echo "platform==$PLATFORM=="
	echo "unpackResult==$UNPACK_RESULT=="
	echo "didLocalDownload==$DID_LOCAL_DOWNLOAD=="
	echo "downloadTime==$DOWNLOAD_TIME=="
	echo "installTime==$INSTALL_TIME=="
	echo "extInstallTime==$EXT_INSTALL_TIME=="
	echo "serverStartTime==$SERVER_START_TIME=="
}


millis() {
	if [[ $PLATFORM == linux ]]; then
		echo $(($(date +%s%N)/1000000))
	else
		# Can't get actual millis on mac
		echo $(($(date +%s)*1000))
	fi
}

elapsed() {
	echo $(($(millis) - $1))
}

do_create_install_dir() {
	if [[ ! -d "$VSCH_DIR" ]]; then
		mkdir -p "$VSCH_DIR"

		if (( $? > 0 ))
		then
			echo "Creating the server install dir failed..."
			fail_with_exitcode 202
		fi
	fi
}
do_create_install_dir

printenv_indent() {
	if [[ $VERBOSE == "1" ]]; then
		echo "printenv:"
		printenv | sed 's/^/    /'
	fi
}



#
# Get OS name
#
OSRELEASEID=`cat /etc/os-release 2>/dev/null | grep -a -E '^ID=' | sed 's/^[Ii][Dd]=//g' | sed 's/"//g'`
if [[ -z $OSRELEASEID ]]
then
	OSRELEASEID=`cat /usr/lib/os-release 2>/dev/null | grep -a -E '^ID=' | sed 's/^[Ii][Dd]=//g' | sed 's/"//g'`
	if [[ -z $OSRELEASEID ]]
	then
		OSRELEASEID=`uname -s`
	fi
fi


#
# Get host platform/architecture
#
UNAME=$(uname -s)
case $UNAME in
	Linux) PLATFORM=linux;;
	Darwin) PLATFORM=macOS;;
	*)
		echo "Unsupported platform: $UNAME"
		fail_with_exitcode 203
		;;
esac

BITNESS=$(getconf LONG_BIT)
ARCH=$(uname -m)
case $ARCH in
	x86_64) VSCODE_ARCH="x64";;
	armv7l | armv8l)
		VSCODE_ARCH="armhf"
		;;
	arm64 | aarch64)
		if [[ $BITNESS == 32 ]]; then
			# Can have 32-bit userland on 64-bit kernel
			VSCODE_ARCH="armhf"
		else
			VSCODE_ARCH="arm64"
		fi
		;;
	*)
		OSRELEASE=$(uname -r)
		case $OSRELEASE in
			*x86_64*) VSCODE_ARCH="x64";;
			*)
				echo "Unsupported architecture: $ARCH"
				fail_with_exitcode 196
			;;
		esac
		;;
esac

if [[ $PLATFORM == linux ]]; then
	PLATFORM_DOWNLOAD_PATH=server-linux-$VSCODE_ARCH
elif [[ $VSCODE_ARCH == "arm64" ]]; then
	PLATFORM_DOWNLOAD_PATH=server-darwin-arm64
else
	PLATFORM_DOWNLOAD_PATH=server-darwin
fi

#
# Acquire install lock
#
MAIN_LOCKFD=99
CLEANUP_LOCKFD=98


	use_flock=1
	if [[ $PLATFORM == "macOS" ]]; then
		use_flock=0
	fi

	## Copyright (C) 2009 Przemyslaw Pawelczyk <przemoc@gmail.com>
	## This script is licensed under the terms of the MIT license.
	## https://opensource.org/licenses/MIT

	get_lockfile() {
		lockfiles_in_tmp=0
		lockfile_name=vscode-remote-lock.$USER.$1
		if [[ $lockfiles_in_tmp == "1" ]]; then
			echo "$VSC_TMP/$lockfile_name"
		else
			echo "$VSCODE_AGENT_FOLDER/bin/$1/$lockfile_name"
		fi
	}

	# PRIVATE
	_lock() { flock -$1 $2; }

	_no_more_locking() {
		if [[ $use_flock == "1" ]]; then
			_lock u $2
			_lock xn $2 && rm -f $(get_lockfile $1)
		else
			lockfile_name=$(get_lockfile $1)
			rm -f "$lockfile_name"
			rm -f "$lockfile_name.target"
		fi
	}

	# PUBLIC - all take lock FD

	setup_locking() {
		if [[ $use_flock == "1" ]]; then
			eval "exec $2>\"$(get_lockfile $1)\"";
			trap "_no_more_locking $1 $2" EXIT
		fi
	}

	setup_lock_cleanup()  {
		if [[ $use_flock == "0" ]]; then
			trap "_no_more_locking $1" EXIT
		fi
	}

	# obtain an exclusive lock immediately or fail
	exlock_now() {
		if [[ $use_flock == "1" ]]; then
			_lock xn $1
		else
			lockfile_name=$(get_lockfile $2)
			touch "$lockfile_name.target"
			echo \\ln \"$lockfile_name.target\" \"$lockfile_name\"
			\ln "$lockfile_name.target" "$lockfile_name"
		fi
	}

	# drop a lock
	unlock() {
		if [[ $use_flock == "1" ]]; then
			_lock u $1
		else
			_no_more_locking $2
		fi
	}

setup_locking $COMMIT_ID $MAIN_LOCKFD

echo "Acquiring lock on `get_lockfile $COMMIT_ID`"
exlock_now $MAIN_LOCKFD $COMMIT_ID
if (( $? > 0 ))
then
	echo "Installation already in progress..."
	echo "If you continue to see this message, you can try toggling the remote.SSH.useFlock setting"
	fail_with_exitcode 192
fi

setup_lock_cleanup $COMMIT_ID $MAIN_LOCKFD

#
# Delete old servers if needed
#

TO_DELETE=$(ls -1 -t "$VSCODE_AGENT_FOLDER/bin" | tail -n +6)
for COMMIT_TO_DELETE in $TO_DELETE; do
	echo "Found old VS Code install $COMMIT_TO_DELETE, attempting to clean up"

	setup_locking $COMMIT_TO_DELETE $CLEANUP_LOCKFD
	exlock_now $CLEANUP_LOCKFD $COMMIT_TO_DELETE
	if (( $? == 0 )); then
		setup_lock_cleanup $COMMIT_TO_DELETE $CLEANUP_LOCKFD
		RUNNING="`ps ax | grep $COMMIT_TO_DELETE | grep -v grep | wc -l | tr -d '[:space:]'`"
		if [[ $RUNNING == 0 ]]; then
			echo "Deleting old install from $VSCODE_AGENT_FOLDER/bin/$COMMIT_TO_DELETE"
			rm -rf "$VSCODE_AGENT_FOLDER/bin/$COMMIT_TO_DELETE"

			echo "Deleting old log file from $VSCODE_AGENT_FOLDER/.$COMMIT_TO_DELETE.log"
			rm "$VSCODE_AGENT_FOLDER/.$COMMIT_TO_DELETE.log"
			if [[ -f "$VSCODE_AGENT_FOLDER/.$COMMIT_TO_DELETE.pid" ]]; then
				rm "$VSCODE_AGENT_FOLDER/.$COMMIT_TO_DELETE.pid"
			fi
			if [[ -f "$VSCODE_AGENT_FOLDER/.$COMMIT_TO_DELETE.token" ]]; then
				rm "$VSCODE_AGENT_FOLDER/.$COMMIT_TO_DELETE.token"
			fi
		else
			echo "Install still has running processes, not deleting: $COMMIT_TO_DELETE"
		fi
	else
		echo "Failed to acquire lock for install, not deleting: $COMMIT_TO_DELETE"
	fi
done

do_manual_bootstrap() {
	ALLOW_CLIENT_DOWNLOAD="0"
	FORCE_CLIENT_DOWNLOAD="0"
	DID_LOCAL_DOWNLOAD="1"

	echo "Trigger local (bootstrap) server download"
	echo f2cce146c69c:trigger_server_download
	echo artifact==$PLATFORM_DOWNLOAD_PATH==
	echo destFolder==$VSCODE_AGENT_FOLDER/bin/==
	echo destFolder2==$COMMIT_ID/vscode-server.tar.gz==
	echo f2cce146c69c:trigger_server_download_end
	echo "Waiting for client to transfer server archive..."
	echo "Waiting for $VSCH_DIR/vscode-server.tar.gz.done and vscode-server.tar.gz to exist"

	while true; do
		if [[ -f "$VSCH_DIR/vscode-server.tar.gz.done" ]]; then
			if [[ ! -f "$VSCH_DIR/vscode-server.tar.gz" ]]; then
				echo "Found flag but not server tar - server transfer failed"
				fail_with_exitcode 199
			fi

			echo "Found flag and server on host"
			rm "$VSCH_DIR/vscode-server.tar.gz.done"
			break
		else
			echo -n ' '
			sleep 3
		fi
	done
}

do_client_download() {
	DID_LOCAL_DOWNLOAD=1
	echo "Trigger local server download"
	echo f2cce146c69c:trigger_server_download
	echo artifact==$PLATFORM_DOWNLOAD_PATH==
	echo destFolder==$VSCODE_AGENT_FOLDER/bin/==
	echo destFolder2==$COMMIT_ID/vscode-server.tar.gz==
	echo f2cce146c69c:trigger_server_download_end
	echo "Waiting for client to transfer server archive..."
	echo "Waiting for $VSCH_DIR/vscode-server.tar.gz.done and vscode-server.tar.gz to exist"

	while true; do
		if [[ -f "$VSCH_DIR/vscode-server.tar.gz.done" ]]; then
			if [[ ! -f "$VSCH_DIR/vscode-server.tar.gz" ]]; then
				echo "Found flag but not server tar - server transfer failed"
				fail_with_exitcode 199
			fi

			echo "Found flag and server on host"
			rm "$VSCH_DIR/vscode-server.tar.gz.done"
			break
		else
			echo -n ' '
			sleep 3
		fi
	done
}

do_client_download_or_fail() {
	if [[ $DID_LOCAL_DOWNLOAD == "1" ]]; then
		echo "Already attempted local download, failing"
		fail_with_exitcode $1
	elif [[ $ALLOW_CLIENT_DOWNLOAD == "1" ]]; then
		do_client_download
		LOCAL_DOWNLOAD_RESULT=success
	else
		fail_with_exitcode $1
	fi
}

do_host_download() {
	start=$(millis)
	echo 'f2cce146c69c%%1%%'

	DOWNLOAD_URL=https://update.code.visualstudio.com/commit:$COMMIT_ID/$PLATFORM_DOWNLOAD_PATH/stable

	wget --version &> /dev/null
	if (( $? == 0 ))
	then
		echo "Downloading with wget"
		WGET_ERRORS=$(2>&1 wget --no-config --tries=1 --connect-timeout=7 --dns-timeout=7 -nv -O vscode-server.tar.gz $DOWNLOAD_URL)
		if (( $? != 0 ))
		then
			echo "wget download failed"
			echo $WGET_ERRORS
			printenv_indent

			do_client_download_or_fail 193
		else
			echo "Download complete"
			DOWNLOAD_TIME=$(elapsed $start)
		fi
	else
		curl --version &> /dev/null
		if (( $? == 0 ))
		then
			echo "Downloading with curl"
			CURL_OUTPUT=$(curl --disable --connect-timeout 7 -L $DOWNLOAD_URL --output vscode-server.tar.gz -w "%{http_code}")
			if [[ ($? != 0) || ($CURL_OUTPUT != 2??) ]]
			then
				echo "curl download failed"
				echo $CURL_OUTPUT
				printenv_indent

				do_client_download_or_fail 193
			else
				echo "Download complete"
				DOWNLOAD_TIME=$(elapsed $start)
			fi
		else
			printenv_indent
			echo "Neither wget nor curl is installed"

			do_client_download_or_fail 194
		fi
	fi
}

do_install() {
	start=$(millis)
	echo 'f2cce146c69c%%2%%'
	UNPACK_RESULT=success
	echo 'tar --version:'
	tar --version
	tar -xf vscode-server.tar.gz --no-same-owner
	TAR_EXIT=$?
	INSTALL_TIME=$(elapsed $start)

	if (( $TAR_EXIT > 0 ))
	then
		echo "ERROR: tar exited with non-0 exit code: $?"
		UNPACK_RESULT=error
		do_client_download_or_fail 205
		do_install
		return
	fi

	mv vscode-server*/* .

	# cheap sanity check
	if [[ ! -f "$VSCH_DIR/node" || ! -f "$VSCH_SERVER_SCRIPT" ]]
	then
		UNPACK_RESULT=missingFiles
		echo "ERROR: $VSCH_DIR/node or $VSCH_SERVER_SCRIPT don't exist"
		do_client_download_or_fail 205
		do_install
		return
	fi

	if [[ "$PLATFORM" == "linux" && ! -f "$VSCH_SERVER_PREREQ_SCRIPT" ]]
	then
		UNPACK_RESULT=missingFiles
		echo "ERROR: $VSCH_SERVER_PREREQ_SCRIPT doesn't exist"
		do_client_download_or_fail 205
		do_install
		return
	fi

	# Delete the leftover folder which might have -web prefix, and the .tar.gz
	rm -rf vscode-server*
}

do_extension_install() {
	# install extensions
	if [[ ! -z $EXTENSIONS ]]
	then
		echo "Installing extensions..."
		start=$(millis)
		"$VSCH_SERVER_SCRIPT" $TELEMETRY $EXTENSIONS
		EXT_INSTALL_TIME=$(elapsed $start)
	fi
}

#
# Install if needed
#
if [[ ! -f "$VSCH_SERVER_SCRIPT" ]]
then
	echo "Installing to $VSCH_DIR..."
	STASHED_WORKING_DIR="`pwd`"
	cd "$VSCH_DIR"

	if [[ $MANUAL_BOOTSTRAP == "1" ]]; then
		do_manual_bootstrap
	else
		if [[ $FORCE_CLIENT_DOWNLOAD == "1" ]]; then
			do_client_download
		else
			do_host_download
		fi
	fi

	do_install

	#
	# Verify linux prereqs
	#
	if [[ $PLATFORM == linux ]]; then
		cd "$STASHED_WORKING_DIR"
		"$VSCH_SERVER_PREREQ_SCRIPT"
		PREREQ_EXIT_CODE=$?
		if (( $PREREQ_EXIT_CODE == 99 )); then
			fail_with_exitcode 207
		elif (( $PREREQ_EXIT_CODE == 100 )); then
			if [[ $FORCE_CLIENT_DOWNLOAD != "1" ]]; then
				PLATFORM_DOWNLOAD_PATH=server-linux-legacy-$VSCODE_ARCH
				rm -rf "$VSCH_DIR"
				do_create_install_dir
				cd "$VSCH_DIR"
				do_host_download
				do_install
			fi
		fi
	fi
	cd "$STASHED_WORKING_DIR"
else
	echo "Found existing installation at $VSCH_DIR..."
fi


#
# Generate a new connection token
#
write_connection_token() {
	rm "$VSCH_TOKENFILE"
	CONNECTION_TOKEN="af65bc0b-68d1-4475-b051-c483f39a0ab5"
	touch "$VSCH_TOKENFILE"
	chmod 0700 "$VSCH_TOKENFILE"
	echo $CONNECTION_TOKEN > "$VSCH_TOKENFILE"
}

#
# Start the server
#
start_server() {
	echo "Starting VS Code Server... \"$VSCH_SERVER_SCRIPT\" --start-server --server-data-dir \"$VSCODE_AGENT_FOLDER\" --host=127.0.0.1 --accept-server-license-terms --enable-remote-auto-shutdown $PORT_FLAG $TELEMETRY $SERVER_LISTEN_FLAG $EXTENSIONS &> \"$VSCH_LOGFILE\" < /dev/null"
	echo "The VS Code Server log file is $VSCH_LOGFILE"
	printenv_indent
	start=$(millis)
	write_connection_token
	if [[ -f $VSCH_LOGFILE ]]; then
		echo "Removing old logfile at $VSCH_LOGFILE"
		rm "$VSCH_LOGFILE" # See #6265
	fi
	"$VSCH_SERVER_SCRIPT" --start-server --server-data-dir "$VSCODE_AGENT_FOLDER" --host=127.0.0.1 --accept-server-license-terms --enable-remote-auto-shutdown $PORT_FLAG $TELEMETRY $SERVER_LISTEN_FLAG $EXTENSIONS --connection-token-file "$VSCH_TOKENFILE" &> "$VSCH_LOGFILE" < /dev/null &
	echo $! > "$VSCH_PIDFILE"
	echo "Spawned remote server: $!"

	stopTime=$((SECONDS+15))

	while (($SECONDS < $stopTime))
	do
		LISTENING_ON=`cat "$VSCH_LOGFILE" | grep -a -E 'Extension host agent listening on .+' | grep -v grep | sed 's/Extension host agent listening on //'`
		if [[ $LISTENING_ON != '' ]]
		then
			break
		fi

		echo "Waiting for server log..."
		sleep .03
	done

	SERVER_START_TIME=$(elapsed $start)
}

echo "Checking $VSCH_LOGFILE and $VSCH_PIDFILE for a running server"
if [[ -f "$VSCH_PIDFILE" ]]; then
	SERVER_PID=`cat "$VSCH_PIDFILE"`
	echo "Looking for server with pid: $SERVER_PID"
	ALL_PROCS=`ps ax | grep "^\s*$SERVER_PID\s"`
else
	ALL_PROCS=`ps ax`
fi

RUNNING="`echo $ALL_PROCS | grep "$VSCH_SERVER_SCRIPT" | grep -v grep | wc -l | tr -d '[:space:]'`"
if [[ $RUNNING == 0 ]]; then
	start_server
elif [[ ! -f "$VSCH_LOGFILE" ]]; then
	echo "WARNING: VS Code Server is running but its logfile is missing. Don't delete the VS Code Server manually, run the command 'Uninstall VS Code Server'."
	start_server
else
	echo "Found running server..."
	do_extension_install
	if [[ -f "$VSCH_TOKENFILE" ]]; then
		CONNECTION_TOKEN=`cat "$VSCH_TOKENFILE"`
	fi
fi

echo " "
echo "*"
echo "* Visual Studio Code Server"
echo "*"
echo "* By using the software, you agree to"
echo "* the Visual Studio Code Server License Terms (https://aka.ms/vscode-server-license) and"
echo "* the Microsoft Privacy Statement (https://privacy.microsoft.com/en-US/privacystatement)."
echo "*"
echo " "

LISTENING_ON=`cat "$VSCH_LOGFILE" | grep -a -E 'Extension host agent listening on .+' | grep -v grep | sed 's/Extension host agent listening on //'`
WEBUITOKEN=`cat "$VSCH_LOGFILE" | grep -a -E 'Web UI available at' | grep -o -E 'tkn=[0-9a-f-]+' | grep -o -E '[0-9a-f-]+'`
if [[ -z $LISTENING_ON ]]
then
	echo "Server did not start successfully. Full server log at $VSCH_LOGFILE >>>"
	cat "$VSCH_LOGFILE"
	echo "<<< End of server log"
	fail_with_exitcode 200
fi

#
# If the server was already running, ensure that it won't shut down in the near future
#
if [[ $RUNNING != 0 ]]; then
	# In case the server is close to timing out and shutting down, ask it to delay shutdown

	wget --version &> /dev/null
	if [[ $? == 0 && $LISTENING_ON =~ (^[[:digit:]]+$) ]]
	then
		echo "Checking server status on port $LISTENING_ON with wget"
		WGET_OUT=$(wget --no-config --no-proxy -nv -O - http://127.0.0.1:$LISTENING_ON/delay-shutdown 2>&1)
		if [[ $? != 0 ]]; then
			echo $WGET_OUT
			fail_with_exitcode 197
		fi
	else
		curl --version &> /dev/null
		if (( $? == 0 ))
		then
			if [[ $LISTENING_ON =~ (^[[:digit:]]+$) ]]
			then
				echo "Checking server status on port $LISTENING_ON with curl"
				CURL_OUTPUT=$(curl --disable --noproxy 127.0.0.1 -s http://127.0.0.1:$LISTENING_ON/delay-shutdown -w " %{http_code}")
			else
				echo "Checking server status on socket $LISTENING_ON with curl"
				CURL_OUTPUT=$(curl --disable --noproxy 127.0.0.1 -s --unix-socket $LISTENING_ON http://127.0.0.1/delay-shutdown -w " %{http_code}")
			fi

			if [[ ($? != 0) || ($CURL_OUTPUT != "OK 200") ]]; then
				echo $CURL_OUTPUT
				fail_with_exitcode 197
			fi
		else
			echo "Neither wget nor curl is installed"
			fail_with_exitcode 194
		fi
	fi
fi


# What we echo below cannot be wider than 80 characters
echo "f2cce146c69c: start"
echo SSH_AUTH_SOCK==$SSH_AUTH_SOCK==
echo DISPLAY==$DISPLAY==
echo "webUiAccessToken==$WEBUITOKEN=="
echo_common_results
echo "connectionToken==$CONNECTION_TOKEN=="
echo "f2cce146c69c: end"

unlock $MAIN_LOCKFD $COMMIT_ID

while true; do sleep 180; echo -n ' '; done

EOSSH'
[12:28:54.945] Using connect timeout of 17 seconds
[12:28:58.182] > ssh: connect to host 192.168.1.75 port 22: No route to host
[12:28:58.182] Got some output, clearing connection timeout
[12:28:58.423] "install" terminal command done
[12:28:58.423] Install terminal quit with output: ssh: connect to host 192.168.1.75 port 22: No route to host
[12:28:58.423] Received install output: ssh: connect to host 192.168.1.75 port 22: No route to host
[12:28:58.423] WARN: $PLATFORM is undefined in installation script output.  Errors may be dropped.
[12:28:58.424] Resolver error: Error: No route to host
	at y.Offline (/home/bryan/.vscode/extensions/ms-vscode-remote.remote-ssh-0.120.0/out/extension.js:2:744802)
	at /home/bryan/.vscode/extensions/ms-vscode-remote.remote-ssh-0.120.0/out/extension.js:2:741290
	at t.handleInstallOutput (/home/bryan/.vscode/extensions/ms-vscode-remote.remote-ssh-0.120.0/out/extension.js:2:741433)
	at t.tryInstall (/home/bryan/.vscode/extensions/ms-vscode-remote.remote-ssh-0.120.0/out/extension.js:2:865534)
	at async /home/bryan/.vscode/extensions/ms-vscode-remote.remote-ssh-0.120.0/out/extension.js:2:824246
	at async t.withShowDetailsEvent (/home/bryan/.vscode/extensions/ms-vscode-remote.remote-ssh-0.120.0/out/extension.js:2:827501)
	at async A (/home/bryan/.vscode/extensions/ms-vscode-remote.remote-ssh-0.120.0/out/extension.js:2:820760)
	at async t.resolve (/home/bryan/.vscode/extensions/ms-vscode-remote.remote-ssh-0.120.0/out/extension.js:2:824898)
	at async /home/bryan/.vscode/extensions/ms-vscode-remote.remote-ssh-0.120.0/out/extension.js:2:1113660
[12:28:58.426] ------




[12:28:58.427]  ---------- [Session Summary] ----------- 
[12:28:58.427] [OfflineError]: Error: OfflineError (No route to host)
[12:28:58.427] [OfflineError]: Error: OfflineError (No route to host)
[12:28:58.427] [OfflineError]: Error: OfflineError (No route to host)
[12:28:58.428]  ---------------------------------------- 
[12:29:04.369] Terminal closed
[12:29:04.376] "install" terminal command done
[12:29:04.376] Install terminal quit with output:   
