[22:08:03.707] Log Level: 2
[22:08:03.724] SSH Resolver called for "ssh-remote+pi-zero", attempt 1
[22:08:03.728] remote.SSH.useLocalServer = false
[22:08:03.728] remote.SSH.useExecServer = false
[22:08:03.728] remote.SSH.bindHost = {}
[22:08:03.729] remote.SSH.showLoginTerminal = false
[22:08:03.729] remote.SSH.remotePlatform = {"pi-zero":"linux"}
[22:08:03.729] remote.SSH.path = 
[22:08:03.729] remote.SSH.configFile = 
[22:08:03.729] remote.SSH.useFlock = true
[22:08:03.730] remote.SSH.lockfilesInTmp = false
[22:08:03.730] remote.SSH.localServerDownload = auto
[22:08:03.730] remote.SSH.remoteServerListenOnSocket = false
[22:08:03.730] remote.SSH.defaultExtensions = []
[22:08:03.730] remote.SSH.defaultExtensionsIfInstalledLocally = []
[22:08:03.731] remote.SSH.loglevel = 2
[22:08:03.731] remote.SSH.enableDynamicForwarding = true
[22:08:03.731] remote.SSH.enableRemoteCommand = false
[22:08:03.731] remote.SSH.serverPickPortsFromRange = {}
[22:08:03.731] remote.SSH.serverInstallPath = {}
[22:08:03.731] remote.SSH.permitPtyAllocation = true
[22:08:03.732] remote.SSH.preferredLocalPortRange = undefined
[22:08:03.732] remote.SSH.useCurlAndWgetConfigurationFiles = false
[22:08:03.732] remote.SSH.experimental.chat = true
[22:08:03.732] remote.SSH.experimental.enhancedSessionLogs = true
[22:08:03.733] remote.SSH.httpProxy = {"*":""}
[22:08:03.733] remote.SSH.httpsProxy = {"*":""}
[22:08:03.740] VS Code version: 1.106.3
[22:08:03.741] Remote-SSH version: remote-ssh@0.120.0
[22:08:03.741] linux x64
[22:08:03.742] SSH Resolver called for host: pi-zero
[22:08:03.742] Setting up SSH remote "pi-zero"
[22:08:03.747] Using commit id "bf9252a2fb45be6893dd8870c0bf37e2e1766d61" and quality "stable" for server
[22:08:03.747] Extensions to install: 
[22:08:03.752] Install and start server if needed
[22:08:03.754] PATH: /usr/local/sbin:/usr/local/bin:/usr/bin:/var/lib/flatpak/exports/bin:/usr/bin/site_perl:/usr/bin/vendor_perl:/usr/bin/core_perl
[22:08:03.755] Checking ssh with "ssh -V"
[22:08:03.761] > OpenSSH_10.2p1, OpenSSL 3.6.0 1 Oct 2025

[22:08:03.763] Running script with connection command: ssh -D 34677 -o ConnectTimeout=15 'pi-zero' bash
[22:08:03.763] Generated SSH command: 'ssh -D 34677 -o ConnectTimeout=15 'pi-zero' bash << 'EOSSH'

echo "c194d225939d: running"

#
# Setup
#
VSC_TMP="${XDG_RUNTIME_DIR:-`echo /tmp`}"
COMMIT_ID="bf9252a2fb45be6893dd8870c0bf37e2e1766d61"
SERVER_APP_NAME="code-server"
EXTENSIONS=""
TELEMETRY="--telemetry-level all"
VSCODE_AGENT_FOLDER=$HOME/.vscode-server
ALLOW_CLIENT_DOWNLOAD="1"
FORCE_CLIENT_DOWNLOAD="0"
MANUAL_BOOTSTRAP="0"
now=`date +%s`
VERBOSE="0"



PORT_FLAG=--port=0

SERVER_LISTEN_FLAG=
UNPACK_RESULT=
DID_LOCAL_DOWNLOAD=0
DOWNLOAD_TIME=
INSTALL_TIME=
EXT_INSTALL_TIME=
SERVER_START_TIME=
CONNECTION_TOKEN=

VSCH_DIR="$VSCODE_AGENT_FOLDER/bin/$COMMIT_ID"
VSCH_SERVER_SCRIPT="$VSCH_DIR/bin/$SERVER_APP_NAME"
VSCH_SERVER_PREREQ_SCRIPT="$VSCH_DIR/bin/helpers/check-requirements.sh"
VSCH_LOGFILE="$VSCODE_AGENT_FOLDER/.$COMMIT_ID.log"
VSCH_PIDFILE="$VSCODE_AGENT_FOLDER/.$COMMIT_ID.pid"
VSCH_TOKENFILE="$VSCODE_AGENT_FOLDER/.$COMMIT_ID.token"

fail_with_exitcode() {
	echo "c194d225939d: start"
	echo "exitCode==$1=="
	echo_common_results
	echo "c194d225939d: end"
	exit 0
}

echo_common_results() {
	echo "listeningOn==$LISTENING_ON=="
	echo "osReleaseId==$OSRELEASEID=="
	echo "arch==$ARCH=="
	echo "vscodeArch==$VSCODE_ARCH=="
	echo "bitness==$BITNESS=="
	echo "tmpDir==$VSC_TMP=="
	echo "platform==$PLATFORM=="
	echo "unpackResult==$UNPACK_RESULT=="
	echo "didLocalDownload==$DID_LOCAL_DOWNLOAD=="
	echo "downloadTime==$DOWNLOAD_TIME=="
	echo "installTime==$INSTALL_TIME=="
	echo "extInstallTime==$EXT_INSTALL_TIME=="
	echo "serverStartTime==$SERVER_START_TIME=="
}


millis() {
	if [[ $PLATFORM == linux ]]; then
		echo $(($(date +%s%N)/1000000))
	else
		# Can't get actual millis on mac
		echo $(($(date +%s)*1000))
	fi
}

elapsed() {
	echo $(($(millis) - $1))
}

do_create_install_dir() {
	if [[ ! -d "$VSCH_DIR" ]]; then
		mkdir -p "$VSCH_DIR"

		if (( $? > 0 ))
		then
			echo "Creating the server install dir failed..."
			fail_with_exitcode 202
		fi
	fi
}
do_create_install_dir

printenv_indent() {
	if [[ $VERBOSE == "1" ]]; then
		echo "printenv:"
		printenv | sed 's/^/    /'
	fi
}



#
# Get OS name
#
OSRELEASEID=`cat /etc/os-release 2>/dev/null | grep -a -E '^ID=' | sed 's/^[Ii][Dd]=//g' | sed 's/"//g'`
if [[ -z $OSRELEASEID ]]
then
	OSRELEASEID=`cat /usr/lib/os-release 2>/dev/null | grep -a -E '^ID=' | sed 's/^[Ii][Dd]=//g' | sed 's/"//g'`
	if [[ -z $OSRELEASEID ]]
	then
		OSRELEASEID=`uname -s`
	fi
fi


#
# Get host platform/architecture
#
UNAME=$(uname -s)
case $UNAME in
	Linux) PLATFORM=linux;;
	Darwin) PLATFORM=macOS;;
	*)
		echo "Unsupported platform: $UNAME"
		fail_with_exitcode 203
		;;
esac

BITNESS=$(getconf LONG_BIT)
ARCH=$(uname -m)
case $ARCH in
	x86_64) VSCODE_ARCH="x64";;
	armv7l | armv8l)
		VSCODE_ARCH="armhf"
		;;
	arm64 | aarch64)
		if [[ $BITNESS == 32 ]]; then
			# Can have 32-bit userland on 64-bit kernel
			VSCODE_ARCH="armhf"
		else
			VSCODE_ARCH="arm64"
		fi
		;;
	*)
		OSRELEASE=$(uname -r)
		case $OSRELEASE in
			*x86_64*) VSCODE_ARCH="x64";;
			*)
				echo "Unsupported architecture: $ARCH"
				fail_with_exitcode 196
			;;
		esac
		;;
esac

if [[ $PLATFORM == linux ]]; then
	PLATFORM_DOWNLOAD_PATH=server-linux-$VSCODE_ARCH
elif [[ $VSCODE_ARCH == "arm64" ]]; then
	PLATFORM_DOWNLOAD_PATH=server-darwin-arm64
else
	PLATFORM_DOWNLOAD_PATH=server-darwin
fi

#
# Acquire install lock
#
MAIN_LOCKFD=99
CLEANUP_LOCKFD=98


	use_flock=1
	if [[ $PLATFORM == "macOS" ]]; then
		use_flock=0
	fi

	## Copyright (C) 2009 Przemyslaw Pawelczyk <przemoc@gmail.com>
	## This script is licensed under the terms of the MIT license.
	## https://opensource.org/licenses/MIT

	get_lockfile() {
		lockfiles_in_tmp=0
		lockfile_name=vscode-remote-lock.$USER.$1
		if [[ $lockfiles_in_tmp == "1" ]]; then
			echo "$VSC_TMP/$lockfile_name"
		else
			echo "$VSCODE_AGENT_FOLDER/bin/$1/$lockfile_name"
		fi
	}

	# PRIVATE
	_lock() { flock -$1 $2; }

	_no_more_locking() {
		if [[ $use_flock == "1" ]]; then
			_lock u $2
			_lock xn $2 && rm -f $(get_lockfile $1)
		else
			lockfile_name=$(get_lockfile $1)
			rm -f "$lockfile_name"
			rm -f "$lockfile_name.target"
		fi
	}

	# PUBLIC - all take lock FD

	setup_locking() {
		if [[ $use_flock == "1" ]]; then
			eval "exec $2>\"$(get_lockfile $1)\"";
			trap "_no_more_locking $1 $2" EXIT
		fi
	}

	setup_lock_cleanup()  {
		if [[ $use_flock == "0" ]]; then
			trap "_no_more_locking $1" EXIT
		fi
	}

	# obtain an exclusive lock immediately or fail
	exlock_now() {
		if [[ $use_flock == "1" ]]; then
			_lock xn $1
		else
			lockfile_name=$(get_lockfile $2)
			touch "$lockfile_name.target"
			echo \\ln \"$lockfile_name.target\" \"$lockfile_name\"
			\ln "$lockfile_name.target" "$lockfile_name"
		fi
	}

	# drop a lock
	unlock() {
		if [[ $use_flock == "1" ]]; then
			_lock u $1
		else
			_no_more_locking $2
		fi
	}

setup_locking $COMMIT_ID $MAIN_LOCKFD

echo "Acquiring lock on `get_lockfile $COMMIT_ID`"
exlock_now $MAIN_LOCKFD $COMMIT_ID
if (( $? > 0 ))
then
	echo "Installation already in progress..."
	echo "If you continue to see this message, you can try toggling the remote.SSH.useFlock setting"
	fail_with_exitcode 192
fi

setup_lock_cleanup $COMMIT_ID $MAIN_LOCKFD

#
# Delete old servers if needed
#

TO_DELETE=$(ls -1 -t "$VSCODE_AGENT_FOLDER/bin" | tail -n +6)
for COMMIT_TO_DELETE in $TO_DELETE; do
	echo "Found old VS Code install $COMMIT_TO_DELETE, attempting to clean up"

	setup_locking $COMMIT_TO_DELETE $CLEANUP_LOCKFD
	exlock_now $CLEANUP_LOCKFD $COMMIT_TO_DELETE
	if (( $? == 0 )); then
		setup_lock_cleanup $COMMIT_TO_DELETE $CLEANUP_LOCKFD
		RUNNING="`ps ax | grep $COMMIT_TO_DELETE | grep -v grep | wc -l | tr -d '[:space:]'`"
		if [[ $RUNNING == 0 ]]; then
			echo "Deleting old install from $VSCODE_AGENT_FOLDER/bin/$COMMIT_TO_DELETE"
			rm -rf "$VSCODE_AGENT_FOLDER/bin/$COMMIT_TO_DELETE"

			echo "Deleting old log file from $VSCODE_AGENT_FOLDER/.$COMMIT_TO_DELETE.log"
			rm "$VSCODE_AGENT_FOLDER/.$COMMIT_TO_DELETE.log"
			if [[ -f "$VSCODE_AGENT_FOLDER/.$COMMIT_TO_DELETE.pid" ]]; then
				rm "$VSCODE_AGENT_FOLDER/.$COMMIT_TO_DELETE.pid"
			fi
			if [[ -f "$VSCODE_AGENT_FOLDER/.$COMMIT_TO_DELETE.token" ]]; then
				rm "$VSCODE_AGENT_FOLDER/.$COMMIT_TO_DELETE.token"
			fi
		else
			echo "Install still has running processes, not deleting: $COMMIT_TO_DELETE"
		fi
	else
		echo "Failed to acquire lock for install, not deleting: $COMMIT_TO_DELETE"
	fi
done

do_manual_bootstrap() {
	ALLOW_CLIENT_DOWNLOAD="0"
	FORCE_CLIENT_DOWNLOAD="0"
	DID_LOCAL_DOWNLOAD="1"

	echo "Trigger local (bootstrap) server download"
	echo c194d225939d:trigger_server_download
	echo artifact==$PLATFORM_DOWNLOAD_PATH==
	echo destFolder==$VSCODE_AGENT_FOLDER/bin/==
	echo destFolder2==$COMMIT_ID/vscode-server.tar.gz==
	echo c194d225939d:trigger_server_download_end
	echo "Waiting for client to transfer server archive..."
	echo "Waiting for $VSCH_DIR/vscode-server.tar.gz.done and vscode-server.tar.gz to exist"

	while true; do
		if [[ -f "$VSCH_DIR/vscode-server.tar.gz.done" ]]; then
			if [[ ! -f "$VSCH_DIR/vscode-server.tar.gz" ]]; then
				echo "Found flag but not server tar - server transfer failed"
				fail_with_exitcode 199
			fi

			echo "Found flag and server on host"
			rm "$VSCH_DIR/vscode-server.tar.gz.done"
			break
		else
			echo -n ' '
			sleep 3
		fi
	done
}

do_client_download() {
	DID_LOCAL_DOWNLOAD=1
	echo "Trigger local server download"
	echo c194d225939d:trigger_server_download
	echo artifact==$PLATFORM_DOWNLOAD_PATH==
	echo destFolder==$VSCODE_AGENT_FOLDER/bin/==
	echo destFolder2==$COMMIT_ID/vscode-server.tar.gz==
	echo c194d225939d:trigger_server_download_end
	echo "Waiting for client to transfer server archive..."
	echo "Waiting for $VSCH_DIR/vscode-server.tar.gz.done and vscode-server.tar.gz to exist"

	while true; do
		if [[ -f "$VSCH_DIR/vscode-server.tar.gz.done" ]]; then
			if [[ ! -f "$VSCH_DIR/vscode-server.tar.gz" ]]; then
				echo "Found flag but not server tar - server transfer failed"
				fail_with_exitcode 199
			fi

			echo "Found flag and server on host"
			rm "$VSCH_DIR/vscode-server.tar.gz.done"
			break
		else
			echo -n ' '
			sleep 3
		fi
	done
}

do_client_download_or_fail() {
	if [[ $DID_LOCAL_DOWNLOAD == "1" ]]; then
		echo "Already attempted local download, failing"
		fail_with_exitcode $1
	elif [[ $ALLOW_CLIENT_DOWNLOAD == "1" ]]; then
		do_client_download
		LOCAL_DOWNLOAD_RESULT=success
	else
		fail_with_exitcode $1
	fi
}

do_host_download() {
	start=$(millis)
	echo 'c194d225939d%%1%%'

	DOWNLOAD_URL=https://update.code.visualstudio.com/commit:$COMMIT_ID/$PLATFORM_DOWNLOAD_PATH/stable

	wget --version &> /dev/null
	if (( $? == 0 ))
	then
		echo "Downloading with wget"
		WGET_ERRORS=$(2>&1 wget --no-config --tries=1 --connect-timeout=7 --dns-timeout=7 -nv -O vscode-server.tar.gz $DOWNLOAD_URL)
		if (( $? != 0 ))
		then
			echo "wget download failed"
			echo $WGET_ERRORS
			printenv_indent

			do_client_download_or_fail 193
		else
			echo "Download complete"
			DOWNLOAD_TIME=$(elapsed $start)
		fi
	else
		curl --version &> /dev/null
		if (( $? == 0 ))
		then
			echo "Downloading with curl"
			CURL_OUTPUT=$(curl --disable --connect-timeout 7 -L $DOWNLOAD_URL --output vscode-server.tar.gz -w "%{http_code}")
			if [[ ($? != 0) || ($CURL_OUTPUT != 2??) ]]
			then
				echo "curl download failed"
				echo $CURL_OUTPUT
				printenv_indent

				do_client_download_or_fail 193
			else
				echo "Download complete"
				DOWNLOAD_TIME=$(elapsed $start)
			fi
		else
			printenv_indent
			echo "Neither wget nor curl is installed"

			do_client_download_or_fail 194
		fi
	fi
}

do_install() {
	start=$(millis)
	echo 'c194d225939d%%2%%'
	UNPACK_RESULT=success
	echo 'tar --version:'
	tar --version
	tar -xf vscode-server.tar.gz --no-same-owner
	TAR_EXIT=$?
	INSTALL_TIME=$(elapsed $start)

	if (( $TAR_EXIT > 0 ))
	then
		echo "ERROR: tar exited with non-0 exit code: $?"
		UNPACK_RESULT=error
		do_client_download_or_fail 205
		do_install
		return
	fi

	mv vscode-server*/* .

	# cheap sanity check
	if [[ ! -f "$VSCH_DIR/node" || ! -f "$VSCH_SERVER_SCRIPT" ]]
	then
		UNPACK_RESULT=missingFiles
		echo "ERROR: $VSCH_DIR/node or $VSCH_SERVER_SCRIPT don't exist"
		do_client_download_or_fail 205
		do_install
		return
	fi

	if [[ "$PLATFORM" == "linux" && ! -f "$VSCH_SERVER_PREREQ_SCRIPT" ]]
	then
		UNPACK_RESULT=missingFiles
		echo "ERROR: $VSCH_SERVER_PREREQ_SCRIPT doesn't exist"
		do_client_download_or_fail 205
		do_install
		return
	fi

	# Delete the leftover folder which might have -web prefix, and the .tar.gz
	rm -rf vscode-server*
}

do_extension_install() {
	# install extensions
	if [[ ! -z $EXTENSIONS ]]
	then
		echo "Installing extensions..."
		start=$(millis)
		"$VSCH_SERVER_SCRIPT" $TELEMETRY $EXTENSIONS
		EXT_INSTALL_TIME=$(elapsed $start)
	fi
}

#
# Install if needed
#
if [[ ! -f "$VSCH_SERVER_SCRIPT" ]]
then
	echo "Installing to $VSCH_DIR..."
	STASHED_WORKING_DIR="`pwd`"
	cd "$VSCH_DIR"

	if [[ $MANUAL_BOOTSTRAP == "1" ]]; then
		do_manual_bootstrap
	else
		if [[ $FORCE_CLIENT_DOWNLOAD == "1" ]]; then
			do_client_download
		else
			do_host_download
		fi
	fi

	do_install

	#
	# Verify linux prereqs
	#
	if [[ $PLATFORM == linux ]]; then
		cd "$STASHED_WORKING_DIR"
		"$VSCH_SERVER_PREREQ_SCRIPT"
		PREREQ_EXIT_CODE=$?
		if (( $PREREQ_EXIT_CODE == 99 )); then
			fail_with_exitcode 207
		elif (( $PREREQ_EXIT_CODE == 100 )); then
			if [[ $FORCE_CLIENT_DOWNLOAD != "1" ]]; then
				PLATFORM_DOWNLOAD_PATH=server-linux-legacy-$VSCODE_ARCH
				rm -rf "$VSCH_DIR"
				do_create_install_dir
				cd "$VSCH_DIR"
				do_host_download
				do_install
			fi
		fi
	fi
	cd "$STASHED_WORKING_DIR"
else
	echo "Found existing installation at $VSCH_DIR..."
fi


#
# Generate a new connection token
#
write_connection_token() {
	rm "$VSCH_TOKENFILE"
	CONNECTION_TOKEN="b77f3e64-4697-42bf-baee-b289be783b5b"
	touch "$VSCH_TOKENFILE"
	chmod 0700 "$VSCH_TOKENFILE"
	echo $CONNECTION_TOKEN > "$VSCH_TOKENFILE"
}

#
# Start the server
#
start_server() {
	echo "Starting VS Code Server... \"$VSCH_SERVER_SCRIPT\" --start-server --server-data-dir \"$VSCODE_AGENT_FOLDER\" --host=127.0.0.1 --accept-server-license-terms --enable-remote-auto-shutdown $PORT_FLAG $TELEMETRY $SERVER_LISTEN_FLAG $EXTENSIONS &> \"$VSCH_LOGFILE\" < /dev/null"
	echo "The VS Code Server log file is $VSCH_LOGFILE"
	printenv_indent
	start=$(millis)
	write_connection_token
	if [[ -f $VSCH_LOGFILE ]]; then
		echo "Removing old logfile at $VSCH_LOGFILE"
		rm "$VSCH_LOGFILE" # See #6265
	fi
	"$VSCH_SERVER_SCRIPT" --start-server --server-data-dir "$VSCODE_AGENT_FOLDER" --host=127.0.0.1 --accept-server-license-terms --enable-remote-auto-shutdown $PORT_FLAG $TELEMETRY $SERVER_LISTEN_FLAG $EXTENSIONS --connection-token-file "$VSCH_TOKENFILE" &> "$VSCH_LOGFILE" < /dev/null &
	echo $! > "$VSCH_PIDFILE"
	echo "Spawned remote server: $!"

	stopTime=$((SECONDS+15))

	while (($SECONDS < $stopTime))
	do
		LISTENING_ON=`cat "$VSCH_LOGFILE" | grep -a -E 'Extension host agent listening on .+' | grep -v grep | sed 's/Extension host agent listening on //'`
		if [[ $LISTENING_ON != '' ]]
		then
			break
		fi

		echo "Waiting for server log..."
		sleep .03
	done

	SERVER_START_TIME=$(elapsed $start)
}

echo "Checking $VSCH_LOGFILE and $VSCH_PIDFILE for a running server"
if [[ -f "$VSCH_PIDFILE" ]]; then
	SERVER_PID=`cat "$VSCH_PIDFILE"`
	echo "Looking for server with pid: $SERVER_PID"
	ALL_PROCS=`ps ax | grep "^\s*$SERVER_PID\s"`
else
	ALL_PROCS=`ps ax`
fi

RUNNING="`echo $ALL_PROCS | grep "$VSCH_SERVER_SCRIPT" | grep -v grep | wc -l | tr -d '[:space:]'`"
if [[ $RUNNING == 0 ]]; then
	start_server
elif [[ ! -f "$VSCH_LOGFILE" ]]; then
	echo "WARNING: VS Code Server is running but its logfile is missing. Don't delete the VS Code Server manually, run the command 'Uninstall VS Code Server'."
	start_server
else
	echo "Found running server..."
	do_extension_install
	if [[ -f "$VSCH_TOKENFILE" ]]; then
		CONNECTION_TOKEN=`cat "$VSCH_TOKENFILE"`
	fi
fi

echo " "
echo "*"
echo "* Visual Studio Code Server"
echo "*"
echo "* By using the software, you agree to"
echo "* the Visual Studio Code Server License Terms (https://aka.ms/vscode-server-license) and"
echo "* the Microsoft Privacy Statement (https://privacy.microsoft.com/en-US/privacystatement)."
echo "*"
echo " "

LISTENING_ON=`cat "$VSCH_LOGFILE" | grep -a -E 'Extension host agent listening on .+' | grep -v grep | sed 's/Extension host agent listening on //'`
WEBUITOKEN=`cat "$VSCH_LOGFILE" | grep -a -E 'Web UI available at' | grep -o -E 'tkn=[0-9a-f-]+' | grep -o -E '[0-9a-f-]+'`
if [[ -z $LISTENING_ON ]]
then
	echo "Server did not start successfully. Full server log at $VSCH_LOGFILE >>>"
	cat "$VSCH_LOGFILE"
	echo "<<< End of server log"
	fail_with_exitcode 200
fi

#
# If the server was already running, ensure that it won't shut down in the near future
#
if [[ $RUNNING != 0 ]]; then
	# In case the server is close to timing out and shutting down, ask it to delay shutdown

	wget --version &> /dev/null
	if [[ $? == 0 && $LISTENING_ON =~ (^[[:digit:]]+$) ]]
	then
		echo "Checking server status on port $LISTENING_ON with wget"
		WGET_OUT=$(wget --no-config --no-proxy -nv -O - http://127.0.0.1:$LISTENING_ON/delay-shutdown 2>&1)
		if [[ $? != 0 ]]; then
			echo $WGET_OUT
			fail_with_exitcode 197
		fi
	else
		curl --version &> /dev/null
		if (( $? == 0 ))
		then
			if [[ $LISTENING_ON =~ (^[[:digit:]]+$) ]]
			then
				echo "Checking server status on port $LISTENING_ON with curl"
				CURL_OUTPUT=$(curl --disable --noproxy 127.0.0.1 -s http://127.0.0.1:$LISTENING_ON/delay-shutdown -w " %{http_code}")
			else
				echo "Checking server status on socket $LISTENING_ON with curl"
				CURL_OUTPUT=$(curl --disable --noproxy 127.0.0.1 -s --unix-socket $LISTENING_ON http://127.0.0.1/delay-shutdown -w " %{http_code}")
			fi

			if [[ ($? != 0) || ($CURL_OUTPUT != "OK 200") ]]; then
				echo $CURL_OUTPUT
				fail_with_exitcode 197
			fi
		else
			echo "Neither wget nor curl is installed"
			fail_with_exitcode 194
		fi
	fi
fi


# What we echo below cannot be wider than 80 characters
echo "c194d225939d: start"
echo SSH_AUTH_SOCK==$SSH_AUTH_SOCK==
echo DISPLAY==$DISPLAY==
echo "webUiAccessToken==$WEBUITOKEN=="
echo_common_results
echo "connectionToken==$CONNECTION_TOKEN=="
echo "c194d225939d: end"

unlock $MAIN_LOCKFD $COMMIT_ID

while true; do sleep 180; echo -n ' '; done

EOSSH'
[22:08:03.764] Using connect timeout of 17 seconds
[22:08:04.337] > bryan@192.168.1.75's password: 
[22:08:04.338] Got some output, clearing connection timeout
[22:08:04.338] Showing password prompt
[22:08:11.749] Got password response
[22:08:11.749] "install" wrote data to terminal: "*********"
[22:08:11.762] > 
[22:08:13.700] > c194d225939d: running
[22:08:13.809] > Acquiring lock on /home/bryan/.vscode-server/bin/bf9252a2fb45be6893dd8870c0bf37e2e1766d61/vscode-remote-lock.bryan.bf9252a2fb45be6893dd8870c0bf37e2e1766d61
[22:08:13.866] > Found existing installation at /home/bryan/.vscode-server/bin/bf9252a2fb45be6893dd8870c0bf37e2e1766d61...
> Checking /home/bryan/.vscode-server/.bf9252a2fb45be6893dd8870c0bf37e2e1766d61.log and /home/bryan/.vscode-server/.bf9252a2fb45be6893dd8870c0bf37e2e1766d61.pid for a running server
[22:08:13.878] > Looking for server with pid: 1510
[22:08:14.049] > Starting VS Code Server... "/home/bryan/.vscode-server/bin/bf9252a2fb45be6893dd8870c0bf37e2e1766d61/bin/code-server" --start-server --server-data-dir "/home/bryan/.vscode-server" --host=127.0.0.1 --accept-server-license-terms --enable-remote-auto-shutdown --port=0 --telemetry-level all   &> "/home/bryan/.vscode-server/.bf9252a2fb45be6893dd8870c0bf37e2e1766d61.log" < /dev/null
> The VS Code Server log file is /home/bryan/.vscode-server/.bf9252a2fb45be6893dd8870c0bf37e2e1766d61.log
> Removing old logfile at /home/bryan/.vscode-server/.bf9252a2fb45be6893dd8870c0bf37e2e1766d61.log
> Spawned remote server: 3847
> Waiting for server log...
[22:08:14.104] > Waiting for server log...
[22:08:14.155] > Waiting for server log...
[22:08:14.207] > Waiting for server log...
[22:08:14.258] > Waiting for server log...
[22:08:14.313] > Waiting for server log...
[22:08:14.364] > Waiting for server log...
[22:08:14.412] > Waiting for server log...
[22:08:14.472] > Waiting for server log...
[22:08:14.521] > Waiting for server log...
[22:08:14.571] > Waiting for server log...
[22:08:14.619] > Waiting for server log...
[22:08:14.669] > Waiting for server log...
[22:08:14.720] > Waiting for server log...
[22:08:14.771] > Waiting for server log...
[22:08:14.823] > Waiting for server log...
[22:08:14.873] > Waiting for server log...
[22:08:14.925] > Waiting for server log...
[22:08:14.977] > Waiting for server log...
[22:08:15.029] > Waiting for server log...
[22:08:15.080] > Waiting for server log...
[22:08:15.129] > Waiting for server log...
[22:08:15.180] > Waiting for server log...
[22:08:15.236] > Waiting for server log...
[22:08:15.286] > Waiting for server log...
[22:08:15.335] > Waiting for server log...
[22:08:15.385] > Waiting for server log...
[22:08:15.437] > Waiting for server log...
[22:08:15.483] > Waiting for server log...
[22:08:15.533] > Waiting for server log...
[22:08:15.582] > Waiting for server log...
[22:08:15.626] > Waiting for server log...
[22:08:15.676] > Waiting for server log...
[22:08:15.727] > Waiting for server log...
[22:08:15.776] > Waiting for server log...
[22:08:15.821] > Waiting for server log...
[22:08:15.871] > Waiting for server log...
[22:08:15.918] > Waiting for server log...
[22:08:15.966] > Waiting for server log...
[22:08:16.015] > Waiting for server log...
[22:08:16.065] > Waiting for server log...
[22:08:16.115] > Waiting for server log...
[22:08:16.165] > Waiting for server log...
[22:08:16.215] > Waiting for server log...
[22:08:16.266] > Waiting for server log...
[22:08:16.315] > Waiting for server log...
[22:08:16.365] > Waiting for server log...
[22:08:16.417] > Waiting for server log...
[22:08:16.465] > Waiting for server log...
[22:08:16.515] > Waiting for server log...
[22:08:16.566] > Waiting for server log...
[22:08:16.612] > Waiting for server log...
[22:08:16.662] > Waiting for server log...
[22:08:16.713] > Waiting for server log...
[22:08:16.763] > Waiting for server log...
[22:08:16.812] > Waiting for server log...
[22:08:16.864] > Waiting for server log...
[22:08:16.915] > Waiting for server log...
[22:08:16.965] > Waiting for server log...
[22:08:17.025] > Waiting for server log...
[22:08:17.067] > Waiting for server log...
[22:08:17.118] > Waiting for server log...
[22:08:17.175] >  
> *
> * Visual Studio Code Server
> *
> * By using the software, you agree to
> * the Visual Studio Code Server License Terms (https://aka.ms/vscode-server-license) and
> * the Microsoft Privacy Statement (https://privacy.microsoft.com/en-US/privacystatement).
> *
>  
[22:08:17.203] > c194d225939d: start
> SSH_AUTH_SOCK====
> DISPLAY====
> webUiAccessToken====
> listeningOn==34839==
> osReleaseId==raspbian==
> arch==armv7l==
> vscodeArch==armhf==
> bitness==32==
> tmpDir==/run/user/1000==
> platform==linux==
> unpackResult====
> didLocalDownload==0==
> downloadTime====
> installTime====
> extInstallTime====
> serverStartTime==3180==
> connectionToken==a11a1a11-1111-11aa-aaaa-a111aa111a1a==
[22:08:17.210] > c194d225939d: end
[22:08:17.210] Received install output: 
SSH_AUTH_SOCK====
DISPLAY====
webUiAccessToken====
listeningOn==34839==
osReleaseId==raspbian==
arch==armv7l==
vscodeArch==armhf==
bitness==32==
tmpDir==/run/user/1000==
platform==linux==
unpackResult====
didLocalDownload==0==
downloadTime====
installTime====
extInstallTime====
serverStartTime==3180==
connectionToken==a11a1a11-1111-11aa-aaaa-a111aa111a1a==

[22:08:17.211] Remote server is listening on port 34839
[22:08:17.211] Parsed server configuration: {"serverConfiguration":{"remoteListeningOn":{"port":34839},"osReleaseId":"raspbian","arch":"armv7l","webUiAccessToken":"","sshAuthSock":"","display":"","tmpDir":"/run/user/1000","platform":"linux","connectionToken":"a11a1a11-1111-11aa-aaaa-a111aa111a1a"},"serverStartTime":3180,"installUnpackCode":""}
[22:08:17.212] Starting forwarding server. local port 45341 -> socksPort 34677 -> remotePort 34839
[22:08:17.213] Forwarding server listening on port 45341
[22:08:17.213] Waiting for ssh tunnel to be ready
[22:08:17.214] [Forwarding server port 45341] Got connection 0
[22:08:17.214] Tunneled port 34839 to local port 45341
[22:08:17.214] Resolved "ssh-remote+pi-zero" to "port 45341"
[22:08:17.221] ------




[22:08:17.221] No hints found in the recent session.
[22:08:17.229] [Forwarding server port 45341] Got connection 1
[22:08:18.557] [Forwarding server port 45341] Got connection 2
[22:08:35.776] "install" terminal command done
[22:08:35.776] Install terminal quit with output: 
