2026-01-14 13:46:07.802 [info] Reading sessions from keychain...
2026-01-14 13:46:07.802 [info] Getting sessions for all scopes...
2026-01-14 13:46:07.810 [info] Got stored sessions!
2026-01-14 13:46:07.810 [info] Got 1 verified sessions.
2026-01-14 13:46:07.810 [info] Got 1 sessions for ...
2026-01-14 13:46:07.810 [info] Getting sessions for all scopes...
2026-01-14 13:46:07.810 [info] Got 1 sessions for ...
2026-01-14 13:46:07.810 [info] Getting sessions for all scopes...
2026-01-14 13:46:07.810 [info] Got 1 sessions for ...
2026-01-14 13:46:07.810 [info] Getting sessions for all scopes...
2026-01-14 13:46:07.810 [info] Got 1 sessions for ...
2026-01-14 13:46:07.810 [info] Getting sessions for all scopes...
2026-01-14 13:46:07.810 [info] Got 1 sessions for ...
2026-01-14 13:46:07.810 [info] Getting sessions for all scopes...
2026-01-14 13:46:07.810 [info] Got 1 sessions for ...
2026-01-14 13:46:07.810 [info] Getting sessions for all scopes...
2026-01-14 13:46:07.810 [info] Got 1 sessions for ...
2026-01-14 13:46:07.810 [info] Getting sessions for all scopes...
2026-01-14 13:46:07.810 [info] Got 1 sessions for ...
2026-01-14 13:46:07.810 [info] Getting sessions for all scopes...
2026-01-14 13:46:07.810 [info] Got 1 sessions for ...
2026-01-14 13:46:07.810 [info] Getting sessions for all scopes...
2026-01-14 13:46:07.810 [info] Got 1 sessions for ...
2026-01-14 13:46:07.811 [info] Getting sessions for all scopes...
2026-01-14 13:46:07.811 [info] Got 1 sessions for ...
2026-01-14 13:46:07.811 [info] Getting sessions for all scopes...
2026-01-14 13:46:07.811 [info] Got 1 sessions for ...
2026-01-14 13:46:07.811 [info] Getting sessions for all scopes...
2026-01-14 13:46:07.811 [info] Got 1 sessions for ...
2026-01-14 13:46:07.811 [info] Getting sessions for all scopes...
2026-01-14 13:46:07.811 [info] Got 1 sessions for ...
2026-01-14 13:46:07.811 [info] Getting sessions for all scopes...
2026-01-14 13:46:07.811 [info] Got 1 sessions for ...
2026-01-14 13:46:07.812 [info] Getting sessions for all scopes...
2026-01-14 13:46:07.812 [info] Got 1 sessions for ...
2026-01-14 13:46:07.873 [info] Getting sessions for all scopes...
2026-01-14 13:46:07.873 [info] Got 1 sessions for ...
2026-01-14 13:46:09.054 [info] FetcherService: Electron fetch failed with status: 429 
2026-01-14 13:46:09.806 [info] Reading sessions from keychain...
2026-01-14 13:46:09.806 [info] Getting sessions for all scopes...
2026-01-14 13:46:09.857 [info] Got stored sessions!
2026-01-14 13:46:09.857 [info] Got 1 verified sessions.
2026-01-14 13:46:09.858 [info] Got 1 sessions for ...
2026-01-14 13:46:09.858 [info] Getting sessions for all scopes...
2026-01-14 13:46:09.858 [info] Got 1 sessions for ...
2026-01-14 13:46:09.858 [info] Getting sessions for all scopes...
2026-01-14 13:46:09.858 [info] Got 1 sessions for ...
2026-01-14 13:46:09.868 [info] Getting sessions for all scopes...
2026-01-14 13:46:09.868 [info] Got 1 sessions for ...
2026-01-14 13:46:09.868 [info] Getting sessions for all scopes...
2026-01-14 13:46:09.868 [info] Got 1 sessions for ...
2026-01-14 13:46:09.869 [info] Getting sessions for all scopes...
2026-01-14 13:46:09.869 [info] Got 1 sessions for ...
2026-01-14 13:46:09.869 [info] Getting sessions for all scopes...
2026-01-14 13:46:09.869 [info] Got 1 sessions for ...
2026-01-14 13:46:09.869 [info] Getting sessions for all scopes...
2026-01-14 13:46:09.869 [info] Got 1 sessions for ...
2026-01-14 13:46:09.883 [info] Getting sessions for all scopes...
2026-01-14 13:46:09.883 [info] Got 1 sessions for ...
2026-01-14 13:46:09.884 [info] Getting sessions for all scopes...
2026-01-14 13:46:09.884 [info] Got 1 sessions for ...
2026-01-14 13:46:09.884 [info] Getting sessions for all scopes...
2026-01-14 13:46:09.884 [info] Got 1 sessions for ...
2026-01-14 13:46:09.884 [info] Getting sessions for all scopes...
2026-01-14 13:46:09.884 [info] Got 1 sessions for ...
2026-01-14 13:46:09.884 [info] Getting sessions for all scopes...
2026-01-14 13:46:09.884 [info] Got 1 sessions for ...
2026-01-14 13:46:09.884 [info] Getting sessions for all scopes...
2026-01-14 13:46:09.884 [info] Got 1 sessions for ...
2026-01-14 13:46:10.024 [info] Getting sessions for all scopes...
2026-01-14 13:46:10.024 [info] Got 1 sessions for ...
2026-01-14 13:46:10.952 [info] FetcherService: Electron fetch failed with status: 429 
2026-01-14 13:46:11.286 [info] FetcherService: Node fetch failed with status: 429 Too Many Requests
2026-01-14 13:46:11.524 [info] FetcherService: Node http/s failed with status: 429 Too Many Requests
2026-01-14 13:46:11.836 [info] Getting sessions for all scopes...
2026-01-14 13:46:11.836 [info] Got 1 sessions for ...
