2026-01-22 17:18:32.413 [info] Reading sessions from keychain...
2026-01-22 17:18:32.413 [info] Getting sessions for all scopes...
2026-01-22 17:18:32.413 [info] Got stored sessions!
2026-01-22 17:18:32.413 [info] Got 1 verified sessions.
2026-01-22 17:18:32.413 [info] Got 1 sessions for ...
2026-01-22 17:18:32.413 [info] Getting sessions for all scopes...
2026-01-22 17:18:32.413 [info] Got 1 sessions for ...
2026-01-22 17:18:32.413 [info] Getting sessions for all scopes...
2026-01-22 17:18:32.413 [info] Got 1 sessions for ...
2026-01-22 17:18:32.413 [info] Getting sessions for all scopes...
2026-01-22 17:18:32.413 [info] Got 1 sessions for ...
2026-01-22 17:18:32.413 [info] Getting sessions for all scopes...
2026-01-22 17:18:32.413 [info] Got 1 sessions for ...
2026-01-22 17:18:32.413 [info] Getting sessions for all scopes...
2026-01-22 17:18:32.413 [info] Got 1 sessions for ...
2026-01-22 17:18:32.413 [info] Getting sessions for all scopes...
2026-01-22 17:18:32.413 [info] Got 1 sessions for ...
2026-01-22 17:18:32.413 [info] Getting sessions for all scopes...
2026-01-22 17:18:32.413 [info] Got 1 sessions for ...
2026-01-22 17:18:32.413 [info] Getting sessions for all scopes...
2026-01-22 17:18:32.413 [info] Got 1 sessions for ...
2026-01-22 17:18:32.427 [info] Getting sessions for all scopes...
2026-01-22 17:18:32.427 [info] Got 1 sessions for ...
2026-01-22 17:18:32.427 [info] Getting sessions for all scopes...
2026-01-22 17:18:32.427 [info] Got 1 sessions for ...
2026-01-22 17:18:32.428 [info] Getting sessions for all scopes...
2026-01-22 17:18:32.428 [info] Got 1 sessions for ...
2026-01-22 17:18:32.428 [info] Getting sessions for all scopes...
2026-01-22 17:18:32.428 [info] Got 1 sessions for ...
2026-01-22 17:18:32.428 [info] Getting sessions for all scopes...
2026-01-22 17:18:32.428 [info] Got 1 sessions for ...
2026-01-22 17:18:32.428 [info] Getting sessions for all scopes...
2026-01-22 17:18:32.428 [info] Got 1 sessions for ...
2026-01-22 17:18:32.743 [info] Getting sessions for all scopes...
2026-01-22 17:18:32.743 [info] Got 1 sessions for ...
2026-01-22 17:18:33.690 [info] FetcherService: Electron fetch failed with status: 429 
2026-01-22 17:18:34.020 [info] FetcherService: Node fetch failed with status: 429 Too Many Requests
2026-01-22 17:18:34.264 [info] FetcherService: Node http/s failed with status: 429 Too Many Requests
2026-01-22 17:18:34.521 [info] Getting sessions for all scopes...
2026-01-22 17:18:34.521 [info] Got 1 sessions for ...
2026-01-22 17:22:52.618 [info] Reading sessions from keychain...
2026-01-22 17:22:52.620 [info] Getting sessions for all scopes...
2026-01-22 17:22:52.642 [info] Got stored sessions!
2026-01-22 17:22:52.642 [info] Got 1 verified sessions.
2026-01-22 17:22:52.642 [info] Got 1 sessions for ...
2026-01-22 17:22:52.642 [info] Getting sessions for all scopes...
2026-01-22 17:22:52.642 [info] Got 1 sessions for ...
2026-01-22 17:22:52.642 [info] Getting sessions for all scopes...
2026-01-22 17:22:52.642 [info] Got 1 sessions for ...
2026-01-22 17:22:52.642 [info] Getting sessions for all scopes...
2026-01-22 17:22:52.642 [info] Got 1 sessions for ...
2026-01-22 17:22:52.642 [info] Getting sessions for all scopes...
2026-01-22 17:22:52.642 [info] Got 1 sessions for ...
2026-01-22 17:22:52.654 [info] Getting sessions for all scopes...
2026-01-22 17:22:52.654 [info] Got 1 sessions for ...
2026-01-22 17:22:53.923 [info] FetcherService: Electron fetch failed with status: 429 
2026-01-22 17:22:54.157 [info] FetcherService: Node fetch failed with status: 429 Too Many Requests
2026-01-22 17:22:54.372 [info] FetcherService: Node http/s failed with status: 429 Too Many Requests
2026-01-22 17:22:56.721 [info] Getting sessions for all scopes...
2026-01-22 17:22:56.721 [info] Got 1 sessions for ...
2026-01-22 17:22:56.721 [info] Getting sessions for all scopes...
2026-01-22 17:22:56.721 [info] Got 1 sessions for ...
2026-01-22 17:22:56.721 [info] Getting sessions for all scopes...
2026-01-22 17:22:56.721 [info] Got 1 sessions for ...
2026-01-22 17:22:56.721 [info] Getting sessions for all scopes...
2026-01-22 17:22:56.721 [info] Got 1 sessions for ...
2026-01-22 17:22:56.721 [info] Getting sessions for all scopes...
2026-01-22 17:22:56.721 [info] Got 1 sessions for ...
2026-01-22 17:22:56.737 [info] Getting sessions for all scopes...
2026-01-22 17:22:56.737 [info] Got 1 sessions for ...
2026-01-22 17:22:56.737 [info] Getting sessions for all scopes...
2026-01-22 17:22:56.737 [info] Got 1 sessions for ...
2026-01-22 17:22:56.737 [info] Getting sessions for all scopes...
2026-01-22 17:22:56.737 [info] Got 1 sessions for ...
2026-01-22 17:22:56.737 [info] Getting sessions for all scopes...
2026-01-22 17:22:56.737 [info] Got 1 sessions for ...
2026-01-22 17:22:56.737 [info] Getting sessions for all scopes...
2026-01-22 17:22:56.737 [info] Got 1 sessions for ...
2026-01-22 18:13:43.496 [info] Reading sessions from keychain...
2026-01-22 18:13:43.496 [info] Getting sessions for all scopes...
2026-01-22 18:13:43.508 [info] Got stored sessions!
2026-01-22 18:13:43.508 [info] Got 1 verified sessions.
2026-01-22 18:13:43.508 [info] Got 1 sessions for ...
2026-01-22 18:13:43.508 [info] Getting sessions for all scopes...
2026-01-22 18:13:43.508 [info] Got 1 sessions for ...
2026-01-22 18:13:43.508 [info] Getting sessions for all scopes...
2026-01-22 18:13:43.508 [info] Got 1 sessions for ...
2026-01-22 18:13:43.508 [info] Getting sessions for all scopes...
2026-01-22 18:13:43.508 [info] Got 1 sessions for ...
2026-01-22 18:13:43.513 [info] Getting sessions for all scopes...
2026-01-22 18:13:43.513 [info] Got 1 sessions for ...
2026-01-22 18:13:43.514 [info] Getting sessions for all scopes...
2026-01-22 18:13:43.514 [info] Got 1 sessions for ...
2026-01-22 18:13:44.825 [info] FetcherService: Electron fetch failed with status: 429 
2026-01-22 18:13:45.299 [info] FetcherService: Node fetch failed with status: 429 Too Many Requests
2026-01-22 18:13:45.538 [info] FetcherService: Node http/s failed with status: 429 Too Many Requests
2026-01-22 18:13:47.066 [info] Getting sessions for all scopes...
2026-01-22 18:13:47.066 [info] Got 1 sessions for ...
2026-01-22 18:13:47.067 [info] Getting sessions for all scopes...
2026-01-22 18:13:47.067 [info] Got 1 sessions for ...
2026-01-22 18:13:47.067 [info] Getting sessions for all scopes...
2026-01-22 18:13:47.067 [info] Got 1 sessions for ...
2026-01-22 18:13:47.067 [info] Getting sessions for all scopes...
2026-01-22 18:13:47.067 [info] Got 1 sessions for ...
2026-01-22 18:13:47.067 [info] Getting sessions for all scopes...
2026-01-22 18:13:47.067 [info] Got 1 sessions for ...
2026-01-22 18:13:47.068 [info] Getting sessions for all scopes...
2026-01-22 18:13:47.068 [info] Got 1 sessions for ...
2026-01-22 18:13:47.068 [info] Getting sessions for all scopes...
2026-01-22 18:13:47.068 [info] Got 1 sessions for ...
2026-01-22 18:13:47.068 [info] Getting sessions for all scopes...
2026-01-22 18:13:47.068 [info] Got 1 sessions for ...
2026-01-22 18:13:47.068 [info] Getting sessions for all scopes...
2026-01-22 18:13:47.069 [info] Got 1 sessions for ...
2026-01-22 18:13:47.069 [info] Getting sessions for all scopes...
2026-01-22 18:13:47.069 [info] Got 1 sessions for ...
2026-01-22 18:14:39.090 [info] Reading sessions from keychain...
2026-01-22 18:14:39.090 [info] Getting sessions for all scopes...
2026-01-22 18:14:39.128 [info] Got stored sessions!
2026-01-22 18:14:39.128 [info] Got 1 verified sessions.
2026-01-22 18:14:39.128 [info] Got 1 sessions for ...
2026-01-22 18:14:39.128 [info] Getting sessions for all scopes...
2026-01-22 18:14:39.128 [info] Got 1 sessions for ...
2026-01-22 18:14:39.128 [info] Getting sessions for all scopes...
2026-01-22 18:14:39.128 [info] Got 1 sessions for ...
2026-01-22 18:14:39.128 [info] Getting sessions for all scopes...
2026-01-22 18:14:39.128 [info] Got 1 sessions for ...
2026-01-22 18:14:39.128 [info] Getting sessions for all scopes...
2026-01-22 18:14:39.128 [info] Got 1 sessions for ...
2026-01-22 18:14:39.133 [info] Getting sessions for all scopes...
2026-01-22 18:14:39.133 [info] Got 1 sessions for ...
2026-01-22 18:14:40.042 [info] Getting sessions for all scopes...
2026-01-22 18:14:40.042 [info] Got 1 sessions for ...
2026-01-22 18:14:40.043 [info] Getting sessions for all scopes...
2026-01-22 18:14:40.043 [info] Got 1 sessions for ...
2026-01-22 18:14:40.043 [info] Getting sessions for all scopes...
2026-01-22 18:14:40.043 [info] Got 1 sessions for ...
2026-01-22 18:14:40.043 [info] Getting sessions for all scopes...
2026-01-22 18:14:40.043 [info] Got 1 sessions for ...
2026-01-22 18:14:40.043 [info] Getting sessions for all scopes...
2026-01-22 18:14:40.043 [info] Got 1 sessions for ...
2026-01-22 18:14:40.044 [info] Getting sessions for all scopes...
2026-01-22 18:14:40.044 [info] Got 1 sessions for ...
2026-01-22 18:14:40.044 [info] Getting sessions for all scopes...
2026-01-22 18:14:40.044 [info] Got 1 sessions for ...
2026-01-22 18:14:40.044 [info] Getting sessions for all scopes...
2026-01-22 18:14:40.044 [info] Got 1 sessions for ...
2026-01-22 18:14:40.044 [info] Getting sessions for all scopes...
2026-01-22 18:14:40.045 [info] Got 1 sessions for ...
2026-01-22 18:14:40.045 [info] Getting sessions for all scopes...
2026-01-22 18:14:40.045 [info] Got 1 sessions for ...
2026-01-22 18:14:40.222 [info] FetcherService: Electron fetch failed with status: 429 
2026-01-22 18:14:40.473 [info] FetcherService: Node fetch failed with status: 429 Too Many Requests
2026-01-22 18:14:40.709 [info] FetcherService: Node http/s failed with status: 429 Too Many Requests
