2026-01-17 10:01:23.783 [info] Latency measurements for local backend
window<->ptyhost (message port): 2.10ms
window<->ptyhostservice<->ptyhost: 0.80ms
ptyhostservice<->ptyhost: 0.28ms []
2026-01-17 10:09:29.085 [info] Latency measurements for local backend
window<->ptyhost (message port): 0.20ms
window<->ptyhostservice<->ptyhost: 0.70ms
ptyhostservice<->ptyhost: 0.28ms []
2026-01-17 10:25:57.990 [info] Latency measurements for local backend
window<->ptyhost (message port): 0.30ms
window<->ptyhostservice<->ptyhost: 0.60ms
ptyhostservice<->ptyhost: 0.26ms []
2026-01-17 10:26:21.890 [info] Latency measurements for ssh-remote+pi-zero backend
window<->ptyhostservice<->ptyhost: 179.80ms
ptyhostservice<->ptyhost: 23.88ms []
2026-01-17 10:26:22.233 [info] Latency measurements for ssh-remote+pi-zero backend
window<->ptyhostservice<->ptyhost: 522.40ms
ptyhostservice<->ptyhost: 25.32ms []
2026-01-17 10:26:22.301 [info] Latency measurements for ssh-remote+pi-zero backend
window<->ptyhostservice<->ptyhost: 590.10ms
ptyhostservice<->ptyhost: 14.00ms []
2026-01-17 10:26:22.301 [info] Latency measurements for ssh-remote+pi-zero backend
window<->ptyhostservice<->ptyhost: 590.30ms
ptyhostservice<->ptyhost: 22.48ms []
2026-01-17 10:26:27.639 [info] Latency measurements for local backend
window<->ptyhost (message port): 0.40ms
window<->ptyhostservice<->ptyhost: 0.80ms
ptyhostservice<->ptyhost: 0.32ms []
2026-01-17 10:26:41.985 [info] Latency measurements for ssh-remote+pi-zero backend
window<->ptyhostservice<->ptyhost: 539.20ms
ptyhostservice<->ptyhost: 29.23ms []
2026-01-17 10:26:42.217 [info] Latency measurements for ssh-remote+pi-zero backend
window<->ptyhostservice<->ptyhost: 771.30ms
ptyhostservice<->ptyhost: 3.90ms []
2026-01-17 10:26:42.217 [info] Latency measurements for ssh-remote+pi-zero backend
window<->ptyhostservice<->ptyhost: 771.50ms
ptyhostservice<->ptyhost: 4.77ms []
2026-01-17 10:26:42.217 [info] Latency measurements for ssh-remote+pi-zero backend
window<->ptyhostservice<->ptyhost: 771.40ms
ptyhostservice<->ptyhost: 2.72ms []
2026-01-17 10:43:19.457 [info] Latency measurements for local backend
window<->ptyhost (message port): 0.30ms
window<->ptyhostservice<->ptyhost: 0.70ms
ptyhostservice<->ptyhost: 0.26ms []
2026-01-17 12:08:22.245 [info] Latency measurements for local backend
window<->ptyhost (message port): 0.30ms
window<->ptyhostservice<->ptyhost: 0.60ms
ptyhostservice<->ptyhost: 0.30ms []
2026-01-17 12:08:27.880 [info] Latency measurements for local backend
window<->ptyhost (message port): 0.20ms
window<->ptyhostservice<->ptyhost: 0.60ms
ptyhostservice<->ptyhost: 0.22ms []
2026-01-17 12:08:33.784 [info] Latency measurements for local backend
window<->ptyhost (message port): 0.20ms
window<->ptyhostservice<->ptyhost: 0.50ms
ptyhostservice<->ptyhost: 0.23ms []
2026-01-17 12:08:44.940 [info] Latency measurements for local backend
window<->ptyhost (message port): 0.30ms
window<->ptyhostservice<->ptyhost: 0.60ms
ptyhostservice<->ptyhost: 0.20ms []
2026-01-17 12:08:57.216 [info] Latency measurements for local backend
window<->ptyhost (message port): 0.30ms
window<->ptyhostservice<->ptyhost: 0.60ms
ptyhostservice<->ptyhost: 0.26ms []
2026-01-17 12:09:09.504 [info] Latency measurements for local backend
window<->ptyhost (message port): 0.20ms
window<->ptyhostservice<->ptyhost: 0.60ms
ptyhostservice<->ptyhost: 0.22ms []
2026-01-17 12:09:21.794 [info] Latency measurements for local backend
window<->ptyhost (message port): 0.30ms
window<->ptyhostservice<->ptyhost: 0.50ms
ptyhostservice<->ptyhost: 0.24ms []
2026-01-17 12:09:35.170 [info] Latency measurements for local backend
window<->ptyhost (message port): 0.20ms
window<->ptyhostservice<->ptyhost: 0.60ms
ptyhostservice<->ptyhost: 0.25ms []
2026-01-17 12:10:08.606 [info] Latency measurements for local backend
window<->ptyhost (message port): 0.20ms
window<->ptyhostservice<->ptyhost: 0.50ms
ptyhostservice<->ptyhost: 0.24ms []
2026-01-17 12:10:42.078 [info] Latency measurements for local backend
window<->ptyhost (message port): 0.30ms
window<->ptyhostservice<->ptyhost: 0.60ms
ptyhostservice<->ptyhost: 0.25ms []
2026-01-17 12:11:15.557 [info] Latency measurements for local backend
window<->ptyhost (message port): 0.20ms
window<->ptyhostservice<->ptyhost: 0.60ms
ptyhostservice<->ptyhost: 0.23ms []
2026-01-17 12:11:46.847 [info] Latency measurements for local backend
window<->ptyhost (message port): 0.20ms
window<->ptyhostservice<->ptyhost: 0.50ms
ptyhostservice<->ptyhost: 0.22ms []
2026-01-17 12:12:20.327 [info] Latency measurements for local backend
window<->ptyhost (message port): 0.10ms
window<->ptyhostservice<->ptyhost: 0.60ms
ptyhostservice<->ptyhost: 0.26ms []
2026-01-17 12:12:53.803 [info] Latency measurements for local backend
window<->ptyhost (message port): 0.20ms
window<->ptyhostservice<->ptyhost: 0.70ms
ptyhostservice<->ptyhost: 0.26ms []
2026-01-17 12:13:27.265 [info] Latency measurements for local backend
window<->ptyhost (message port): 0.10ms
window<->ptyhostservice<->ptyhost: 0.60ms
ptyhostservice<->ptyhost: 0.22ms []
2026-01-17 12:14:02.786 [info] Latency measurements for local backend
window<->ptyhost (message port): 0.30ms
window<->ptyhostservice<->ptyhost: 0.50ms
ptyhostservice<->ptyhost: 0.25ms []
2026-01-17 12:14:36.258 [info] Latency measurements for local backend
window<->ptyhost (message port): 0.20ms
window<->ptyhostservice<->ptyhost: 0.60ms
ptyhostservice<->ptyhost: 0.24ms []
2026-01-17 12:15:09.739 [info] Latency measurements for local backend
window<->ptyhost (message port): 0.30ms
window<->ptyhostservice<->ptyhost: 0.70ms
ptyhostservice<->ptyhost: 0.24ms []
2026-01-17 12:15:40.840 [info] Latency measurements for local backend
window<->ptyhost (message port): 0.40ms
window<->ptyhostservice<->ptyhost: 0.60ms
ptyhostservice<->ptyhost: 0.26ms []
2026-01-17 12:16:14.308 [info] Latency measurements for local backend
window<->ptyhost (message port): 0.30ms
window<->ptyhostservice<->ptyhost: 0.50ms
ptyhostservice<->ptyhost: 0.24ms []
2026-01-17 12:16:47.777 [info] Latency measurements for local backend
window<->ptyhost (message port): 0.30ms
window<->ptyhostservice<->ptyhost: 0.50ms
ptyhostservice<->ptyhost: 0.22ms []
2026-01-17 12:17:21.251 [info] Latency measurements for local backend
window<->ptyhost (message port): 0.30ms
window<->ptyhostservice<->ptyhost: 0.60ms
ptyhostservice<->ptyhost: 0.23ms []
2026-01-17 12:17:54.731 [info] Latency measurements for local backend
window<->ptyhost (message port): 0.20ms
window<->ptyhostservice<->ptyhost: 0.70ms
ptyhostservice<->ptyhost: 0.27ms []
2026-01-17 12:18:28.200 [info] Latency measurements for local backend
window<->ptyhost (message port): 0.30ms
window<->ptyhostservice<->ptyhost: 0.50ms
ptyhostservice<->ptyhost: 0.21ms []
2026-01-17 12:19:01.670 [info] Latency measurements for local backend
window<->ptyhost (message port): 0.30ms
window<->ptyhostservice<->ptyhost: 0.60ms
ptyhostservice<->ptyhost: 0.26ms []
2026-01-17 12:19:35.154 [info] Latency measurements for local backend
window<->ptyhost (message port): 0.30ms
window<->ptyhostservice<->ptyhost: 0.50ms
ptyhostservice<->ptyhost: 0.21ms []
2026-01-17 12:20:08.623 [info] Latency measurements for local backend
window<->ptyhost (message port): 0.40ms
window<->ptyhostservice<->ptyhost: 0.60ms
ptyhostservice<->ptyhost: 0.26ms []
2026-01-17 12:20:42.091 [info] Latency measurements for local backend
window<->ptyhost (message port): 0.20ms
window<->ptyhostservice<->ptyhost: 0.60ms
ptyhostservice<->ptyhost: 0.20ms []
2026-01-17 12:21:17.611 [info] Latency measurements for local backend
window<->ptyhost (message port): 0.10ms
window<->ptyhostservice<->ptyhost: 0.60ms
ptyhostservice<->ptyhost: 0.24ms []
2026-01-17 12:21:51.081 [info] Latency measurements for local backend
window<->ptyhost (message port): 0.20ms
window<->ptyhostservice<->ptyhost: 0.60ms
ptyhostservice<->ptyhost: 0.28ms []
2026-01-17 12:22:24.552 [info] Latency measurements for local backend
window<->ptyhost (message port): 0.20ms
window<->ptyhostservice<->ptyhost: 0.70ms
ptyhostservice<->ptyhost: 0.24ms []
2026-01-17 12:22:58.034 [info] Latency measurements for local backend
window<->ptyhost (message port): 0.30ms
window<->ptyhostservice<->ptyhost: 0.50ms
ptyhostservice<->ptyhost: 0.23ms []
2026-01-17 12:23:31.503 [info] Latency measurements for local backend
window<->ptyhost (message port): 0.20ms
window<->ptyhostservice<->ptyhost: 0.70ms
ptyhostservice<->ptyhost: 0.30ms []
2026-01-17 12:24:04.971 [info] Latency measurements for local backend
window<->ptyhost (message port): 0.30ms
window<->ptyhostservice<->ptyhost: 0.50ms
ptyhostservice<->ptyhost: 0.23ms []
2026-01-17 12:24:38.442 [info] Latency measurements for local backend
window<->ptyhost (message port): 0.20ms
window<->ptyhostservice<->ptyhost: 0.60ms
ptyhostservice<->ptyhost: 0.23ms []
2026-01-17 12:25:11.926 [info] Latency measurements for local backend
window<->ptyhost (message port): 0.30ms
window<->ptyhostservice<->ptyhost: 0.60ms
ptyhostservice<->ptyhost: 0.23ms []
2026-01-17 12:25:45.394 [info] Latency measurements for local backend
window<->ptyhost (message port): 0.40ms
window<->ptyhostservice<->ptyhost: 0.60ms
ptyhostservice<->ptyhost: 0.23ms []
2026-01-17 12:26:18.864 [info] Latency measurements for local backend
window<->ptyhost (message port): 0.30ms
window<->ptyhostservice<->ptyhost: 0.60ms
ptyhostservice<->ptyhost: 0.24ms []
2026-01-17 12:26:52.333 [info] Latency measurements for local backend
window<->ptyhost (message port): 0.20ms
window<->ptyhostservice<->ptyhost: 0.50ms
ptyhostservice<->ptyhost: 0.23ms []
2026-01-17 12:27:25.817 [info] Latency measurements for local backend
window<->ptyhost (message port): 0.40ms
window<->ptyhostservice<->ptyhost: 0.70ms
ptyhostservice<->ptyhost: 0.25ms []
2026-01-17 12:27:59.303 [info] Latency measurements for local backend
window<->ptyhost (message port): 0.50ms
window<->ptyhostservice<->ptyhost: 0.80ms
ptyhostservice<->ptyhost: 0.31ms []
2026-01-17 12:28:32.754 [info] Latency measurements for local backend
window<->ptyhost (message port): 0.30ms
window<->ptyhostservice<->ptyhost: 0.60ms
ptyhostservice<->ptyhost: 0.24ms []
2026-01-17 12:29:06.240 [info] Latency measurements for local backend
window<->ptyhost (message port): 0.30ms
window<->ptyhostservice<->ptyhost: 0.50ms
ptyhostservice<->ptyhost: 0.24ms []
2026-01-17 12:29:39.711 [info] Latency measurements for local backend
window<->ptyhost (message port): 0.10ms
window<->ptyhostservice<->ptyhost: 0.60ms
ptyhostservice<->ptyhost: 0.23ms []
2026-01-17 12:30:13.178 [info] Latency measurements for local backend
window<->ptyhost (message port): 0.20ms
window<->ptyhostservice<->ptyhost: 0.80ms
ptyhostservice<->ptyhost: 0.28ms []
2026-01-17 12:30:46.648 [info] Latency measurements for local backend
window<->ptyhost (message port): 0.20ms
window<->ptyhostservice<->ptyhost: 0.60ms
ptyhostservice<->ptyhost: 0.22ms []
2026-01-17 12:31:20.115 [info] Latency measurements for local backend
window<->ptyhost (message port): 0.20ms
window<->ptyhostservice<->ptyhost: 0.60ms
ptyhostservice<->ptyhost: 0.23ms []
2026-01-17 12:31:53.584 [info] Latency measurements for local backend
window<->ptyhost (message port): 0.30ms
window<->ptyhostservice<->ptyhost: 0.70ms
ptyhostservice<->ptyhost: 0.27ms []
2026-01-17 12:32:27.086 [info] Latency measurements for local backend
window<->ptyhost (message port): 0.40ms
window<->ptyhostservice<->ptyhost: 0.80ms
ptyhostservice<->ptyhost: 0.37ms []
2026-01-17 12:33:00.538 [info] Latency measurements for local backend
window<->ptyhost (message port): 0.20ms
window<->ptyhostservice<->ptyhost: 0.60ms
ptyhostservice<->ptyhost: 0.21ms []
2026-01-17 12:33:34.007 [info] Latency measurements for local backend
window<->ptyhost (message port): 0.30ms
window<->ptyhostservice<->ptyhost: 0.50ms
ptyhostservice<->ptyhost: 0.23ms []
2026-01-17 12:34:07.476 [info] Latency measurements for local backend
window<->ptyhost (message port): 0.30ms
window<->ptyhostservice<->ptyhost: 0.60ms
ptyhostservice<->ptyhost: 0.22ms []
2026-01-17 12:34:40.961 [info] Latency measurements for local backend
window<->ptyhost (message port): 0.20ms
window<->ptyhostservice<->ptyhost: 0.60ms
ptyhostservice<->ptyhost: 0.23ms []
2026-01-17 12:35:14.449 [info] Latency measurements for local backend
window<->ptyhost (message port): 0.40ms
window<->ptyhostservice<->ptyhost: 0.80ms
ptyhostservice<->ptyhost: 0.25ms []
2026-01-17 12:35:47.900 [info] Latency measurements for local backend
window<->ptyhost (message port): 0.20ms
window<->ptyhostservice<->ptyhost: 0.60ms
ptyhostservice<->ptyhost: 0.26ms []
2026-01-17 12:36:21.366 [info] Latency measurements for local backend
window<->ptyhost (message port): 0.20ms
window<->ptyhostservice<->ptyhost: 0.60ms
ptyhostservice<->ptyhost: 0.23ms []
2026-01-17 12:36:54.862 [info] Latency measurements for local backend
window<->ptyhost (message port): 0.30ms
window<->ptyhostservice<->ptyhost: 1.80ms
ptyhostservice<->ptyhost: 1.30ms []
2026-01-17 12:37:28.321 [info] Latency measurements for local backend
window<->ptyhost (message port): 0.30ms
window<->ptyhostservice<->ptyhost: 0.50ms
ptyhostservice<->ptyhost: 0.24ms []
2026-01-17 12:38:01.790 [info] Latency measurements for local backend
window<->ptyhost (message port): 0.30ms
window<->ptyhostservice<->ptyhost: 0.60ms
ptyhostservice<->ptyhost: 0.21ms []
2026-01-17 12:38:35.259 [info] Latency measurements for local backend
window<->ptyhost (message port): 0.30ms
window<->ptyhostservice<->ptyhost: 0.50ms
ptyhostservice<->ptyhost: 0.23ms []
2026-01-17 12:39:08.729 [info] Latency measurements for local backend
window<->ptyhost (message port): 0.30ms
window<->ptyhostservice<->ptyhost: 0.70ms
ptyhostservice<->ptyhost: 0.28ms []
2026-01-17 12:39:42.232 [info] Latency measurements for local backend
window<->ptyhost (message port): 0.40ms
window<->ptyhostservice<->ptyhost: 1.70ms
ptyhostservice<->ptyhost: 1.23ms []
2026-01-17 12:40:15.681 [info] Latency measurements for local backend
window<->ptyhost (message port): 0.20ms
window<->ptyhostservice<->ptyhost: 0.60ms
ptyhostservice<->ptyhost: 0.25ms []
2026-01-17 12:40:49.150 [info] Latency measurements for local backend
window<->ptyhost (message port): 0.20ms
window<->ptyhostservice<->ptyhost: 0.60ms
ptyhostservice<->ptyhost: 0.23ms []
2026-01-17 12:41:22.619 [info] Latency measurements for local backend
window<->ptyhost (message port): 0.20ms
window<->ptyhostservice<->ptyhost: 0.60ms
ptyhostservice<->ptyhost: 0.24ms []
2026-01-17 12:41:56.093 [info] Latency measurements for local backend
window<->ptyhost (message port): 0.40ms
window<->ptyhostservice<->ptyhost: 0.70ms
ptyhostservice<->ptyhost: 0.29ms []
2026-01-17 12:42:29.573 [info] Latency measurements for local backend
window<->ptyhost (message port): 0.30ms
window<->ptyhostservice<->ptyhost: 0.60ms
ptyhostservice<->ptyhost: 0.21ms []
2026-01-17 12:43:04.062 [info] Latency measurements for local backend
window<->ptyhost (message port): 0.20ms
window<->ptyhostservice<->ptyhost: 0.70ms
ptyhostservice<->ptyhost: 0.22ms []
2026-01-17 12:43:37.531 [info] Latency measurements for local backend
window<->ptyhost (message port): 0.30ms
window<->ptyhostservice<->ptyhost: 0.60ms
ptyhostservice<->ptyhost: 0.23ms []
2026-01-17 12:44:11.031 [info] Latency measurements for local backend
window<->ptyhost (message port): 0.40ms
window<->ptyhostservice<->ptyhost: 0.60ms
ptyhostservice<->ptyhost: 0.28ms []
2026-01-17 12:44:44.483 [info] Latency measurements for local backend
window<->ptyhost (message port): 0.30ms
window<->ptyhostservice<->ptyhost: 0.50ms
ptyhostservice<->ptyhost: 0.26ms []
2026-01-17 12:45:17.951 [info] Latency measurements for local backend
window<->ptyhost (message port): 0.20ms
window<->ptyhostservice<->ptyhost: 0.60ms
ptyhostservice<->ptyhost: 0.23ms []
2026-01-17 12:45:51.422 [info] Latency measurements for local backend
window<->ptyhost (message port): 0.20ms
window<->ptyhostservice<->ptyhost: 0.50ms
ptyhostservice<->ptyhost: 0.25ms []
2026-01-17 12:46:24.904 [info] Latency measurements for local backend
window<->ptyhost (message port): 0.20ms
window<->ptyhostservice<->ptyhost: 0.60ms
ptyhostservice<->ptyhost: 0.25ms []
2026-01-17 12:46:58.374 [info] Latency measurements for local backend
window<->ptyhost (message port): 0.30ms
window<->ptyhostservice<->ptyhost: 0.60ms
ptyhostservice<->ptyhost: 0.23ms []
2026-01-17 12:47:31.845 [info] Latency measurements for local backend
window<->ptyhost (message port): 0.20ms
window<->ptyhostservice<->ptyhost: 0.50ms
ptyhostservice<->ptyhost: 0.22ms []
2026-01-17 12:48:05.314 [info] Latency measurements for local backend
window<->ptyhost (message port): 0.40ms
window<->ptyhostservice<->ptyhost: 0.60ms
ptyhostservice<->ptyhost: 0.24ms []
2026-01-17 12:48:38.796 [info] Latency measurements for local backend
window<->ptyhost (message port): 0.30ms
window<->ptyhostservice<->ptyhost: 0.50ms
ptyhostservice<->ptyhost: 0.27ms []
2026-01-17 12:49:12.266 [info] Latency measurements for local backend
window<->ptyhost (message port): 0.20ms
window<->ptyhostservice<->ptyhost: 0.50ms
ptyhostservice<->ptyhost: 0.22ms []
2026-01-17 12:49:45.802 [info] Latency measurements for local backend
window<->ptyhost (message port): 0.20ms
window<->ptyhostservice<->ptyhost: 0.70ms
ptyhostservice<->ptyhost: 0.21ms []
2026-01-17 12:50:19.336 [info] Latency measurements for local backend
window<->ptyhost (message port): 0.20ms
window<->ptyhostservice<->ptyhost: 0.60ms
ptyhostservice<->ptyhost: 0.22ms []
2026-01-17 12:50:52.806 [info] Latency measurements for local backend
window<->ptyhost (message port): 0.20ms
window<->ptyhostservice<->ptyhost: 0.50ms
ptyhostservice<->ptyhost: 0.23ms []
2026-01-17 12:51:26.290 [info] Latency measurements for local backend
window<->ptyhost (message port): 0.10ms
window<->ptyhostservice<->ptyhost: 0.70ms
ptyhostservice<->ptyhost: 0.25ms []
2026-01-17 12:51:59.825 [info] Latency measurements for local backend
window<->ptyhost (message port): 0.20ms
window<->ptyhostservice<->ptyhost: 0.70ms
ptyhostservice<->ptyhost: 0.28ms []
2026-01-17 12:52:33.294 [info] Latency measurements for local backend
window<->ptyhost (message port): 0.30ms
window<->ptyhostservice<->ptyhost: 0.50ms
ptyhostservice<->ptyhost: 0.24ms []
2026-01-17 12:53:07.783 [info] Latency measurements for local backend
window<->ptyhost (message port): 0.20ms
window<->ptyhostservice<->ptyhost: 0.60ms
ptyhostservice<->ptyhost: 0.22ms []
2026-01-17 12:53:41.266 [info] Latency measurements for local backend
window<->ptyhost (message port): 0.30ms
window<->ptyhostservice<->ptyhost: 0.60ms
ptyhostservice<->ptyhost: 0.26ms []
2026-01-17 12:54:14.801 [info] Latency measurements for local backend
window<->ptyhost (message port): 0.20ms
window<->ptyhostservice<->ptyhost: 0.60ms
ptyhostservice<->ptyhost: 0.23ms []
2026-01-17 12:54:48.270 [info] Latency measurements for local backend
window<->ptyhost (message port): 0.20ms
window<->ptyhostservice<->ptyhost: 0.50ms
ptyhostservice<->ptyhost: 0.24ms []
2026-01-17 12:55:21.755 [info] Latency measurements for local backend
window<->ptyhost (message port): 0.30ms
window<->ptyhostservice<->ptyhost: 0.50ms
ptyhostservice<->ptyhost: 0.23ms []
2026-01-17 12:55:55.275 [info] Latency measurements for local backend
window<->ptyhost (message port): 0.20ms
window<->ptyhostservice<->ptyhost: 0.60ms
ptyhostservice<->ptyhost: 0.26ms []
2026-01-17 12:56:28.810 [info] Latency measurements for local backend
window<->ptyhost (message port): 0.30ms
window<->ptyhostservice<->ptyhost: 0.60ms
ptyhostservice<->ptyhost: 0.23ms []
2026-01-17 12:57:02.345 [info] Latency measurements for local backend
window<->ptyhost (message port): 0.20ms
window<->ptyhostservice<->ptyhost: 0.50ms
ptyhostservice<->ptyhost: 0.22ms []
2026-01-17 12:57:35.882 [info] Latency measurements for local backend
window<->ptyhost (message port): 0.30ms
window<->ptyhostservice<->ptyhost: 0.50ms
ptyhostservice<->ptyhost: 0.24ms []
2026-01-17 12:58:09.416 [info] Latency measurements for local backend
window<->ptyhost (message port): 0.10ms
window<->ptyhostservice<->ptyhost: 0.60ms
ptyhostservice<->ptyhost: 0.21ms []
2026-01-17 12:58:42.901 [info] Latency measurements for local backend
window<->ptyhost (message port): 0.30ms
window<->ptyhostservice<->ptyhost: 0.60ms
ptyhostservice<->ptyhost: 0.23ms []
2026-01-17 12:59:16.437 [info] Latency measurements for local backend
window<->ptyhost (message port): 0.30ms
window<->ptyhostservice<->ptyhost: 0.70ms
ptyhostservice<->ptyhost: 0.26ms []
2026-01-17 12:59:49.972 [info] Latency measurements for local backend
window<->ptyhost (message port): 0.30ms
window<->ptyhostservice<->ptyhost: 0.50ms
ptyhostservice<->ptyhost: 0.25ms []
2026-01-17 13:00:23.507 [info] Latency measurements for local backend
window<->ptyhost (message port): 0.20ms
window<->ptyhostservice<->ptyhost: 0.60ms
ptyhostservice<->ptyhost: 0.25ms []
2026-01-17 13:00:57.043 [info] Latency measurements for local backend
window<->ptyhost (message port): 0.30ms
window<->ptyhostservice<->ptyhost: 0.60ms
ptyhostservice<->ptyhost: 0.24ms []
2026-01-17 13:01:30.578 [info] Latency measurements for local backend
window<->ptyhost (message port): 0.20ms
window<->ptyhostservice<->ptyhost: 0.70ms
ptyhostservice<->ptyhost: 0.24ms []
2026-01-17 13:02:04.114 [info] Latency measurements for local backend
window<->ptyhost (message port): 0.20ms
window<->ptyhostservice<->ptyhost: 0.70ms
ptyhostservice<->ptyhost: 0.24ms []
2026-01-17 13:02:37.649 [info] Latency measurements for local backend
window<->ptyhost (message port): 0.20ms
window<->ptyhostservice<->ptyhost: 0.50ms
ptyhostservice<->ptyhost: 0.25ms []
2026-01-17 13:03:14.269 [info] Latency measurements for local backend
window<->ptyhost (message port): 0.20ms
window<->ptyhostservice<->ptyhost: 0.60ms
ptyhostservice<->ptyhost: 0.27ms []
2026-01-17 13:03:47.790 [info] Latency measurements for local backend
window<->ptyhost (message port): 0.20ms
window<->ptyhostservice<->ptyhost: 0.60ms
ptyhostservice<->ptyhost: 0.29ms []
2026-01-17 13:04:21.326 [info] Latency measurements for local backend
window<->ptyhost (message port): 0.30ms
window<->ptyhostservice<->ptyhost: 0.70ms
ptyhostservice<->ptyhost: 0.31ms []
2026-01-17 13:04:54.862 [info] Latency measurements for local backend
window<->ptyhost (message port): 0.30ms
window<->ptyhostservice<->ptyhost: 0.50ms
ptyhostservice<->ptyhost: 0.31ms []
2026-01-17 13:05:29.432 [info] Latency measurements for local backend
window<->ptyhost (message port): 0.30ms
window<->ptyhostservice<->ptyhost: 0.60ms
ptyhostservice<->ptyhost: 0.26ms []
2026-01-17 13:06:02.966 [info] Latency measurements for local backend
window<->ptyhost (message port): 0.20ms
window<->ptyhostservice<->ptyhost: 0.50ms
ptyhostservice<->ptyhost: 0.24ms []
2026-01-17 13:06:36.500 [info] Latency measurements for local backend
window<->ptyhost (message port): 0.20ms
window<->ptyhostservice<->ptyhost: 0.60ms
ptyhostservice<->ptyhost: 0.25ms []
2026-01-17 13:07:10.035 [info] Latency measurements for local backend
window<->ptyhost (message port): 0.30ms
window<->ptyhostservice<->ptyhost: 0.60ms
ptyhostservice<->ptyhost: 0.24ms []
2026-01-17 13:07:45.622 [info] Latency measurements for local backend
window<->ptyhost (message port): 0.30ms
window<->ptyhostservice<->ptyhost: 0.50ms
ptyhostservice<->ptyhost: 0.24ms []
2026-01-17 13:08:19.160 [info] Latency measurements for local backend
window<->ptyhost (message port): 0.20ms
window<->ptyhostservice<->ptyhost: 0.50ms
ptyhostservice<->ptyhost: 0.25ms []
2026-01-17 13:08:52.693 [info] Latency measurements for local backend
window<->ptyhost (message port): 0.30ms
window<->ptyhostservice<->ptyhost: 0.50ms
ptyhostservice<->ptyhost: 0.23ms []
2026-01-17 13:09:26.230 [info] Latency measurements for local backend
window<->ptyhost (message port): 0.30ms
window<->ptyhostservice<->ptyhost: 0.60ms
ptyhostservice<->ptyhost: 0.25ms []
2026-01-17 13:09:59.764 [info] Latency measurements for local backend
window<->ptyhost (message port): 0.30ms
window<->ptyhostservice<->ptyhost: 0.50ms
ptyhostservice<->ptyhost: 0.23ms []
2026-01-17 13:10:33.300 [info] Latency measurements for local backend
window<->ptyhost (message port): 0.40ms
window<->ptyhostservice<->ptyhost: 0.70ms
ptyhostservice<->ptyhost: 0.24ms []
2026-01-17 13:11:06.837 [info] Latency measurements for local backend
window<->ptyhost (message port): 0.30ms
window<->ptyhostservice<->ptyhost: 0.60ms
ptyhostservice<->ptyhost: 0.27ms []
2026-01-17 13:11:40.372 [info] Latency measurements for local backend
window<->ptyhost (message port): 0.20ms
window<->ptyhostservice<->ptyhost: 0.60ms
ptyhostservice<->ptyhost: 0.22ms []
2026-01-17 13:12:13.922 [info] Latency measurements for local backend
window<->ptyhost (message port): 0.20ms
window<->ptyhostservice<->ptyhost: 0.60ms
ptyhostservice<->ptyhost: 0.21ms []
2026-01-17 13:12:50.542 [info] Latency measurements for local backend
window<->ptyhost (message port): 0.20ms
window<->ptyhostservice<->ptyhost: 0.60ms
ptyhostservice<->ptyhost: 0.23ms []
2026-01-17 13:13:24.061 [info] Latency measurements for local backend
window<->ptyhost (message port): 0.20ms
window<->ptyhostservice<->ptyhost: 0.60ms
ptyhostservice<->ptyhost: 0.23ms []
2026-01-17 13:13:57.597 [info] Latency measurements for local backend
window<->ptyhost (message port): 0.20ms
window<->ptyhostservice<->ptyhost: 0.60ms
ptyhostservice<->ptyhost: 0.23ms []
2026-01-17 13:14:32.166 [info] Latency measurements for local backend
window<->ptyhost (message port): 0.20ms
window<->ptyhostservice<->ptyhost: 0.60ms
ptyhostservice<->ptyhost: 0.22ms []
2026-01-17 13:15:06.718 [info] Latency measurements for local backend
window<->ptyhost (message port): 0.30ms
window<->ptyhostservice<->ptyhost: 0.50ms
ptyhostservice<->ptyhost: 0.22ms []
2026-01-17 13:15:40.257 [info] Latency measurements for local backend
window<->ptyhost (message port): 0.20ms
window<->ptyhostservice<->ptyhost: 0.60ms
ptyhostservice<->ptyhost: 0.26ms []
2026-01-17 13:16:13.789 [info] Latency measurements for local backend
window<->ptyhost (message port): 0.20ms
window<->ptyhostservice<->ptyhost: 0.70ms
ptyhostservice<->ptyhost: 0.24ms []
2026-01-17 13:16:47.325 [info] Latency measurements for local backend
window<->ptyhost (message port): 0.20ms
window<->ptyhostservice<->ptyhost: 0.50ms
ptyhostservice<->ptyhost: 0.22ms []
2026-01-17 13:17:20.861 [info] Latency measurements for local backend
window<->ptyhost (message port): 0.20ms
window<->ptyhostservice<->ptyhost: 0.70ms
ptyhostservice<->ptyhost: 0.25ms []
2026-01-17 13:17:54.397 [info] Latency measurements for local backend
window<->ptyhost (message port): 0.30ms
window<->ptyhostservice<->ptyhost: 0.60ms
ptyhostservice<->ptyhost: 0.26ms []
2026-01-17 13:18:27.936 [info] Latency measurements for local backend
window<->ptyhost (message port): 0.20ms
window<->ptyhostservice<->ptyhost: 0.60ms
ptyhostservice<->ptyhost: 0.24ms []
2026-01-17 13:19:01.469 [info] Latency measurements for local backend
window<->ptyhost (message port): 0.20ms
window<->ptyhostservice<->ptyhost: 0.60ms
ptyhostservice<->ptyhost: 0.25ms []
2026-01-17 13:19:35.003 [info] Latency measurements for local backend
window<->ptyhost (message port): 0.30ms
window<->ptyhostservice<->ptyhost: 0.50ms
ptyhostservice<->ptyhost: 0.25ms []
2026-01-17 13:20:08.540 [info] Latency measurements for local backend
window<->ptyhost (message port): 0.30ms
window<->ptyhostservice<->ptyhost: 0.50ms
ptyhostservice<->ptyhost: 0.25ms []
2026-01-17 13:20:42.077 [info] Latency measurements for local backend
window<->ptyhost (message port): 0.20ms
window<->ptyhostservice<->ptyhost: 0.50ms
ptyhostservice<->ptyhost: 0.24ms []
2026-01-17 13:21:15.625 [info] Latency measurements for local backend
window<->ptyhost (message port): 0.40ms
window<->ptyhostservice<->ptyhost: 0.60ms
ptyhostservice<->ptyhost: 0.23ms []
2026-01-17 13:21:49.160 [info] Latency measurements for local backend
window<->ptyhost (message port): 0.30ms
window<->ptyhostservice<->ptyhost: 0.50ms
ptyhostservice<->ptyhost: 0.23ms []
2026-01-17 13:22:22.695 [info] Latency measurements for local backend
window<->ptyhost (message port): 0.30ms
window<->ptyhostservice<->ptyhost: 0.50ms
ptyhostservice<->ptyhost: 0.22ms []
2026-01-17 13:22:56.231 [info] Latency measurements for local backend
window<->ptyhost (message port): 0.30ms
window<->ptyhostservice<->ptyhost: 0.60ms
ptyhostservice<->ptyhost: 0.24ms []
2026-01-17 13:23:29.767 [info] Latency measurements for local backend
window<->ptyhost (message port): 0.30ms
window<->ptyhostservice<->ptyhost: 0.50ms
ptyhostservice<->ptyhost: 0.23ms []
2026-01-17 13:24:03.302 [info] Latency measurements for local backend
window<->ptyhost (message port): 0.20ms
window<->ptyhostservice<->ptyhost: 0.50ms
ptyhostservice<->ptyhost: 0.25ms []
2026-01-17 13:24:37.857 [info] Latency measurements for local backend
window<->ptyhost (message port): 0.30ms
window<->ptyhostservice<->ptyhost: 0.50ms
ptyhostservice<->ptyhost: 0.23ms []
2026-01-17 13:25:11.392 [info] Latency measurements for local backend
window<->ptyhost (message port): 0.20ms
window<->ptyhostservice<->ptyhost: 0.70ms
ptyhostservice<->ptyhost: 0.24ms []
2026-01-17 13:25:44.943 [info] Latency measurements for local backend
window<->ptyhost (message port): 0.40ms
window<->ptyhostservice<->ptyhost: 0.60ms
ptyhostservice<->ptyhost: 0.26ms []
2026-01-17 13:26:18.478 [info] Latency measurements for local backend
window<->ptyhost (message port): 0.20ms
window<->ptyhostservice<->ptyhost: 0.60ms
ptyhostservice<->ptyhost: 0.24ms []
2026-01-17 13:26:55.082 [info] Latency measurements for local backend
window<->ptyhost (message port): 0.20ms
window<->ptyhostservice<->ptyhost: 0.60ms
ptyhostservice<->ptyhost: 0.22ms []
2026-01-17 13:27:30.668 [info] Latency measurements for local backend
window<->ptyhost (message port): 0.30ms
window<->ptyhostservice<->ptyhost: 0.60ms
ptyhostservice<->ptyhost: 0.22ms []
2026-01-17 13:28:04.204 [info] Latency measurements for local backend
window<->ptyhost (message port): 0.30ms
window<->ptyhostservice<->ptyhost: 0.80ms
ptyhostservice<->ptyhost: 0.26ms []
2026-01-17 13:28:37.739 [info] Latency measurements for local backend
window<->ptyhost (message port): 0.20ms
window<->ptyhostservice<->ptyhost: 0.60ms
ptyhostservice<->ptyhost: 0.24ms []
2026-01-17 13:29:11.275 [info] Latency measurements for local backend
window<->ptyhost (message port): 0.20ms
window<->ptyhostservice<->ptyhost: 0.50ms
ptyhostservice<->ptyhost: 0.21ms []
2026-01-17 13:29:44.810 [info] Latency measurements for local backend
window<->ptyhost (message port): 0.20ms
window<->ptyhostservice<->ptyhost: 0.60ms
ptyhostservice<->ptyhost: 0.27ms []
2026-01-17 13:30:18.345 [info] Latency measurements for local backend
window<->ptyhost (message port): 0.30ms
window<->ptyhostservice<->ptyhost: 0.50ms
ptyhostservice<->ptyhost: 0.23ms []
2026-01-17 13:30:51.881 [info] Latency measurements for local backend
window<->ptyhost (message port): 0.20ms
window<->ptyhostservice<->ptyhost: 0.70ms
ptyhostservice<->ptyhost: 0.23ms []
2026-01-17 13:31:25.417 [info] Latency measurements for local backend
window<->ptyhost (message port): 0.30ms
window<->ptyhostservice<->ptyhost: 0.60ms
ptyhostservice<->ptyhost: 0.25ms []
2026-01-17 13:32:02.021 [info] Latency measurements for local backend
window<->ptyhost (message port): 0.20ms
window<->ptyhostservice<->ptyhost: 0.60ms
ptyhostservice<->ptyhost: 0.26ms []
2026-01-17 13:32:35.573 [info] Latency measurements for local backend
window<->ptyhost (message port): 0.20ms
window<->ptyhostservice<->ptyhost: 0.50ms
ptyhostservice<->ptyhost: 0.29ms []
2026-01-17 13:33:09.095 [info] Latency measurements for local backend
window<->ptyhost (message port): 0.20ms
window<->ptyhostservice<->ptyhost: 0.60ms
ptyhostservice<->ptyhost: 0.23ms []
2026-01-17 13:33:42.643 [info] Latency measurements for local backend
window<->ptyhost (message port): 0.30ms
window<->ptyhostservice<->ptyhost: 0.50ms
ptyhostservice<->ptyhost: 0.23ms []
2026-01-17 13:34:16.178 [info] Latency measurements for local backend
window<->ptyhost (message port): 0.40ms
window<->ptyhostservice<->ptyhost: 0.60ms
ptyhostservice<->ptyhost: 0.26ms []
2026-01-17 13:34:49.713 [info] Latency measurements for local backend
window<->ptyhost (message port): 0.30ms
window<->ptyhostservice<->ptyhost: 0.50ms
ptyhostservice<->ptyhost: 0.23ms []
2026-01-17 13:35:23.250 [info] Latency measurements for local backend
window<->ptyhost (message port): 0.20ms
window<->ptyhostservice<->ptyhost: 0.50ms
ptyhostservice<->ptyhost: 0.23ms []
2026-01-17 13:35:56.786 [info] Latency measurements for local backend
window<->ptyhost (message port): 0.20ms
window<->ptyhostservice<->ptyhost: 0.50ms
ptyhostservice<->ptyhost: 0.22ms []
2026-01-17 13:36:30.321 [info] Latency measurements for local backend
window<->ptyhost (message port): 0.30ms
window<->ptyhostservice<->ptyhost: 0.60ms
ptyhostservice<->ptyhost: 0.24ms []
2026-01-17 13:37:05.908 [info] Latency measurements for local backend
window<->ptyhost (message port): 0.30ms
window<->ptyhostservice<->ptyhost: 0.60ms
ptyhostservice<->ptyhost: 0.26ms []
2026-01-17 13:37:39.442 [info] Latency measurements for local backend
window<->ptyhost (message port): 0.30ms
window<->ptyhostservice<->ptyhost: 0.60ms
ptyhostservice<->ptyhost: 0.24ms []
2026-01-17 13:38:12.980 [info] Latency measurements for local backend
window<->ptyhost (message port): 0.20ms
window<->ptyhostservice<->ptyhost: 0.50ms
ptyhostservice<->ptyhost: 0.23ms []
2026-01-17 13:38:46.513 [info] Latency measurements for local backend
window<->ptyhost (message port): 0.20ms
window<->ptyhostservice<->ptyhost: 0.50ms
ptyhostservice<->ptyhost: 0.22ms []
2026-01-17 13:39:20.065 [info] Latency measurements for local backend
window<->ptyhost (message port): 0.20ms
window<->ptyhostservice<->ptyhost: 0.60ms
ptyhostservice<->ptyhost: 0.23ms []
2026-01-17 13:39:53.586 [info] Latency measurements for local backend
window<->ptyhost (message port): 0.20ms
window<->ptyhostservice<->ptyhost: 0.70ms
ptyhostservice<->ptyhost: 0.28ms []
2026-01-17 13:40:27.122 [info] Latency measurements for local backend
window<->ptyhost (message port): 0.20ms
window<->ptyhostservice<->ptyhost: 0.70ms
ptyhostservice<->ptyhost: 0.24ms []
2026-01-17 13:41:00.671 [info] Latency measurements for local backend
window<->ptyhost (message port): 0.20ms
window<->ptyhostservice<->ptyhost: 0.60ms
ptyhostservice<->ptyhost: 0.23ms []
2026-01-17 13:41:34.209 [info] Latency measurements for local backend
window<->ptyhost (message port): 0.30ms
window<->ptyhostservice<->ptyhost: 0.60ms
ptyhostservice<->ptyhost: 0.21ms []
2026-01-17 13:42:07.743 [info] Latency measurements for local backend
window<->ptyhost (message port): 0.30ms
window<->ptyhostservice<->ptyhost: 0.60ms
ptyhostservice<->ptyhost: 0.22ms []
2026-01-17 13:42:41.278 [info] Latency measurements for local backend
window<->ptyhost (message port): 0.40ms
window<->ptyhostservice<->ptyhost: 0.50ms
ptyhostservice<->ptyhost: 0.23ms []
2026-01-17 13:43:14.813 [info] Latency measurements for local backend
window<->ptyhost (message port): 0.30ms
window<->ptyhostservice<->ptyhost: 0.70ms
ptyhostservice<->ptyhost: 0.26ms []
2026-01-17 13:43:48.349 [info] Latency measurements for local backend
window<->ptyhost (message port): 0.20ms
window<->ptyhostservice<->ptyhost: 0.50ms
ptyhostservice<->ptyhost: 0.22ms []
2026-01-17 13:44:21.884 [info] Latency measurements for local backend
window<->ptyhost (message port): 0.30ms
window<->ptyhostservice<->ptyhost: 0.50ms
ptyhostservice<->ptyhost: 0.25ms []
2026-01-17 13:44:55.419 [info] Latency measurements for local backend
window<->ptyhost (message port): 0.20ms
window<->ptyhostservice<->ptyhost: 0.60ms
ptyhostservice<->ptyhost: 0.23ms []
2026-01-17 13:45:28.956 [info] Latency measurements for local backend
window<->ptyhost (message port): 0.20ms
window<->ptyhostservice<->ptyhost: 0.70ms
ptyhostservice<->ptyhost: 0.23ms []
2026-01-17 13:46:02.491 [info] Latency measurements for local backend
window<->ptyhost (message port): 0.30ms
window<->ptyhostservice<->ptyhost: 0.60ms
ptyhostservice<->ptyhost: 0.23ms []
2026-01-17 13:46:36.026 [info] Latency measurements for local backend
window<->ptyhost (message port): 0.20ms
window<->ptyhostservice<->ptyhost: 0.60ms
ptyhostservice<->ptyhost: 0.20ms []
2026-01-17 13:47:09.562 [info] Latency measurements for local backend
window<->ptyhost (message port): 0.30ms
window<->ptyhostservice<->ptyhost: 0.60ms
ptyhostservice<->ptyhost: 0.23ms []
2026-01-17 13:47:43.098 [info] Latency measurements for local backend
window<->ptyhost (message port): 0.20ms
window<->ptyhostservice<->ptyhost: 0.50ms
ptyhostservice<->ptyhost: 0.22ms []
2026-01-17 13:48:16.632 [info] Latency measurements for local backend
window<->ptyhost (message port): 0.20ms
window<->ptyhostservice<->ptyhost: 0.60ms
ptyhostservice<->ptyhost: 0.24ms []
2026-01-17 13:48:50.168 [info] Latency measurements for local backend
window<->ptyhost (message port): 0.20ms
window<->ptyhostservice<->ptyhost: 0.60ms
ptyhostservice<->ptyhost: 0.24ms []
2026-01-17 13:49:23.708 [info] Latency measurements for local backend
window<->ptyhost (message port): 0.20ms
window<->ptyhostservice<->ptyhost: 0.60ms
ptyhostservice<->ptyhost: 0.24ms []
2026-01-17 13:49:57.241 [info] Latency measurements for local backend
window<->ptyhost (message port): 0.30ms
window<->ptyhostservice<->ptyhost: 0.70ms
ptyhostservice<->ptyhost: 0.25ms []
2026-01-17 13:50:30.791 [info] Latency measurements for local backend
window<->ptyhost (message port): 0.40ms
window<->ptyhostservice<->ptyhost: 0.60ms
ptyhostservice<->ptyhost: 0.24ms []
2026-01-17 13:51:04.311 [info] Latency measurements for local backend
window<->ptyhost (message port): 0.20ms
window<->ptyhostservice<->ptyhost: 0.60ms
ptyhostservice<->ptyhost: 0.22ms []
2026-01-17 13:51:37.862 [info] Latency measurements for local backend
window<->ptyhost (message port): 0.30ms
window<->ptyhostservice<->ptyhost: 0.60ms
ptyhostservice<->ptyhost: 0.24ms []
2026-01-17 13:52:11.397 [info] Latency measurements for local backend
window<->ptyhost (message port): 0.20ms
window<->ptyhostservice<->ptyhost: 0.60ms
ptyhostservice<->ptyhost: 0.23ms []
2026-01-17 13:52:44.933 [info] Latency measurements for local backend
window<->ptyhost (message port): 0.30ms
window<->ptyhostservice<->ptyhost: 0.60ms
ptyhostservice<->ptyhost: 0.23ms []
2026-01-17 13:53:18.468 [info] Latency measurements for local backend
window<->ptyhost (message port): 0.10ms
window<->ptyhostservice<->ptyhost: 0.70ms
ptyhostservice<->ptyhost: 0.26ms []
2026-01-17 13:53:52.003 [info] Latency measurements for local backend
window<->ptyhost (message port): 0.20ms
window<->ptyhostservice<->ptyhost: 0.60ms
ptyhostservice<->ptyhost: 0.24ms []
2026-01-17 13:54:25.539 [info] Latency measurements for local backend
window<->ptyhost (message port): 0.30ms
window<->ptyhostservice<->ptyhost: 0.60ms
ptyhostservice<->ptyhost: 0.26ms []
2026-01-17 13:54:59.075 [info] Latency measurements for local backend
window<->ptyhost (message port): 0.20ms
window<->ptyhostservice<->ptyhost: 0.50ms
ptyhostservice<->ptyhost: 0.20ms []
2026-01-17 13:55:32.609 [info] Latency measurements for local backend
window<->ptyhost (message port): 0.30ms
window<->ptyhostservice<->ptyhost: 0.50ms
ptyhostservice<->ptyhost: 0.24ms []
2026-01-17 13:56:06.145 [info] Latency measurements for local backend
window<->ptyhost (message port): 0.30ms
window<->ptyhostservice<->ptyhost: 0.60ms
ptyhostservice<->ptyhost: 0.27ms []
2026-01-17 13:56:42.765 [info] Latency measurements for local backend
window<->ptyhost (message port): 0.40ms
window<->ptyhostservice<->ptyhost: 0.70ms
ptyhostservice<->ptyhost: 0.28ms []
2026-01-17 13:57:16.301 [info] Latency measurements for local backend
window<->ptyhost (message port): 0.30ms
window<->ptyhostservice<->ptyhost: 0.60ms
ptyhostservice<->ptyhost: 0.22ms []
2026-01-17 13:57:49.824 [info] Latency measurements for local backend
window<->ptyhost (message port): 0.20ms
window<->ptyhostservice<->ptyhost: 0.50ms
ptyhostservice<->ptyhost: 0.21ms []
2026-01-17 13:58:23.372 [info] Latency measurements for local backend
window<->ptyhost (message port): 0.20ms
window<->ptyhostservice<->ptyhost: 0.70ms
ptyhostservice<->ptyhost: 0.29ms []
2026-01-17 13:58:56.895 [info] Latency measurements for local backend
window<->ptyhost (message port): 0.20ms
window<->ptyhostservice<->ptyhost: 0.60ms
ptyhostservice<->ptyhost: 0.22ms []
2026-01-17 13:59:30.443 [info] Latency measurements for local backend
window<->ptyhost (message port): 0.30ms
window<->ptyhostservice<->ptyhost: 0.60ms
ptyhostservice<->ptyhost: 0.27ms []
2026-01-17 14:00:03.978 [info] Latency measurements for local backend
window<->ptyhost (message port): 0.30ms
window<->ptyhostservice<->ptyhost: 0.60ms
ptyhostservice<->ptyhost: 0.23ms []
2026-01-17 14:00:37.513 [info] Latency measurements for local backend
window<->ptyhost (message port): 0.30ms
window<->ptyhostservice<->ptyhost: 0.50ms
ptyhostservice<->ptyhost: 0.25ms []
2026-01-17 14:01:11.049 [info] Latency measurements for local backend
window<->ptyhost (message port): 0.40ms
window<->ptyhostservice<->ptyhost: 0.60ms
ptyhostservice<->ptyhost: 0.23ms []
2026-01-17 14:01:44.588 [info] Latency measurements for local backend
window<->ptyhost (message port): 0.30ms
window<->ptyhostservice<->ptyhost: 0.80ms
ptyhostservice<->ptyhost: 0.32ms []
2026-01-17 14:02:18.203 [info] Latency measurements for local backend
window<->ptyhost (message port): 0.30ms
window<->ptyhostservice<->ptyhost: 0.60ms
ptyhostservice<->ptyhost: 0.26ms []
2026-01-17 14:02:51.789 [info] Latency measurements for local backend
window<->ptyhost (message port): 0.20ms
window<->ptyhostservice<->ptyhost: 0.60ms
ptyhostservice<->ptyhost: 0.26ms []
2026-01-17 14:03:25.325 [info] Latency measurements for local backend
window<->ptyhost (message port): 0.30ms
window<->ptyhostservice<->ptyhost: 0.50ms
ptyhostservice<->ptyhost: 0.23ms []
2026-01-17 14:03:58.860 [info] Latency measurements for local backend
window<->ptyhost (message port): 0.20ms
window<->ptyhostservice<->ptyhost: 0.60ms
ptyhostservice<->ptyhost: 0.24ms []
2026-01-17 14:04:34.446 [info] Latency measurements for local backend
window<->ptyhost (message port): 0.30ms
window<->ptyhostservice<->ptyhost: 0.70ms
ptyhostservice<->ptyhost: 0.25ms []
2026-01-17 14:05:07.983 [info] Latency measurements for local backend
window<->ptyhost (message port): 0.20ms
window<->ptyhostservice<->ptyhost: 0.70ms
ptyhostservice<->ptyhost: 0.25ms []
2026-01-17 14:05:41.584 [info] Latency measurements for local backend
window<->ptyhost (message port): 0.20ms
window<->ptyhostservice<->ptyhost: 0.50ms
ptyhostservice<->ptyhost: 0.23ms []
2026-01-17 14:06:15.119 [info] Latency measurements for local backend
window<->ptyhost (message port): 0.20ms
window<->ptyhostservice<->ptyhost: 0.50ms
ptyhostservice<->ptyhost: 0.24ms []
2026-01-17 14:06:48.655 [info] Latency measurements for local backend
window<->ptyhost (message port): 0.30ms
window<->ptyhostservice<->ptyhost: 0.70ms
ptyhostservice<->ptyhost: 0.29ms []
2026-01-17 14:07:22.190 [info] Latency measurements for local backend
window<->ptyhost (message port): 0.40ms
window<->ptyhostservice<->ptyhost: 0.60ms
ptyhostservice<->ptyhost: 0.21ms []
2026-01-17 14:07:55.725 [info] Latency measurements for local backend
window<->ptyhost (message port): 0.20ms
window<->ptyhostservice<->ptyhost: 0.70ms
ptyhostservice<->ptyhost: 0.25ms []
2026-01-17 14:08:31.312 [info] Latency measurements for local backend
window<->ptyhost (message port): 0.30ms
window<->ptyhostservice<->ptyhost: 0.80ms
ptyhostservice<->ptyhost: 0.28ms []
2026-01-17 14:09:04.848 [info] Latency measurements for local backend
window<->ptyhost (message port): 0.30ms
window<->ptyhostservice<->ptyhost: 0.60ms
ptyhostservice<->ptyhost: 0.23ms []
2026-01-17 14:09:38.384 [info] Latency measurements for local backend
window<->ptyhost (message port): 0.20ms
window<->ptyhostservice<->ptyhost: 0.60ms
ptyhostservice<->ptyhost: 0.26ms []
2026-01-17 14:10:11.985 [info] Latency measurements for local backend
window<->ptyhost (message port): 0.20ms
window<->ptyhostservice<->ptyhost: 0.60ms
ptyhostservice<->ptyhost: 0.22ms []
2026-01-17 14:10:45.587 [info] Latency measurements for local backend
window<->ptyhost (message port): 0.30ms
window<->ptyhostservice<->ptyhost: 0.60ms
ptyhostservice<->ptyhost: 0.22ms []
2026-01-17 14:11:19.189 [info] Latency measurements for local backend
window<->ptyhost (message port): 0.20ms
window<->ptyhostservice<->ptyhost: 0.70ms
ptyhostservice<->ptyhost: 0.22ms []
2026-01-17 14:11:52.792 [info] Latency measurements for local backend
window<->ptyhost (message port): 0.30ms
window<->ptyhostservice<->ptyhost: 0.70ms
ptyhostservice<->ptyhost: 0.23ms []
2026-01-17 14:12:26.378 [info] Latency measurements for local backend
window<->ptyhost (message port): 0.20ms
window<->ptyhostservice<->ptyhost: 0.70ms
ptyhostservice<->ptyhost: 0.27ms []
2026-01-17 14:12:59.996 [info] Latency measurements for local backend
window<->ptyhost (message port): 0.30ms
window<->ptyhostservice<->ptyhost: 0.70ms
ptyhostservice<->ptyhost: 0.26ms []
2026-01-17 14:13:33.583 [info] Latency measurements for local backend
window<->ptyhost (message port): 0.20ms
window<->ptyhostservice<->ptyhost: 0.60ms
ptyhostservice<->ptyhost: 0.24ms []
2026-01-17 14:14:07.183 [info] Latency measurements for local backend
window<->ptyhost (message port): 0.30ms
window<->ptyhostservice<->ptyhost: 0.60ms
ptyhostservice<->ptyhost: 0.21ms []
2026-01-17 14:14:40.786 [info] Latency measurements for local backend
window<->ptyhost (message port): 0.10ms
window<->ptyhostservice<->ptyhost: 0.60ms
ptyhostservice<->ptyhost: 0.23ms []
2026-01-17 14:15:14.388 [info] Latency measurements for local backend
window<->ptyhost (message port): 0.30ms
window<->ptyhostservice<->ptyhost: 0.60ms
ptyhostservice<->ptyhost: 0.23ms []
2026-01-17 14:15:47.990 [info] Latency measurements for local backend
window<->ptyhost (message port): 0.40ms
window<->ptyhostservice<->ptyhost: 0.60ms
ptyhostservice<->ptyhost: 0.25ms []
2026-01-17 14:16:21.592 [info] Latency measurements for local backend
window<->ptyhost (message port): 0.40ms
window<->ptyhostservice<->ptyhost: 0.60ms
ptyhostservice<->ptyhost: 0.23ms []
2026-01-17 14:16:55.194 [info] Latency measurements for local backend
window<->ptyhost (message port): 0.40ms
window<->ptyhostservice<->ptyhost: 0.50ms
ptyhostservice<->ptyhost: 0.23ms []
2026-01-17 14:17:28.797 [info] Latency measurements for local backend
window<->ptyhost (message port): 1.10ms
window<->ptyhostservice<->ptyhost: 0.70ms
ptyhostservice<->ptyhost: 0.23ms []
2026-01-17 14:18:02.383 [info] Latency measurements for local backend
window<->ptyhost (message port): 0.30ms
window<->ptyhostservice<->ptyhost: 0.60ms
ptyhostservice<->ptyhost: 0.23ms []
2026-01-17 14:18:36.000 [info] Latency measurements for local backend
window<->ptyhost (message port): 0.20ms
window<->ptyhostservice<->ptyhost: 0.60ms
ptyhostservice<->ptyhost: 0.23ms []
2026-01-17 14:19:09.589 [info] Latency measurements for local backend
window<->ptyhost (message port): 0.30ms
window<->ptyhostservice<->ptyhost: 0.50ms
ptyhostservice<->ptyhost: 0.20ms []
2026-01-17 14:19:43.188 [info] Latency measurements for local backend
window<->ptyhost (message port): 0.30ms
window<->ptyhostservice<->ptyhost: 0.60ms
ptyhostservice<->ptyhost: 0.25ms []
2026-01-17 14:20:16.790 [info] Latency measurements for local backend
window<->ptyhost (message port): 0.30ms
window<->ptyhostservice<->ptyhost: 0.70ms
ptyhostservice<->ptyhost: 0.26ms []
2026-01-17 14:20:50.393 [info] Latency measurements for local backend
window<->ptyhost (message port): 0.30ms
window<->ptyhostservice<->ptyhost: 0.50ms
ptyhostservice<->ptyhost: 0.22ms []
2026-01-17 14:21:23.995 [info] Latency measurements for local backend
window<->ptyhost (message port): 0.20ms
window<->ptyhostservice<->ptyhost: 0.50ms
ptyhostservice<->ptyhost: 0.24ms []
2026-01-17 14:21:57.596 [info] Latency measurements for local backend
window<->ptyhost (message port): 0.30ms
window<->ptyhostservice<->ptyhost: 0.50ms
ptyhostservice<->ptyhost: 0.24ms []
2026-01-17 14:22:31.199 [info] Latency measurements for local backend
window<->ptyhost (message port): 0.30ms
window<->ptyhostservice<->ptyhost: 0.50ms
ptyhostservice<->ptyhost: 0.23ms []
2026-01-17 14:23:04.801 [info] Latency measurements for local backend
window<->ptyhost (message port): 0.40ms
window<->ptyhostservice<->ptyhost: 0.60ms
ptyhostservice<->ptyhost: 0.24ms []
2026-01-17 14:23:38.403 [info] Latency measurements for local backend
window<->ptyhost (message port): 0.30ms
window<->ptyhostservice<->ptyhost: 0.60ms
ptyhostservice<->ptyhost: 0.25ms []
2026-01-17 14:24:11.990 [info] Latency measurements for local backend
window<->ptyhost (message port): 0.20ms
window<->ptyhostservice<->ptyhost: 0.60ms
ptyhostservice<->ptyhost: 0.26ms []
2026-01-17 14:24:45.593 [info] Latency measurements for local backend
window<->ptyhost (message port): 0.20ms
window<->ptyhostservice<->ptyhost: 0.50ms
ptyhostservice<->ptyhost: 0.21ms []
2026-01-17 14:25:19.194 [info] Latency measurements for local backend
window<->ptyhost (message port): 0.20ms
window<->ptyhostservice<->ptyhost: 0.70ms
ptyhostservice<->ptyhost: 0.23ms []
2026-01-17 14:25:52.795 [info] Latency measurements for local backend
window<->ptyhost (message port): 0.30ms
window<->ptyhostservice<->ptyhost: 0.60ms
ptyhostservice<->ptyhost: 0.23ms []
2026-01-17 14:26:26.397 [info] Latency measurements for local backend
window<->ptyhost (message port): 0.20ms
window<->ptyhostservice<->ptyhost: 0.60ms
ptyhostservice<->ptyhost: 0.24ms []
2026-01-17 14:26:59.999 [info] Latency measurements for local backend
window<->ptyhost (message port): 0.20ms
window<->ptyhostservice<->ptyhost: 0.50ms
ptyhostservice<->ptyhost: 0.24ms []
2026-01-17 14:27:33.601 [info] Latency measurements for local backend
window<->ptyhost (message port): 0.10ms
window<->ptyhostservice<->ptyhost: 0.60ms
ptyhostservice<->ptyhost: 0.24ms []
2026-01-17 14:28:07.203 [info] Latency measurements for local backend
window<->ptyhost (message port): 0.20ms
window<->ptyhostservice<->ptyhost: 0.50ms
ptyhostservice<->ptyhost: 0.22ms []
2026-01-17 14:28:40.806 [info] Latency measurements for local backend
window<->ptyhost (message port): 0.30ms
window<->ptyhostservice<->ptyhost: 0.50ms
ptyhostservice<->ptyhost: 0.23ms []
2026-01-17 14:29:14.408 [info] Latency measurements for local backend
window<->ptyhost (message port): 0.30ms
window<->ptyhostservice<->ptyhost: 0.60ms
ptyhostservice<->ptyhost: 0.28ms []
2026-01-17 14:29:48.010 [info] Latency measurements for local backend
window<->ptyhost (message port): 0.30ms
window<->ptyhostservice<->ptyhost: 0.60ms
ptyhostservice<->ptyhost: 0.24ms []
2026-01-17 14:30:21.612 [info] Latency measurements for local backend
window<->ptyhost (message port): 0.30ms
window<->ptyhostservice<->ptyhost: 0.60ms
ptyhostservice<->ptyhost: 0.23ms []
2026-01-17 14:30:55.203 [info] Latency measurements for local backend
window<->ptyhost (message port): 0.40ms
window<->ptyhostservice<->ptyhost: 0.70ms
ptyhostservice<->ptyhost: 0.24ms []
2026-01-17 14:31:28.801 [info] Latency measurements for local backend
window<->ptyhost (message port): 0.20ms
window<->ptyhostservice<->ptyhost: 0.50ms
ptyhostservice<->ptyhost: 0.22ms []
2026-01-17 14:32:02.403 [info] Latency measurements for local backend
window<->ptyhost (message port): 0.30ms
window<->ptyhostservice<->ptyhost: 0.60ms
ptyhostservice<->ptyhost: 0.24ms []
2026-01-17 14:32:38.055 [info] Latency measurements for local backend
window<->ptyhost (message port): 0.10ms
window<->ptyhostservice<->ptyhost: 0.60ms
ptyhostservice<->ptyhost: 0.23ms []
2026-01-17 14:33:11.657 [info] Latency measurements for local backend
window<->ptyhost (message port): 0.30ms
window<->ptyhostservice<->ptyhost: 0.70ms
ptyhostservice<->ptyhost: 0.27ms []
2026-01-17 14:33:45.243 [info] Latency measurements for local backend
window<->ptyhost (message port): 0.30ms
window<->ptyhostservice<->ptyhost: 0.50ms
ptyhostservice<->ptyhost: 0.22ms []
2026-01-17 14:34:20.933 [info] Latency measurements for local backend
window<->ptyhost (message port): 1.00ms
window<->ptyhostservice<->ptyhost: 1.50ms
ptyhostservice<->ptyhost: 0.38ms []
2026-01-17 14:34:54.499 [info] Latency measurements for local backend
window<->ptyhost (message port): 0.20ms
window<->ptyhostservice<->ptyhost: 0.60ms
ptyhostservice<->ptyhost: 0.23ms []
2026-01-17 14:35:28.102 [info] Latency measurements for local backend
window<->ptyhost (message port): 0.30ms
window<->ptyhostservice<->ptyhost: 0.60ms
ptyhostservice<->ptyhost: 0.25ms []
2026-01-17 14:36:01.702 [info] Latency measurements for local backend
window<->ptyhost (message port): 0.20ms
window<->ptyhostservice<->ptyhost: 0.50ms
ptyhostservice<->ptyhost: 0.23ms []
2026-01-17 14:36:35.306 [info] Latency measurements for local backend
window<->ptyhost (message port): 0.30ms
window<->ptyhostservice<->ptyhost: 0.60ms
ptyhostservice<->ptyhost: 0.25ms []
2026-01-17 14:37:10.957 [info] Latency measurements for local backend
window<->ptyhost (message port): 0.30ms
window<->ptyhostservice<->ptyhost: 0.60ms
ptyhostservice<->ptyhost: 0.24ms []
2026-01-17 14:37:44.560 [info] Latency measurements for local backend
window<->ptyhost (message port): 0.20ms
window<->ptyhostservice<->ptyhost: 0.60ms
ptyhostservice<->ptyhost: 0.24ms []
2026-01-17 14:38:18.162 [info] Latency measurements for local backend
window<->ptyhost (message port): 0.30ms
window<->ptyhostservice<->ptyhost: 0.50ms
ptyhostservice<->ptyhost: 0.25ms []
2026-01-17 14:38:51.764 [info] Latency measurements for local backend
window<->ptyhost (message port): 0.20ms
window<->ptyhostservice<->ptyhost: 0.50ms
ptyhostservice<->ptyhost: 0.23ms []
2026-01-17 14:39:25.352 [info] Latency measurements for local backend
window<->ptyhost (message port): 0.20ms
window<->ptyhostservice<->ptyhost: 0.60ms
ptyhostservice<->ptyhost: 0.22ms []
2026-01-17 14:39:58.969 [info] Latency measurements for local backend
window<->ptyhost (message port): 0.30ms
window<->ptyhostservice<->ptyhost: 0.70ms
ptyhostservice<->ptyhost: 0.27ms []
2026-01-17 14:40:32.555 [info] Latency measurements for local backend
window<->ptyhost (message port): 0.30ms
window<->ptyhostservice<->ptyhost: 0.50ms
ptyhostservice<->ptyhost: 0.24ms []
2026-01-17 14:41:06.156 [info] Latency measurements for local backend
window<->ptyhost (message port): 0.20ms
window<->ptyhostservice<->ptyhost: 0.70ms
ptyhostservice<->ptyhost: 0.23ms []
2026-01-17 14:41:42.832 [info] Latency measurements for local backend
window<->ptyhost (message port): 0.10ms
window<->ptyhostservice<->ptyhost: 0.60ms
ptyhostservice<->ptyhost: 0.22ms []
2026-01-17 14:42:16.431 [info] Latency measurements for local backend
window<->ptyhost (message port): 0.20ms
window<->ptyhostservice<->ptyhost: 0.60ms
ptyhostservice<->ptyhost: 0.28ms []
2026-01-17 14:42:50.031 [info] Latency measurements for local backend
window<->ptyhost (message port): 0.20ms
window<->ptyhostservice<->ptyhost: 0.60ms
ptyhostservice<->ptyhost: 0.23ms []
2026-01-17 14:43:23.634 [info] Latency measurements for local backend
window<->ptyhost (message port): 0.80ms
window<->ptyhostservice<->ptyhost: 0.60ms
ptyhostservice<->ptyhost: 0.23ms []
2026-01-17 14:43:57.235 [info] Latency measurements for local backend
window<->ptyhost (message port): 0.30ms
window<->ptyhostservice<->ptyhost: 0.70ms
ptyhostservice<->ptyhost: 0.26ms []
2026-01-17 14:44:30.840 [info] Latency measurements for local backend
window<->ptyhost (message port): 0.20ms
window<->ptyhostservice<->ptyhost: 0.60ms
ptyhostservice<->ptyhost: 0.24ms []
2026-01-17 14:45:04.439 [info] Latency measurements for local backend
window<->ptyhost (message port): 0.30ms
window<->ptyhostservice<->ptyhost: 0.60ms
ptyhostservice<->ptyhost: 0.23ms []
2026-01-17 14:45:38.041 [info] Latency measurements for local backend
window<->ptyhost (message port): 0.30ms
window<->ptyhostservice<->ptyhost: 0.50ms
ptyhostservice<->ptyhost: 0.24ms []
2026-01-17 14:46:11.644 [info] Latency measurements for local backend
window<->ptyhost (message port): 0.30ms
window<->ptyhostservice<->ptyhost: 0.60ms
ptyhostservice<->ptyhost: 0.24ms []
2026-01-17 14:46:45.233 [info] Latency measurements for local backend
window<->ptyhost (message port): 0.20ms
window<->ptyhostservice<->ptyhost: 0.50ms
ptyhostservice<->ptyhost: 0.25ms []
2026-01-17 14:47:18.849 [info] Latency measurements for local backend
window<->ptyhost (message port): 0.40ms
window<->ptyhostservice<->ptyhost: 0.60ms
ptyhostservice<->ptyhost: 0.26ms []
2026-01-17 14:47:52.434 [info] Latency measurements for local backend
window<->ptyhost (message port): 0.40ms
window<->ptyhostservice<->ptyhost: 0.60ms
ptyhostservice<->ptyhost: 0.32ms []
2026-01-17 14:48:26.035 [info] Latency measurements for local backend
window<->ptyhost (message port): 0.20ms
window<->ptyhostservice<->ptyhost: 0.60ms
ptyhostservice<->ptyhost: 0.25ms []
2026-01-17 14:49:02.707 [info] Latency measurements for local backend
window<->ptyhost (message port): 0.20ms
window<->ptyhostservice<->ptyhost: 0.60ms
ptyhostservice<->ptyhost: 0.24ms []
2026-01-17 14:49:36.308 [info] Latency measurements for local backend
window<->ptyhost (message port): 0.20ms
window<->ptyhostservice<->ptyhost: 0.60ms
ptyhostservice<->ptyhost: 0.23ms []
2026-01-17 14:50:09.911 [info] Latency measurements for local backend
window<->ptyhost (message port): 0.30ms
window<->ptyhostservice<->ptyhost: 0.60ms
ptyhostservice<->ptyhost: 0.32ms []
2026-01-17 14:50:43.513 [info] Latency measurements for local backend
window<->ptyhost (message port): 0.20ms
window<->ptyhostservice<->ptyhost: 0.70ms
ptyhostservice<->ptyhost: 0.24ms []
2026-01-17 14:51:17.115 [info] Latency measurements for local backend
window<->ptyhost (message port): 0.30ms
window<->ptyhostservice<->ptyhost: 0.60ms
ptyhostservice<->ptyhost: 0.24ms []
2026-01-17 14:51:50.716 [info] Latency measurements for local backend
window<->ptyhost (message port): 0.30ms
window<->ptyhostservice<->ptyhost: 0.50ms
ptyhostservice<->ptyhost: 0.25ms []
2026-01-17 14:52:24.319 [info] Latency measurements for local backend
window<->ptyhost (message port): 0.20ms
window<->ptyhostservice<->ptyhost: 0.40ms
ptyhostservice<->ptyhost: 0.22ms []
2026-01-17 14:52:58.938 [info] Latency measurements for local backend
window<->ptyhost (message port): 0.20ms
window<->ptyhostservice<->ptyhost: 0.70ms
ptyhostservice<->ptyhost: 0.24ms []
2026-01-17 14:53:32.543 [info] Latency measurements for local backend
window<->ptyhost (message port): 0.20ms
window<->ptyhostservice<->ptyhost: 0.50ms
ptyhostservice<->ptyhost: 0.22ms []
2026-01-17 14:54:06.143 [info] Latency measurements for local backend
window<->ptyhost (message port): 0.30ms
window<->ptyhostservice<->ptyhost: 0.50ms
ptyhostservice<->ptyhost: 0.22ms []
2026-01-17 14:54:39.744 [info] Latency measurements for local backend
window<->ptyhost (message port): 0.30ms
window<->ptyhostservice<->ptyhost: 0.50ms
ptyhostservice<->ptyhost: 0.23ms []
2026-01-17 14:55:13.347 [info] Latency measurements for local backend
window<->ptyhost (message port): 0.30ms
window<->ptyhostservice<->ptyhost: 0.70ms
ptyhostservice<->ptyhost: 0.26ms []
2026-01-17 14:55:46.934 [info] Latency measurements for local backend
window<->ptyhost (message port): 0.10ms
window<->ptyhostservice<->ptyhost: 0.70ms
ptyhostservice<->ptyhost: 0.24ms []
2026-01-17 14:56:20.536 [info] Latency measurements for local backend
window<->ptyhost (message port): 0.20ms
window<->ptyhostservice<->ptyhost: 0.60ms
ptyhostservice<->ptyhost: 0.23ms []
2026-01-17 14:56:54.153 [info] Latency measurements for local backend
window<->ptyhost (message port): 0.20ms
window<->ptyhostservice<->ptyhost: 0.60ms
ptyhostservice<->ptyhost: 0.21ms []
2026-01-17 14:57:27.756 [info] Latency measurements for local backend
window<->ptyhost (message port): 0.10ms
window<->ptyhostservice<->ptyhost: 0.50ms
ptyhostservice<->ptyhost: 0.24ms []
2026-01-17 14:58:01.345 [info] Latency measurements for local backend
window<->ptyhost (message port): 0.30ms
window<->ptyhostservice<->ptyhost: 0.60ms
ptyhostservice<->ptyhost: 0.25ms []
2026-01-17 14:58:34.960 [info] Latency measurements for local backend
window<->ptyhost (message port): 0.30ms
window<->ptyhostservice<->ptyhost: 0.70ms
ptyhostservice<->ptyhost: 0.26ms []
2026-01-17 14:59:08.614 [info] Latency measurements for local backend
window<->ptyhost (message port): 0.20ms
window<->ptyhostservice<->ptyhost: 0.70ms
ptyhostservice<->ptyhost: 0.24ms []
2026-01-17 14:59:42.215 [info] Latency measurements for local backend
window<->ptyhost (message port): 0.10ms
window<->ptyhostservice<->ptyhost: 0.60ms
ptyhostservice<->ptyhost: 0.22ms []
2026-01-17 15:00:15.835 [info] Latency measurements for local backend
window<->ptyhost (message port): 0.20ms
window<->ptyhostservice<->ptyhost: 1.00ms
ptyhostservice<->ptyhost: 0.28ms []
2026-01-17 15:00:49.485 [info] Latency measurements for local backend
window<->ptyhost (message port): 0.30ms
window<->ptyhostservice<->ptyhost: 0.50ms
ptyhostservice<->ptyhost: 0.25ms []
2026-01-17 15:01:23.103 [info] Latency measurements for local backend
window<->ptyhost (message port): 0.20ms
window<->ptyhostservice<->ptyhost: 0.60ms
ptyhostservice<->ptyhost: 0.23ms []
2026-01-17 15:01:56.739 [info] Latency measurements for local backend
window<->ptyhost (message port): 0.20ms
window<->ptyhostservice<->ptyhost: 0.50ms
ptyhostservice<->ptyhost: 0.22ms []
2026-01-17 15:02:30.358 [info] Latency measurements for local backend
window<->ptyhost (message port): 0.30ms
window<->ptyhostservice<->ptyhost: 0.70ms
ptyhostservice<->ptyhost: 0.24ms []
2026-01-17 15:03:04.011 [info] Latency measurements for local backend
window<->ptyhost (message port): 0.30ms
window<->ptyhostservice<->ptyhost: 0.70ms
ptyhostservice<->ptyhost: 0.26ms []
2026-01-17 15:03:37.614 [info] Latency measurements for local backend
window<->ptyhost (message port): 0.30ms
window<->ptyhostservice<->ptyhost: 0.60ms
ptyhostservice<->ptyhost: 0.28ms []
2026-01-17 15:04:11.267 [info] Latency measurements for local backend
window<->ptyhost (message port): 0.20ms
window<->ptyhostservice<->ptyhost: 0.50ms
ptyhostservice<->ptyhost: 0.20ms []
2026-01-17 15:04:44.883 [info] Latency measurements for local backend
window<->ptyhost (message port): 0.20ms
window<->ptyhostservice<->ptyhost: 0.60ms
ptyhostservice<->ptyhost: 0.25ms []
2026-01-17 15:05:18.536 [info] Latency measurements for local backend
window<->ptyhost (message port): 0.20ms
window<->ptyhostservice<->ptyhost: 0.60ms
ptyhostservice<->ptyhost: 0.22ms []
2026-01-17 15:05:52.138 [info] Latency measurements for local backend
window<->ptyhost (message port): 0.30ms
window<->ptyhostservice<->ptyhost: 0.60ms
ptyhostservice<->ptyhost: 0.24ms []
2026-01-17 15:06:25.740 [info] Latency measurements for local backend
window<->ptyhost (message port): 0.30ms
window<->ptyhostservice<->ptyhost: 0.50ms
ptyhostservice<->ptyhost: 0.23ms []
2026-01-17 15:07:02.412 [info] Latency measurements for local backend
window<->ptyhost (message port): 0.30ms
window<->ptyhostservice<->ptyhost: 0.50ms
ptyhostservice<->ptyhost: 0.20ms []
2026-01-17 15:07:36.097 [info] Latency measurements for local backend
window<->ptyhost (message port): 0.20ms
window<->ptyhostservice<->ptyhost: 0.50ms
ptyhostservice<->ptyhost: 0.23ms []
2026-01-17 15:08:09.750 [info] Latency measurements for local backend
window<->ptyhost (message port): 0.20ms
window<->ptyhostservice<->ptyhost: 0.50ms
ptyhostservice<->ptyhost: 0.25ms []
2026-01-17 15:08:43.403 [info] Latency measurements for local backend
window<->ptyhost (message port): 0.30ms
window<->ptyhostservice<->ptyhost: 0.50ms
ptyhostservice<->ptyhost: 0.24ms []
2026-01-17 15:09:17.085 [info] Latency measurements for local backend
window<->ptyhost (message port): 0.20ms
window<->ptyhostservice<->ptyhost: 0.50ms
ptyhostservice<->ptyhost: 0.24ms []
2026-01-17 15:09:50.738 [info] Latency measurements for local backend
window<->ptyhost (message port): 0.20ms
window<->ptyhostservice<->ptyhost: 0.50ms
ptyhostservice<->ptyhost: 0.22ms []
2026-01-17 15:10:24.412 [info] Latency measurements for local backend
window<->ptyhost (message port): 0.30ms
window<->ptyhostservice<->ptyhost: 0.50ms
ptyhostservice<->ptyhost: 0.22ms []
2026-01-17 15:10:58.062 [info] Latency measurements for local backend
window<->ptyhost (message port): 0.30ms
window<->ptyhostservice<->ptyhost: 0.60ms
ptyhostservice<->ptyhost: 0.22ms []
2026-01-17 15:11:31.745 [info] Latency measurements for local backend
window<->ptyhost (message port): 0.40ms
window<->ptyhostservice<->ptyhost: 0.60ms
ptyhostservice<->ptyhost: 0.26ms []
2026-01-17 15:12:05.397 [info] Latency measurements for local backend
window<->ptyhost (message port): 0.20ms
window<->ptyhostservice<->ptyhost: 0.40ms
ptyhostservice<->ptyhost: 0.24ms []
2026-01-17 15:12:42.136 [info] Latency measurements for local backend
window<->ptyhost (message port): 0.30ms
window<->ptyhostservice<->ptyhost: 0.70ms
ptyhostservice<->ptyhost: 0.24ms []
2026-01-17 15:13:15.807 [info] Latency measurements for local backend
window<->ptyhost (message port): 0.40ms
window<->ptyhostservice<->ptyhost: 0.50ms
ptyhostservice<->ptyhost: 0.26ms []
2026-01-17 15:13:49.472 [info] Latency measurements for local backend
window<->ptyhost (message port): 0.30ms
window<->ptyhostservice<->ptyhost: 0.60ms
ptyhostservice<->ptyhost: 0.25ms []
2026-01-17 15:14:23.140 [info] Latency measurements for local backend
window<->ptyhost (message port): 0.30ms
window<->ptyhostservice<->ptyhost: 0.60ms
ptyhostservice<->ptyhost: 0.25ms []
2026-01-17 15:14:56.793 [info] Latency measurements for local backend
window<->ptyhost (message port): 0.30ms
window<->ptyhostservice<->ptyhost: 0.70ms
ptyhostservice<->ptyhost: 0.27ms []
2026-01-17 15:15:30.463 [info] Latency measurements for local backend
window<->ptyhost (message port): 0.20ms
window<->ptyhostservice<->ptyhost: 0.60ms
ptyhostservice<->ptyhost: 0.24ms []
2026-01-17 15:16:04.131 [info] Latency measurements for local backend
window<->ptyhost (message port): 0.30ms
window<->ptyhostservice<->ptyhost: 0.60ms
ptyhostservice<->ptyhost: 0.24ms []
2026-01-17 15:16:37.799 [info] Latency measurements for local backend
window<->ptyhost (message port): 0.20ms
window<->ptyhostservice<->ptyhost: 0.60ms
ptyhostservice<->ptyhost: 0.25ms []
2026-01-17 15:17:11.451 [info] Latency measurements for local backend
window<->ptyhost (message port): 0.20ms
window<->ptyhostservice<->ptyhost: 0.70ms
ptyhostservice<->ptyhost: 0.24ms []
2026-01-17 15:17:45.124 [info] Latency measurements for local backend
window<->ptyhost (message port): 0.20ms
window<->ptyhostservice<->ptyhost: 0.60ms
ptyhostservice<->ptyhost: 0.22ms []
2026-01-17 15:18:18.773 [info] Latency measurements for local backend
window<->ptyhost (message port): 0.20ms
window<->ptyhostservice<->ptyhost: 0.50ms
ptyhostservice<->ptyhost: 0.23ms []
2026-01-17 15:18:52.459 [info] Latency measurements for local backend
window<->ptyhost (message port): 0.50ms
window<->ptyhostservice<->ptyhost: 0.70ms
ptyhostservice<->ptyhost: 0.28ms []
2026-01-17 15:19:26.110 [info] Latency measurements for local backend
window<->ptyhost (message port): 0.30ms
window<->ptyhostservice<->ptyhost: 0.50ms
ptyhostservice<->ptyhost: 0.22ms []
2026-01-17 15:19:59.779 [info] Latency measurements for local backend
window<->ptyhost (message port): 0.30ms
window<->ptyhostservice<->ptyhost: 0.60ms
ptyhostservice<->ptyhost: 0.23ms []
2026-01-17 15:20:33.435 [info] Latency measurements for local backend
window<->ptyhost (message port): 0.10ms
window<->ptyhostservice<->ptyhost: 0.60ms
ptyhostservice<->ptyhost: 0.22ms []
2026-01-17 15:21:07.116 [info] Latency measurements for local backend
window<->ptyhost (message port): 0.20ms
window<->ptyhostservice<->ptyhost: 0.50ms
ptyhostservice<->ptyhost: 0.23ms []
2026-01-17 15:21:40.768 [info] Latency measurements for local backend
window<->ptyhost (message port): 0.30ms
window<->ptyhostservice<->ptyhost: 0.50ms
ptyhostservice<->ptyhost: 0.23ms []
2026-01-17 15:22:14.438 [info] Latency measurements for local backend
window<->ptyhost (message port): 0.20ms
window<->ptyhostservice<->ptyhost: 0.70ms
ptyhostservice<->ptyhost: 0.25ms []
2026-01-17 15:22:48.107 [info] Latency measurements for local backend
window<->ptyhost (message port): 0.40ms
window<->ptyhostservice<->ptyhost: 0.70ms
ptyhostservice<->ptyhost: 0.24ms []
2026-01-17 15:23:21.760 [info] Latency measurements for local backend
window<->ptyhost (message port): 0.30ms
window<->ptyhostservice<->ptyhost: 0.60ms
ptyhostservice<->ptyhost: 0.23ms []
2026-01-17 15:23:55.428 [info] Latency measurements for local backend
window<->ptyhost (message port): 0.30ms
window<->ptyhostservice<->ptyhost: 0.80ms
ptyhostservice<->ptyhost: 0.25ms []
2026-01-17 15:24:29.098 [info] Latency measurements for local backend
window<->ptyhost (message port): 0.90ms
window<->ptyhostservice<->ptyhost: 0.60ms
ptyhostservice<->ptyhost: 0.24ms []
2026-01-17 15:25:02.748 [info] Latency measurements for local backend
window<->ptyhost (message port): 0.30ms
window<->ptyhostservice<->ptyhost: 0.50ms
ptyhostservice<->ptyhost: 0.22ms []
2026-01-17 15:25:36.418 [info] Latency measurements for local backend
window<->ptyhost (message port): 0.20ms
window<->ptyhostservice<->ptyhost: 0.60ms
ptyhostservice<->ptyhost: 0.24ms []
2026-01-17 15:26:10.086 [info] Latency measurements for local backend
window<->ptyhost (message port): 0.30ms
window<->ptyhostservice<->ptyhost: 0.60ms
ptyhostservice<->ptyhost: 0.25ms []
2026-01-17 15:26:43.741 [info] Latency measurements for local backend
window<->ptyhost (message port): 0.20ms
window<->ptyhostservice<->ptyhost: 0.60ms
ptyhostservice<->ptyhost: 0.28ms []
2026-01-17 15:27:17.409 [info] Latency measurements for local backend
window<->ptyhost (message port): 0.20ms
window<->ptyhostservice<->ptyhost: 0.60ms
ptyhostservice<->ptyhost: 0.21ms []
2026-01-17 15:27:51.076 [info] Latency measurements for local backend
window<->ptyhost (message port): 0.30ms
window<->ptyhostservice<->ptyhost: 0.60ms
ptyhostservice<->ptyhost: 0.24ms []
2026-01-17 15:28:24.745 [info] Latency measurements for local backend
window<->ptyhost (message port): 0.30ms
window<->ptyhostservice<->ptyhost: 0.60ms
ptyhostservice<->ptyhost: 0.22ms []
