2026-01-17 10:01:27.648 [info] Reading sessions from keychain...
2026-01-17 10:01:27.648 [info] Getting sessions for all scopes...
2026-01-17 10:01:27.651 [info] Got stored sessions!
2026-01-17 10:01:27.651 [info] Got 1 verified sessions.
2026-01-17 10:01:27.651 [info] Got 1 sessions for ...
2026-01-17 10:01:27.651 [info] Getting sessions for all scopes...
2026-01-17 10:01:27.651 [info] Got 1 sessions for ...
2026-01-17 10:01:27.651 [info] Getting sessions for all scopes...
2026-01-17 10:01:27.651 [info] Got 1 sessions for ...
2026-01-17 10:01:27.651 [info] Getting sessions for all scopes...
2026-01-17 10:01:27.651 [info] Got 1 sessions for ...
2026-01-17 10:01:27.652 [info] Getting sessions for all scopes...
2026-01-17 10:01:27.652 [info] Got 1 sessions for ...
2026-01-17 10:01:27.652 [info] Getting sessions for all scopes...
2026-01-17 10:01:27.652 [info] Got 1 sessions for ...
2026-01-17 10:01:27.652 [info] Getting sessions for all scopes...
2026-01-17 10:01:27.652 [info] Got 1 sessions for ...
2026-01-17 10:01:27.652 [info] Getting sessions for all scopes...
2026-01-17 10:01:27.652 [info] Got 1 sessions for ...
2026-01-17 10:01:27.652 [info] Getting sessions for all scopes...
2026-01-17 10:01:27.652 [info] Got 1 sessions for ...
2026-01-17 10:01:27.652 [info] Getting sessions for all scopes...
2026-01-17 10:01:27.652 [info] Got 1 sessions for ...
2026-01-17 10:01:27.652 [info] Getting sessions for all scopes...
2026-01-17 10:01:27.652 [info] Got 1 sessions for ...
2026-01-17 10:01:27.653 [info] Getting sessions for all scopes...
2026-01-17 10:01:27.653 [info] Got 1 sessions for ...
2026-01-17 10:01:27.653 [info] Getting sessions for all scopes...
2026-01-17 10:01:27.653 [info] Got 1 sessions for ...
2026-01-17 10:01:27.653 [info] Getting sessions for all scopes...
2026-01-17 10:01:27.653 [info] Got 1 sessions for ...
2026-01-17 10:01:27.653 [info] Getting sessions for all scopes...
2026-01-17 10:01:27.653 [info] Got 1 sessions for ...
2026-01-17 10:01:27.653 [info] Getting sessions for all scopes...
2026-01-17 10:01:27.653 [info] Got 1 sessions for ...
2026-01-17 10:01:27.766 [info] Getting sessions for all scopes...
2026-01-17 10:01:27.766 [info] Got 1 sessions for ...
2026-01-17 10:01:28.906 [info] FetcherService: Electron fetch failed with status: 429 
2026-01-17 10:01:29.237 [info] FetcherService: Node fetch failed with status: 429 Too Many Requests
2026-01-17 10:01:29.465 [info] FetcherService: Node http/s failed with status: 429 Too Many Requests
2026-01-17 10:13:40.049 [info] Reading sessions from keychain...
2026-01-17 10:13:40.049 [info] Getting sessions for all scopes...
2026-01-17 10:13:40.074 [info] Got stored sessions!
2026-01-17 10:13:40.074 [info] Got 1 verified sessions.
2026-01-17 10:13:40.074 [info] Got 1 sessions for ...
2026-01-17 10:13:40.074 [info] Getting sessions for all scopes...
2026-01-17 10:13:40.074 [info] Got 1 sessions for ...
2026-01-17 10:13:40.074 [info] Getting sessions for all scopes...
2026-01-17 10:13:40.074 [info] Got 1 sessions for ...
2026-01-17 10:13:40.074 [info] Getting sessions for all scopes...
2026-01-17 10:13:40.074 [info] Got 1 sessions for ...
2026-01-17 10:13:40.074 [info] Getting sessions for all scopes...
2026-01-17 10:13:40.074 [info] Got 1 sessions for ...
2026-01-17 10:13:40.074 [info] Getting sessions for all scopes...
2026-01-17 10:13:40.074 [info] Got 1 sessions for ...
2026-01-17 10:13:40.074 [info] Getting sessions for all scopes...
2026-01-17 10:13:40.074 [info] Got 1 sessions for ...
2026-01-17 10:13:40.074 [info] Getting sessions for all scopes...
2026-01-17 10:13:40.074 [info] Got 1 sessions for ...
2026-01-17 10:13:40.075 [info] Getting sessions for all scopes...
2026-01-17 10:13:40.075 [info] Got 1 sessions for ...
2026-01-17 10:13:40.075 [info] Getting sessions for all scopes...
2026-01-17 10:13:40.075 [info] Got 1 sessions for ...
2026-01-17 10:13:40.075 [info] Getting sessions for all scopes...
2026-01-17 10:13:40.075 [info] Got 1 sessions for ...
2026-01-17 10:13:40.076 [info] Getting sessions for all scopes...
2026-01-17 10:13:40.076 [info] Got 1 sessions for ...
2026-01-17 10:13:40.076 [info] Getting sessions for all scopes...
2026-01-17 10:13:40.076 [info] Got 1 sessions for ...
2026-01-17 10:13:40.076 [info] Getting sessions for all scopes...
2026-01-17 10:13:40.076 [info] Got 1 sessions for ...
2026-01-17 10:13:40.076 [info] Getting sessions for all scopes...
2026-01-17 10:13:40.076 [info] Got 1 sessions for ...
2026-01-17 10:13:40.076 [info] Getting sessions for all scopes...
2026-01-17 10:13:40.076 [info] Got 1 sessions for ...
2026-01-17 10:13:41.354 [info] FetcherService: Electron fetch failed with status: 429 
2026-01-17 10:13:41.615 [info] FetcherService: Node fetch failed with status: 429 Too Many Requests
2026-01-17 10:13:41.869 [info] FetcherService: Node http/s failed with status: 429 Too Many Requests
2026-01-17 10:13:42.789 [info] Reading sessions from keychain...
2026-01-17 10:13:42.789 [info] Getting sessions for all scopes...
2026-01-17 10:13:42.803 [info] Got stored sessions!
2026-01-17 10:13:42.803 [info] Got 1 verified sessions.
2026-01-17 10:13:42.803 [info] Got 1 sessions for ...
2026-01-17 10:13:42.803 [info] Getting sessions for all scopes...
2026-01-17 10:13:42.803 [info] Got 1 sessions for ...
2026-01-17 10:13:42.803 [info] Getting sessions for all scopes...
2026-01-17 10:13:42.803 [info] Got 1 sessions for ...
2026-01-17 10:13:42.803 [info] Getting sessions for all scopes...
2026-01-17 10:13:42.803 [info] Got 1 sessions for ...
2026-01-17 10:13:42.803 [info] Getting sessions for all scopes...
2026-01-17 10:13:42.803 [info] Got 1 sessions for ...
2026-01-17 10:13:42.803 [info] Getting sessions for all scopes...
2026-01-17 10:13:42.803 [info] Got 1 sessions for ...
2026-01-17 10:13:42.803 [info] Getting sessions for all scopes...
2026-01-17 10:13:42.803 [info] Got 1 sessions for ...
2026-01-17 10:13:42.803 [info] Getting sessions for all scopes...
2026-01-17 10:13:42.803 [info] Got 1 sessions for ...
2026-01-17 10:13:42.803 [info] Getting sessions for all scopes...
2026-01-17 10:13:42.803 [info] Got 1 sessions for ...
2026-01-17 10:13:42.841 [info] Getting sessions for all scopes...
2026-01-17 10:13:42.841 [info] Got 1 sessions for ...
2026-01-17 10:13:42.841 [info] Getting sessions for all scopes...
2026-01-17 10:13:42.841 [info] Got 1 sessions for ...
2026-01-17 10:13:42.841 [info] Getting sessions for all scopes...
2026-01-17 10:13:42.841 [info] Got 1 sessions for ...
2026-01-17 10:13:42.841 [info] Getting sessions for all scopes...
2026-01-17 10:13:42.841 [info] Got 1 sessions for ...
2026-01-17 10:13:42.842 [info] Getting sessions for all scopes...
2026-01-17 10:13:42.842 [info] Got 1 sessions for ...
2026-01-17 10:13:42.842 [info] Getting sessions for all scopes...
2026-01-17 10:13:42.842 [info] Got 1 sessions for ...
2026-01-17 10:13:43.902 [info] FetcherService: Electron fetch failed with status: 429 
2026-01-17 10:13:44.153 [info] FetcherService: Node fetch failed with status: 429 Too Many Requests
2026-01-17 10:13:44.399 [info] FetcherService: Node http/s failed with status: 429 Too Many Requests
2026-01-17 10:13:44.766 [info] Getting sessions for all scopes...
2026-01-17 10:13:44.766 [info] Got 1 sessions for ...
2026-01-17 10:26:12.695 [info] Reading sessions from keychain...
2026-01-17 10:26:12.695 [info] Getting sessions for all scopes...
2026-01-17 10:26:12.695 [info] Got stored sessions!
2026-01-17 10:26:12.695 [info] Got 1 verified sessions.
2026-01-17 10:26:12.695 [info] Got 1 sessions for ...
2026-01-17 10:26:12.695 [info] Getting sessions for all scopes...
2026-01-17 10:26:12.695 [info] Got 1 sessions for ...
2026-01-17 10:26:12.695 [info] Getting sessions for all scopes...
2026-01-17 10:26:12.695 [info] Got 1 sessions for ...
2026-01-17 10:26:12.695 [info] Getting sessions for all scopes...
2026-01-17 10:26:12.695 [info] Got 1 sessions for ...
2026-01-17 10:26:12.695 [info] Getting sessions for all scopes...
2026-01-17 10:26:12.695 [info] Got 1 sessions for ...
2026-01-17 10:26:12.695 [info] Getting sessions for all scopes...
2026-01-17 10:26:12.695 [info] Got 1 sessions for ...
2026-01-17 10:26:14.011 [info] FetcherService: Electron fetch failed with status: 429 
2026-01-17 10:26:14.257 [info] FetcherService: Node fetch failed with status: 429 Too Many Requests
2026-01-17 10:26:14.486 [info] FetcherService: Node http/s failed with status: 429 Too Many Requests
2026-01-17 10:26:21.019 [info] Getting sessions for all scopes...
2026-01-17 10:26:21.019 [info] Got 1 sessions for ...
2026-01-17 10:26:21.019 [info] Getting sessions for all scopes...
2026-01-17 10:26:21.019 [info] Got 1 sessions for ...
2026-01-17 10:26:21.019 [info] Getting sessions for all scopes...
2026-01-17 10:26:21.019 [info] Got 1 sessions for ...
2026-01-17 10:26:21.019 [info] Getting sessions for all scopes...
2026-01-17 10:26:21.019 [info] Got 1 sessions for ...
2026-01-17 10:26:21.019 [info] Getting sessions for all scopes...
2026-01-17 10:26:21.019 [info] Got 1 sessions for ...
2026-01-17 10:26:21.020 [info] Getting sessions for all scopes...
2026-01-17 10:26:21.020 [info] Got 1 sessions for ...
2026-01-17 10:26:21.020 [info] Getting sessions for all scopes...
2026-01-17 10:26:21.021 [info] Got 1 sessions for ...
2026-01-17 10:26:21.021 [info] Getting sessions for all scopes...
2026-01-17 10:26:21.021 [info] Got 1 sessions for ...
2026-01-17 10:26:21.021 [info] Getting sessions for all scopes...
2026-01-17 10:26:21.021 [info] Got 1 sessions for ...
2026-01-17 10:26:21.021 [info] Getting sessions for all scopes...
2026-01-17 10:26:21.021 [info] Got 1 sessions for ...
2026-01-17 10:26:37.762 [info] Reading sessions from keychain...
2026-01-17 10:26:37.762 [info] Got stored sessions!
2026-01-17 10:26:37.762 [info] Got 1 verified sessions.
2026-01-17 10:26:37.762 [info] Getting sessions for all scopes...
2026-01-17 10:26:37.762 [info] Got 1 sessions for ...
2026-01-17 10:26:37.762 [info] Getting sessions for all scopes...
2026-01-17 10:26:37.762 [info] Got 1 sessions for ...
2026-01-17 10:26:37.762 [info] Getting sessions for all scopes...
2026-01-17 10:26:37.762 [info] Got 1 sessions for ...
2026-01-17 10:26:37.762 [info] Getting sessions for all scopes...
2026-01-17 10:26:37.762 [info] Got 1 sessions for ...
2026-01-17 10:26:37.762 [info] Getting sessions for all scopes...
2026-01-17 10:26:37.762 [info] Got 1 sessions for ...
2026-01-17 10:26:37.765 [info] Getting sessions for all scopes...
2026-01-17 10:26:37.765 [info] Got 1 sessions for ...
2026-01-17 10:26:38.856 [info] FetcherService: Electron fetch failed with status: 429 
2026-01-17 10:26:39.126 [info] FetcherService: Node fetch failed with status: 429 Too Many Requests
2026-01-17 10:26:39.350 [info] FetcherService: Node http/s failed with status: 429 Too Many Requests
2026-01-17 10:26:41.203 [info] Getting sessions for all scopes...
2026-01-17 10:26:41.203 [info] Got 1 sessions for ...
2026-01-17 10:26:41.203 [info] Getting sessions for all scopes...
2026-01-17 10:26:41.203 [info] Got 1 sessions for ...
2026-01-17 10:26:41.204 [info] Getting sessions for all scopes...
2026-01-17 10:26:41.204 [info] Got 1 sessions for ...
2026-01-17 10:26:41.204 [info] Getting sessions for all scopes...
2026-01-17 10:26:41.204 [info] Got 1 sessions for ...
2026-01-17 10:26:41.204 [info] Getting sessions for all scopes...
2026-01-17 10:26:41.204 [info] Got 1 sessions for ...
2026-01-17 10:26:41.206 [info] Getting sessions for all scopes...
2026-01-17 10:26:41.206 [info] Got 1 sessions for ...
2026-01-17 10:26:41.206 [info] Getting sessions for all scopes...
2026-01-17 10:26:41.206 [info] Got 1 sessions for ...
2026-01-17 10:26:41.206 [info] Getting sessions for all scopes...
2026-01-17 10:26:41.206 [info] Got 1 sessions for ...
2026-01-17 10:26:41.206 [info] Getting sessions for all scopes...
2026-01-17 10:26:41.206 [info] Got 1 sessions for ...
2026-01-17 10:26:41.207 [info] Getting sessions for all scopes...
2026-01-17 10:26:41.207 [info] Got 1 sessions for ...
