2025-12-08 01:17:59 Loading main app package /usr/lib/obsidian/obsidian.asar
2025-12-08 01:17:59 Checking for update using Github
2025-12-08 01:17:59 Success.
2025-12-08 01:17:59 Latest version is 1.10.6
2025-12-08 01:17:59 App is up to date.
2025-12-08 02:17:59 Checking for update using Github
2025-12-08 02:17:59 Success.
2025-12-08 02:17:59 Latest version is 1.10.6
2025-12-08 02:17:59 App is up to date.
2025-12-08 04:11:32 Loading main app package /usr/lib/obsidian/obsidian.asar
2025-12-08 04:11:32 Checking for update using Github
2025-12-08 04:11:32 Success.
2025-12-08 04:11:32 Latest version is 1.10.6
2025-12-08 04:11:32 App is up to date.
2025-12-08 04:18:56 Loading main app package /usr/lib/obsidian/obsidian.asar
2025-12-08 04:18:56 Checking for update using Github
2025-12-08 04:18:56 Success.
2025-12-08 04:18:56 Latest version is 1.10.6
2025-12-08 04:18:56 App is up to date.
2025-12-08 04:22:33 Loading main app package /usr/lib/obsidian/obsidian.asar
2025-12-08 04:22:33 Checking for update using Github
2025-12-08 05:35:32 Loading main app package /usr/lib/obsidian/obsidian.asar
2025-12-08 05:35:32 Checking for update using Github
2025-12-08 05:35:33 Success.
2025-12-08 05:35:33 Latest version is 1.10.6
2025-12-08 05:35:33 App is up to date.
2025-12-08 18:18:19 Loading main app package /usr/lib/obsidian/obsidian.asar
2025-12-08 18:18:19 Checking for update using Github
2025-12-08 18:18:19 Success.
2025-12-08 18:18:19 Latest version is 1.10.6
2025-12-08 18:18:19 App is up to date.
2025-12-08 19:18:19 Checking for update using Github
2025-12-08 19:18:19 Success.
2025-12-08 19:18:19 Latest version is 1.10.6
2025-12-08 19:18:19 App is up to date.
2025-12-08 20:18:19 Checking for update using Github
2025-12-08 20:18:19 Success.
2025-12-08 20:18:19 Latest version is 1.10.6
2025-12-08 20:18:19 App is up to date.
2025-12-08 21:18:19 Checking for update using Github
2025-12-08 21:18:19 Success.
2025-12-08 21:18:19 Latest version is 1.10.6
2025-12-08 21:18:19 App is up to date.
2025-12-08 22:18:19 Checking for update using Github
2025-12-08 22:18:19 Success.
2025-12-08 22:18:19 Latest version is 1.10.6
2025-12-08 22:18:19 App is up to date.
2025-12-09 03:38:34 Loading main app package /usr/lib/obsidian/obsidian.asar
2025-12-09 03:38:34 Checking for update using Github
2025-12-09 03:38:34 Success.
2025-12-09 03:38:34 Latest version is 1.10.6
2025-12-09 03:38:34 App is up to date.
2025-12-09 04:38:34 Checking for update using Github
2025-12-09 04:38:34 Success.
2025-12-09 04:38:34 Latest version is 1.10.6
2025-12-09 04:38:34 App is up to date.
2025-12-09 05:38:34 Checking for update using Github
2025-12-09 05:38:34 Success.
2025-12-09 05:38:34 Latest version is 1.10.6
2025-12-09 05:38:34 App is up to date.
2025-12-09 23:31:42 Loading main app package /usr/lib/obsidian/obsidian.asar
2025-12-09 23:31:42 Checking for update using Github
2025-12-09 23:31:42 Success.
2025-12-09 23:31:42 Latest version is 1.10.6
2025-12-09 23:31:42 App is up to date.
2025-12-10 02:55:25 Loading main app package /usr/lib/obsidian/obsidian.asar
2025-12-10 02:55:25 Checking for update using Github
2025-12-10 02:55:26 Success.
2025-12-10 02:55:26 Latest version is 1.10.6
2025-12-10 02:55:26 App is up to date.
2025-12-10 03:13:52 Loading main app package /usr/lib/obsidian/obsidian.asar
2025-12-10 03:13:52 Checking for update using Github
2025-12-10 03:13:53 Success.
2025-12-10 03:13:53 Latest version is 1.10.6
2025-12-10 03:13:53 App is up to date.
2025-12-10 04:13:52 Checking for update using Github
2025-12-10 04:13:52 Success.
2025-12-10 04:13:52 Latest version is 1.10.6
2025-12-10 04:13:52 App is up to date.
2025-12-10 16:52:49 Loading main app package /usr/lib/obsidian/obsidian.asar
2025-12-10 16:52:49 Checking for update using Github
2025-12-10 16:52:49 Success.
2025-12-10 16:52:49 Latest version is 1.10.6
2025-12-10 16:52:49 App is up to date.
2025-12-10 17:52:49 Checking for update using Github
2025-12-10 17:52:49 Success.
2025-12-10 17:52:49 Latest version is 1.10.6
2025-12-10 17:52:49 App is up to date.
2025-12-10 18:52:49 Checking for update using Github
2025-12-10 18:52:49 Success.
2025-12-10 18:52:49 Latest version is 1.10.6
2025-12-10 18:52:49 App is up to date.
2025-12-10 19:52:49 Checking for update using Github
2025-12-10 19:52:49 Success.
2025-12-10 19:52:49 Latest version is 1.10.6
2025-12-10 19:52:49 App is up to date.
2025-12-10 20:52:49 Checking for update using Github
2025-12-10 20:52:49 Success.
2025-12-10 20:52:49 Latest version is 1.10.6
2025-12-10 20:52:49 App is up to date.
2025-12-10 21:52:49 Checking for update using Github
2025-12-10 21:52:49 Success.
2025-12-10 21:52:49 Latest version is 1.10.6
2025-12-10 21:52:49 App is up to date.
2025-12-10 22:52:49 Checking for update using Github
2025-12-10 22:52:49 Success.
2025-12-10 22:52:49 Latest version is 1.10.6
2025-12-10 22:52:49 App is up to date.
2025-12-10 23:52:49 Checking for update using Github
2025-12-10 23:52:49 Success.
2025-12-10 23:52:49 Latest version is 1.10.6
2025-12-10 23:52:49 App is up to date.
2025-12-11 02:26:25 Loading main app package /usr/lib/obsidian/obsidian.asar
2025-12-11 02:26:25 Checking for update using Github
2025-12-11 02:26:26 Success.
2025-12-11 02:26:26 Latest version is 1.10.6
2025-12-11 02:26:26 App is up to date.
2025-12-11 03:26:25 Checking for update using Github
2025-12-11 03:26:25 Success.
2025-12-11 03:26:25 Latest version is 1.10.6
2025-12-11 03:26:25 App is up to date.
2025-12-11 04:26:25 Checking for update using Github
2025-12-11 04:26:25 Success.
2025-12-11 04:26:25 Latest version is 1.10.6
2025-12-11 04:26:25 App is up to date.
2025-12-11 17:46:08 Loading main app package /usr/lib/obsidian/obsidian.asar
2025-12-11 17:46:08 Checking for update using Github
2025-12-11 17:46:08 Success.
2025-12-11 17:46:08 Latest version is 1.10.6
2025-12-11 17:46:08 App is up to date.
2025-12-11 18:46:08 Checking for update using Github
2025-12-11 18:46:08 Success.
2025-12-11 18:46:08 Latest version is 1.10.6
2025-12-11 18:46:08 App is up to date.
2025-12-11 19:46:08 Checking for update using Github
2025-12-11 19:46:08 Success.
2025-12-11 19:46:08 Latest version is 1.10.6
2025-12-11 19:46:08 App is up to date.
2025-12-11 20:46:08 Checking for update using Github
2025-12-11 20:46:08 Success.
2025-12-11 20:46:08 Latest version is 1.10.6
2025-12-11 20:46:08 App is up to date.
2025-12-11 21:46:08 Checking for update using Github
2025-12-11 21:46:08 Success.
2025-12-11 21:46:08 Latest version is 1.10.6
2025-12-11 21:46:08 App is up to date.
2025-12-11 22:46:08 Checking for update using Github
2025-12-11 22:46:08 Success.
2025-12-11 22:46:08 Latest version is 1.10.6
2025-12-11 22:46:08 App is up to date.
2025-12-11 23:46:08 Checking for update using Github
2025-12-11 23:46:08 Success.
2025-12-11 23:46:08 Latest version is 1.10.6
2025-12-11 23:46:08 App is up to date.
2025-12-13 18:03:19 Loading main app package /usr/lib/obsidian/obsidian.asar
2025-12-13 18:03:19 Checking for update using Github
2025-12-13 18:03:19 Success.
2025-12-13 18:03:19 Latest version is 1.10.6
2025-12-13 18:03:19 App is up to date.
2025-12-13 19:03:19 Checking for update using Github
2025-12-13 19:03:19 Success.
2025-12-13 19:03:19 Latest version is 1.10.6
2025-12-13 19:03:19 App is up to date.
2025-12-13 20:03:19 Checking for update using Github
2025-12-13 20:03:19 Success.
2025-12-13 20:03:19 Latest version is 1.10.6
2025-12-13 20:03:19 App is up to date.
2025-12-13 21:03:19 Checking for update using Github
2025-12-13 21:03:19 Success.
2025-12-13 21:03:19 Latest version is 1.10.6
2025-12-13 21:03:19 App is up to date.
2025-12-13 22:03:19 Checking for update using Github
2025-12-13 22:03:19 Success.
2025-12-13 22:03:19 Latest version is 1.10.6
2025-12-13 22:03:19 App is up to date.
2025-12-14 02:02:37 Checking for update using Github
2025-12-14 02:02:37 Success.
2025-12-14 02:02:37 Latest version is 1.10.6
2025-12-14 02:02:37 App is up to date.
2025-12-14 03:02:38 Checking for update using Github
2025-12-14 03:02:38 Success.
2025-12-14 03:02:38 Latest version is 1.10.6
2025-12-14 03:02:38 App is up to date.
2025-12-14 04:02:38 Checking for update using Github
2025-12-14 04:02:38 Success.
2025-12-14 04:02:38 Latest version is 1.10.6
2025-12-14 04:02:38 App is up to date.
2025-12-14 05:02:38 Checking for update using Github
2025-12-14 05:02:38 Success.
2025-12-14 05:02:38 Latest version is 1.10.6
2025-12-14 05:02:38 App is up to date.
2025-12-14 06:02:38 Checking for update using Github
2025-12-14 06:02:38 Success.
2025-12-14 06:02:38 Latest version is 1.10.6
2025-12-14 06:02:38 App is up to date.
2025-12-14 07:02:38 Checking for update using Github
2025-12-14 07:02:38 Success.
2025-12-14 07:02:38 Latest version is 1.10.6
2025-12-14 07:02:38 App is up to date.
2025-12-14 17:28:15 Loading main app package /usr/lib/obsidian/obsidian.asar
2025-12-14 17:28:15 Checking for update using Github
2025-12-14 17:28:15 Success.
2025-12-14 17:28:15 Latest version is 1.10.6
2025-12-14 17:28:15 App is up to date.
2025-12-14 17:37:51 Loading main app package /usr/lib/obsidian/obsidian.asar
2025-12-14 17:37:51 Checking for update using Github
2025-12-14 17:37:51 Success.
2025-12-14 17:37:51 Latest version is 1.10.6
2025-12-14 17:37:51 App is up to date.
2025-12-14 18:37:51 Checking for update using Github
2025-12-14 18:37:51 Success.
2025-12-14 18:37:51 Latest version is 1.10.6
2025-12-14 18:37:51 App is up to date.
2025-12-14 19:37:51 Checking for update using Github
2025-12-14 19:37:51 Success.
2025-12-14 19:37:51 Latest version is 1.10.6
2025-12-14 19:37:51 App is up to date.
2025-12-14 19:41:58 Loading main app package /usr/lib/obsidian/obsidian.asar
2025-12-14 19:41:58 Checking for update using Github
2025-12-14 20:37:51 Checking for update using Github
2025-12-14 20:37:51 Success.
2025-12-14 20:37:51 Latest version is 1.10.6
2025-12-14 20:37:51 App is up to date.
2025-12-14 21:37:51 Checking for update using Github
2025-12-14 21:37:51 Success.
2025-12-14 21:37:51 Latest version is 1.10.6
2025-12-14 21:37:51 App is up to date.
2025-12-15 18:22:36 Loading main app package /usr/lib/obsidian/obsidian.asar
2025-12-15 18:22:37 Checking for update using Github
2025-12-15 18:22:37 Success.
2025-12-15 18:22:37 Latest version is 1.10.6
2025-12-15 18:22:37 App is up to date.
2025-12-15 19:22:36 Checking for update using Github
2025-12-15 19:22:37 Success.
2025-12-15 19:22:37 Latest version is 1.10.6
2025-12-15 19:22:37 App is up to date.
2025-12-15 20:22:36 Checking for update using Github
2025-12-15 20:22:36 Success.
2025-12-15 20:22:36 Latest version is 1.10.6
2025-12-15 20:22:36 App is up to date.
2025-12-15 23:22:24 Checking for update using Github
2025-12-15 23:22:24 Success.
2025-12-15 23:22:24 Latest version is 1.10.6
2025-12-15 23:22:24 App is up to date.
2025-12-16 00:22:26 Checking for update using Github
2025-12-16 00:22:26 Success.
2025-12-16 00:22:26 Latest version is 1.10.6
2025-12-16 00:22:26 App is up to date.
2025-12-16 01:22:26 Checking for update using Github
2025-12-16 01:22:26 Success.
2025-12-16 01:22:26 Latest version is 1.10.6
2025-12-16 01:22:26 App is up to date.
2025-12-16 02:22:26 Checking for update using Github
2025-12-16 02:22:26 Success.
2025-12-16 02:22:26 Latest version is 1.10.6
2025-12-16 02:22:26 App is up to date.
2025-12-16 03:22:26 Checking for update using Github
2025-12-16 03:22:26 Success.
2025-12-16 03:22:26 Latest version is 1.10.6
2025-12-16 03:22:26 App is up to date.
2025-12-16 04:22:26 Checking for update using Github
2025-12-16 04:22:26 Success.
2025-12-16 04:22:26 Latest version is 1.10.6
2025-12-16 04:22:26 App is up to date.
2025-12-16 05:22:26 Checking for update using Github
2025-12-16 05:22:26 Success.
2025-12-16 05:22:26 Latest version is 1.10.6
2025-12-16 05:22:26 App is up to date.
2025-12-16 06:22:26 Checking for update using Github
2025-12-16 06:22:26 Success.
2025-12-16 06:22:26 Latest version is 1.10.6
2025-12-16 06:22:26 App is up to date.
2025-12-16 07:22:26 Checking for update using Github
2025-12-16 07:22:26 Success.
2025-12-16 07:22:26 Latest version is 1.10.6
2025-12-16 07:22:26 App is up to date.
2025-12-16 17:55:23 Loading main app package /usr/lib/obsidian/obsidian.asar
2025-12-16 17:55:24 Checking for update using Github
2025-12-16 17:55:24 Success.
2025-12-16 17:55:24 Latest version is 1.10.6
2025-12-16 17:55:24 App is up to date.
2025-12-16 18:55:23 Checking for update using Github
2025-12-16 18:55:23 Success.
2025-12-16 18:55:23 Latest version is 1.10.6
2025-12-16 18:55:23 App is up to date.
2025-12-16 19:55:23 Checking for update using Github
2025-12-16 19:55:23 Success.
2025-12-16 19:55:23 Latest version is 1.10.6
2025-12-16 19:55:23 App is up to date.
2025-12-16 20:55:23 Checking for update using Github
2025-12-16 20:55:23 Success.
2025-12-16 20:55:23 Latest version is 1.10.6
2025-12-16 20:55:23 App is up to date.
2025-12-16 21:55:23 Checking for update using Github
2025-12-16 21:55:23 Success.
2025-12-16 21:55:23 Latest version is 1.10.6
2025-12-16 21:55:23 App is up to date.
2025-12-16 22:55:23 Checking for update using Github
2025-12-16 22:55:23 Success.
2025-12-16 22:55:23 Latest version is 1.10.6
2025-12-16 22:55:23 App is up to date.
2025-12-27 22:47:30 Loading main app package /usr/lib/obsidian/obsidian.asar
2025-12-27 22:47:30 Checking for update using Github
2025-12-27 22:47:30 Success.
2025-12-27 22:47:30 Latest version is 1.10.6
2025-12-27 22:47:30 App is up to date.
2025-12-27 23:47:30 Checking for update using Github
2025-12-27 23:47:30 Success.
2025-12-27 23:47:30 Latest version is 1.10.6
2025-12-27 23:47:30 App is up to date.
2025-12-28 00:47:30 Checking for update using Github
2025-12-28 00:47:30 Success.
2025-12-28 00:47:30 Latest version is 1.10.6
2025-12-28 00:47:30 App is up to date.
2025-12-28 01:47:30 Checking for update using Github
2025-12-28 01:47:30 Success.
2025-12-28 01:47:30 Latest version is 1.10.6
2025-12-28 01:47:30 App is up to date.
2025-12-28 02:47:30 Checking for update using Github
2025-12-28 02:47:30 Success.
2025-12-28 02:47:30 Latest version is 1.10.6
2025-12-28 02:47:30 App is up to date.
2025-12-28 03:47:30 Checking for update using Github
2025-12-28 03:47:30 Success.
2025-12-28 03:47:30 Latest version is 1.10.6
2025-12-28 03:47:30 App is up to date.
2026-01-11 08:41:39 Loading main app package /usr/lib/obsidian/obsidian.asar
2026-01-11 08:41:39 Checking for update using Github
2026-01-11 08:41:39 Success.
2026-01-11 08:41:39 Latest version is 1.10.6
2026-01-11 08:41:39 App is up to date.
2026-01-11 08:44:15 Loading main app package /usr/lib/obsidian/obsidian.asar
2026-01-11 08:44:36 Checking for update using Github
2026-01-11 08:44:36 Success.
2026-01-11 08:44:36 Latest version is 1.10.6
2026-01-11 08:44:36 App is up to date.
2026-01-11 08:48:13 Loading main app package /usr/lib/obsidian/obsidian.asar
2026-01-11 08:48:13 Checking for update using Github
2026-01-11 08:48:13 Success.
2026-01-11 08:48:13 Latest version is 1.10.6
2026-01-11 08:48:13 App is up to date.
2026-01-11 08:52:58 Loading main app package /usr/lib/obsidian/obsidian.asar
2026-01-11 08:52:58 Checking for update using Github
2026-01-11 08:52:58 Success.
2026-01-11 08:52:58 Latest version is 1.10.6
2026-01-11 08:52:58 App is up to date.
2026-01-11 08:54:12 Loading main app package /usr/lib/obsidian/obsidian.asar
2026-01-11 08:54:13 Checking for update using Github
2026-01-11 08:54:13 Success.
2026-01-11 08:54:13 Latest version is 1.10.6
2026-01-11 08:54:13 App is up to date.
2026-01-15 18:51:40 Loading main app package /usr/lib/obsidian/obsidian.asar
2026-01-15 18:51:40 Checking for update using Github
2026-01-15 18:51:40 Success.
2026-01-15 18:51:40 Latest version is 1.11.4
2026-01-15 18:51:40 App is up to date.
2026-01-15 19:51:40 Checking for update using Github
2026-01-15 19:51:40 Success.
2026-01-15 19:51:40 Latest version is 1.11.4
2026-01-15 19:51:40 App is up to date.
2026-01-15 20:51:40 Checking for update using Github
2026-01-15 20:51:40 Success.
2026-01-15 20:51:40 Latest version is 1.11.4
2026-01-15 20:51:40 App is up to date.
2026-01-15 21:51:40 Checking for update using Github
2026-01-15 21:51:40 Success.
2026-01-15 21:51:40 Latest version is 1.11.4
2026-01-15 21:51:40 App is up to date.
2026-01-15 22:45:56 Loading main app package /usr/lib/obsidian/obsidian.asar
2026-01-15 22:45:56 Checking for update using Github
2026-01-15 22:46:35 Loading main app package /usr/lib/obsidian/obsidian.asar
2026-01-15 22:46:35 Checking for update using Github
2026-01-15 22:51:40 Checking for update using Github
2026-01-15 22:51:40 Success.
2026-01-15 22:51:40 Latest version is 1.11.4
2026-01-15 22:51:40 App is up to date.
2026-01-15 23:51:40 Checking for update using Github
2026-01-15 23:51:40 Success.
2026-01-15 23:51:40 Latest version is 1.11.4
2026-01-15 23:51:40 App is up to date.
2026-01-19 17:19:25 Loading main app package /usr/lib/obsidian/obsidian.asar
2026-01-19 17:19:26 Checking for update using Github
2026-01-19 17:19:26 Success.
2026-01-19 17:19:26 Latest version is 1.11.4
2026-01-19 17:19:26 App is up to date.
2026-01-19 18:19:25 Checking for update using Github
2026-01-19 18:19:26 Success.
2026-01-19 18:19:26 Latest version is 1.11.4
2026-01-19 18:19:26 App is up to date.
2026-01-19 19:19:26 Checking for update using Github
2026-01-19 19:19:26 Success.
2026-01-19 19:19:26 Latest version is 1.11.4
2026-01-19 19:19:26 App is up to date.
2026-01-19 20:19:26 Checking for update using Github
2026-01-19 20:19:26 Success.
2026-01-19 20:19:26 Latest version is 1.11.4
2026-01-19 20:19:26 App is up to date.
2026-01-19 21:19:26 Checking for update using Github
2026-01-19 21:19:26 Success.
2026-01-19 21:19:26 Latest version is 1.11.4
2026-01-19 21:19:26 App is up to date.
2026-01-19 22:19:26 Checking for update using Github
2026-01-19 22:19:26 Success.
2026-01-19 22:19:26 Latest version is 1.11.4
2026-01-19 22:19:26 App is up to date.
2026-01-19 23:19:26 Checking for update using Github
2026-01-19 23:19:26 Success.
2026-01-19 23:19:26 Latest version is 1.11.4
2026-01-19 23:19:26 App is up to date.
2026-01-20 00:19:26 Checking for update using Github
2026-01-20 00:19:26 Success.
2026-01-20 00:19:26 Latest version is 1.11.4
2026-01-20 00:19:26 App is up to date.
2026-01-20 01:19:26 Checking for update using Github
2026-01-20 01:19:26 Success.
2026-01-20 01:19:26 Latest version is 1.11.4
2026-01-20 01:19:26 App is up to date.
2026-01-20 02:19:26 Checking for update using Github
2026-01-20 02:19:26 Success.
2026-01-20 02:19:26 Latest version is 1.11.4
2026-01-20 02:19:26 App is up to date.
2026-01-20 03:19:26 Checking for update using Github
2026-01-20 03:19:26 Success.
2026-01-20 03:19:26 Latest version is 1.11.4
2026-01-20 03:19:26 App is up to date.
2026-01-20 04:19:26 Checking for update using Github
2026-01-20 04:19:26 Success.
2026-01-20 04:19:26 Latest version is 1.11.4
2026-01-20 04:19:26 App is up to date.
2026-01-20 05:19:26 Checking for update using Github
2026-01-20 05:19:26 Success.
2026-01-20 05:19:26 Latest version is 1.11.4
2026-01-20 05:19:26 App is up to date.
2026-01-20 06:19:26 Checking for update using Github
2026-01-20 06:19:26 Success.
2026-01-20 06:19:26 Latest version is 1.11.4
2026-01-20 06:19:26 App is up to date.
2026-01-21 18:40:33 Loading main app package /usr/lib/obsidian/obsidian.asar
2026-01-21 18:40:34 Checking for update using Github
2026-01-21 18:40:34 Success.
2026-01-21 18:40:34 Latest version is 1.11.5
2026-01-21 18:40:34 Downloading update from https://github.com/obsidianmd/obsidian-releases/releases/download/v1.11.5/obsidian-1.11.5.asar.gz
2026-01-21 18:40:34 Verifying hash & signature. Size= 8771203
2026-01-21 18:40:34 Saving file
2026-01-21 18:40:34 Update complete.
2026-01-21 19:40:33 Checking for update using Github
2026-01-21 19:40:34 Success.
2026-01-21 19:40:34 Latest version is 1.11.5
2026-01-21 19:40:34 An update is already downloaded.
2026-01-21 20:40:34 Checking for update using Github
2026-01-21 20:40:34 Success.
2026-01-21 20:40:34 Latest version is 1.11.5
2026-01-21 20:40:34 An update is already downloaded.
2026-01-21 21:40:34 Checking for update using Github
2026-01-21 21:40:34 Success.
2026-01-21 21:40:34 Latest version is 1.11.5
2026-01-21 21:40:34 An update is already downloaded.
2026-01-23 18:07:50 Loading main app package /usr/lib/obsidian/obsidian.asar
2026-01-23 18:07:50 Checking for update using Github
2026-01-23 18:07:50 Success.
2026-01-23 18:07:50 Latest version is 1.11.5
2026-01-23 18:07:50 App is up to date.
2026-01-23 19:07:50 Checking for update using Github
2026-01-23 19:07:50 Success.
2026-01-23 19:07:50 Latest version is 1.11.5
2026-01-23 19:07:50 App is up to date.
2026-01-23 20:07:50 Checking for update using Github
2026-01-23 20:07:50 Success.
2026-01-23 20:07:50 Latest version is 1.11.5
2026-01-23 20:07:50 App is up to date.
2026-01-23 21:07:50 Checking for update using Github
2026-01-23 21:07:50 Success.
2026-01-23 21:07:50 Latest version is 1.11.5
2026-01-23 21:07:50 App is up to date.
2026-01-24 18:20:02 Loading main app package /usr/lib/obsidian/obsidian.asar
2026-01-24 18:20:02 Checking for update using Github
2026-01-24 18:20:02 Success.
2026-01-24 18:20:02 Latest version is 1.11.5
2026-01-24 18:20:02 App is up to date.
2026-01-24 19:20:02 Checking for update using Github
2026-01-24 19:20:02 Success.
2026-01-24 19:20:02 Latest version is 1.11.5
2026-01-24 19:20:02 App is up to date.
2026-01-24 20:20:02 Checking for update using Github
2026-01-24 20:20:02 Success.
2026-01-24 20:20:02 Latest version is 1.11.5
2026-01-24 20:20:02 App is up to date.
2026-01-26 20:12:58 Loading main app package /usr/lib/obsidian/obsidian.asar
2026-01-26 20:12:59 Checking for update using Github
2026-01-26 20:12:59 Success.
2026-01-26 20:12:59 Latest version is 1.11.5
2026-01-26 20:12:59 App is up to date.
2026-01-26 21:12:59 Checking for update using Github
2026-01-26 21:12:59 Success.
2026-01-26 21:12:59 Latest version is 1.11.5
2026-01-26 21:12:59 App is up to date.
2026-01-26 22:12:59 Checking for update using Github
2026-01-26 22:12:59 Success.
2026-01-26 22:12:59 Latest version is 1.11.5
2026-01-26 22:12:59 App is up to date.
2026-01-26 23:12:59 Checking for update using Github
2026-01-26 23:12:59 Success.
2026-01-26 23:12:59 Latest version is 1.11.5
2026-01-26 23:12:59 App is up to date.
