2026-01-24 13:09:59.410 [info] Reading sessions from keychain...
2026-01-24 13:09:59.410 [info] Getting sessions for all scopes...
2026-01-24 13:09:59.413 [info] Got stored sessions!
2026-01-24 13:09:59.413 [info] Got 1 verified sessions.
2026-01-24 13:09:59.413 [info] Got 1 sessions for ...
2026-01-24 13:09:59.413 [info] Getting sessions for all scopes...
2026-01-24 13:09:59.413 [info] Got 1 sessions for ...
2026-01-24 13:09:59.413 [info] Getting sessions for all scopes...
2026-01-24 13:09:59.413 [info] Got 1 sessions for ...
2026-01-24 13:09:59.413 [info] Getting sessions for all scopes...
2026-01-24 13:09:59.413 [info] Got 1 sessions for ...
2026-01-24 13:09:59.413 [info] Getting sessions for all scopes...
2026-01-24 13:09:59.413 [info] Got 1 sessions for ...
2026-01-24 13:09:59.414 [info] Getting sessions for all scopes...
2026-01-24 13:09:59.414 [info] Got 1 sessions for ...
2026-01-24 13:10:00.650 [info] FetcherService: Electron fetch failed with status: 429 
2026-01-24 13:10:00.940 [info] FetcherService: Node fetch failed with status: 429 Too Many Requests
2026-01-24 13:10:01.164 [info] FetcherService: Node http/s failed with status: 429 Too Many Requests
2026-01-24 13:10:04.116 [info] Getting sessions for all scopes...
2026-01-24 13:10:04.116 [info] Got 1 sessions for ...
2026-01-24 13:10:04.116 [info] Getting sessions for all scopes...
2026-01-24 13:10:04.116 [info] Got 1 sessions for ...
2026-01-24 13:10:04.116 [info] Getting sessions for all scopes...
2026-01-24 13:10:04.116 [info] Got 1 sessions for ...
2026-01-24 13:10:04.116 [info] Getting sessions for all scopes...
2026-01-24 13:10:04.116 [info] Got 1 sessions for ...
2026-01-24 13:10:04.116 [info] Getting sessions for all scopes...
2026-01-24 13:10:04.116 [info] Got 1 sessions for ...
2026-01-24 13:10:04.132 [info] Getting sessions for all scopes...
2026-01-24 13:10:04.132 [info] Got 1 sessions for ...
2026-01-24 13:10:04.133 [info] Getting sessions for all scopes...
2026-01-24 13:10:04.133 [info] Got 1 sessions for ...
2026-01-24 13:10:04.133 [info] Getting sessions for all scopes...
2026-01-24 13:10:04.133 [info] Got 1 sessions for ...
2026-01-24 13:10:04.133 [info] Getting sessions for all scopes...
2026-01-24 13:10:04.133 [info] Got 1 sessions for ...
2026-01-24 13:10:04.133 [info] Getting sessions for all scopes...
2026-01-24 13:10:04.133 [info] Got 1 sessions for ...
